Microchip MPLAB XC8 Compiler V1.33 ()

Linker command line:

--edf=C:\Program Files (x86)\Microchip\xc8\v1.33\dat\en_msgs.txt -cs \
  -h+mq135-demo.sym --cmf=mq135-demo.cmf -z -Q16F877A \
  -oC:\Users\ACER\AppData\Local\Temp\sm68.6 -Mmq135-demo.map -E1 -ver=XC8 \
  -ASTACK=0110h-016fh -pstack=STACK -ACONST=00h-0FFhx32 -ACODE=00h-07FFhx4 \
  -ASTRCODE=00h-01FFFh -AENTRY=00h-0FFhx32 -ASTRING=00h-0FFhx32 \
  -ACOMMON=070h-07Fh -ABANK0=020h-06Fh -ABANK1=0A0h-0EFh \
  -ABANK2=0110h-016Fh -ABANK3=0190h-01EFh \
  -ARAM=020h-06Fh,0A0h-0EFh,0110h-016Fh,0190h-01EFh \
  -AABS1=020h-07Fh,0A0h-0EFh,0110h-016Fh,0190h-01EFh -ASFR0=00h-01Fh \
  -ASFR1=080h-09Fh -ASFR2=0100h-010Fh -ASFR3=0180h-018Fh \
  -preset_vec=00h,intentry,init,end_init -ppowerup=CODE -pcinit=CODE \
  -pfunctab=CODE -ACONFIG=02007h-02007h -pconfig=CONFIG -DCONFIG=2 \
  -AIDLOC=02000h-02003h -pidloc=IDLOC -DIDLOC=2 -AEEDATA=00h-0FFh/02100h \
  -peeprom_data=EEDATA -DEEDATA=2 -DCODE=2 -DSTRCODE=2 -DSTRING=2 -DCONST=2 \
  -DENTRY=2 -k startup.obj mq135-demo.obj 

Object code version is 3.11

Machine type is 16F877A



                Name                               Link     Load   Length Selector   Space Scale
startup.obj     end_init                              0        0        3        0       0
                config                             2007     2007        1     400E       0
mq135-demo.obj  cinit                               7F8      7F8        8      FF0       0
                text35                             1988     1988       11     3310       0
                text34                             19FA     19FA       22     33F4       0
                text33                             1CA7     1CA7       68     394E       0
                text32                             1A62     1A62       2B     34C4       0
                text31                             19D9     19D9       21     33B2       0
                text30                             1F48     1F48       B8     3E90       0
                text29                             12E8     12E8      109     25D0       0
                text28                             19BD     19BD       1C     337A       0
                text27                             19AA     19AA       13     3354       0
                text26                             1215     1215       D3     242A       0
                text25                             1D0F     1D0F       79     3A1E       0
                text24                             1B01     1B01       42     3602       0
                text23                             1B8F     1B8F       5D     371E       0
                text22                             1D88     1D88       8E     3B10       0
                text21                             1AC1     1AC1       40     3582       0
                text20                             1E16     1E16       99     3C2C       0
                text19                             1972     1972        8     32E4       0
                text18                             1EAF     1EAF       99     3D5E       0
                text17                             167B     167B      185     2CF6       0
                text16                             1145     1145       D0     228A       0
                text15                             1523     1523      158     2A46       0
                text14                             1999     1999       11     3332       0
                text13                             1A1C     1A1C       23     3438       0
                text12                             1A8D     1A8D       34     351A       0
                text11                             1C49     1C49       5E     3892       0
                text10                             1B43     1B43       4C     3686       0
                text9                              1A3F     1A3F       23     347E       0
                text8                              13F1     13F1      132     27E2       0
                text7                               805      805       C3     100A       0
                text6                              1BEC     1BEC       5D     37D8       0
                text5                              10F8     10F8       4D     21F0       0
                text4                                 4        4      19C        8       0
                text3                              197A     197A        E     32F4       0
                text2                               8C8      8C8      29F     1190       0
                text1                               1A0      1A0      658      340       0
                maintext                            B67      B67      499     16CE       0
                cstackBANK0                          20       20       4F       20       1
                cstackCOMMON                         70       70        E       70       1
                cstackBANK1                          A0       A0       22       A0       1
                cstackBANK3                         190      190       3F      190       1
                bssBANK1                             C2       C2        2       A0       1
                strings                            1000     1000       F3     2000       0

TOTAL           Name                               Link     Load   Length     Space
        CLASS   STACK          

        CLASS   CONST          

        CLASS   CODE           
                end_init                              0        0        3         0
                cinit                               7F8      7F8        8         0
                text35                             1988     1988       11         0
                text34                             19FA     19FA       22         0
                text33                             1CA7     1CA7       68         0
                text32                             1A62     1A62       2B         0
                text31                             19D9     19D9       21         0
                text30                             1F48     1F48       B8         0
                text29                             12E8     12E8      109         0
                text28                             19BD     19BD       1C         0
                text27                             19AA     19AA       13         0
                text26                             1215     1215       D3         0
                text25                             1D0F     1D0F       79         0
                text24                             1B01     1B01       42         0
                text23                             1B8F     1B8F       5D         0
                text22                             1D88     1D88       8E         0
                text21                             1AC1     1AC1       40         0
                text20                             1E16     1E16       99         0
                text19                             1972     1972        8         0
                text18                             1EAF     1EAF       99         0
                text17                             167B     167B      185         0
                text16                             1145     1145       D0         0
                text15                             1523     1523      158         0
                text14                             1999     1999       11         0
                text13                             1A1C     1A1C       23         0
                text12                             1A8D     1A8D       34         0
                text11                             1C49     1C49       5E         0
                text10                             1B43     1B43       4C         0
                text9                              1A3F     1A3F       23         0
                text8                              13F1     13F1      132         0
                text7                               805      805       C3         0
                text6                              1BEC     1BEC       5D         0
                text5                              10F8     10F8       4D         0
                text4                                 4        4      19C         0
                text3                              197A     197A        E         0
                text2                               8C8      8C8      29F         0
                text1                               1A0      1A0      658         0
                maintext                            B67      B67      499         0

        CLASS   STRCODE        

        CLASS   ENTRY          

        CLASS   STRING         
                strings                            1000     1000       F3         0

        CLASS   COMMON         
                cstackCOMMON                         70       70        E         1

        CLASS   BANK0          
                cstackBANK0                          20       20       4F         1

        CLASS   BANK1          
                cstackBANK1                          A0       A0       22         1
                bssBANK1                             C2       C2        2         1

        CLASS   BANK2          

        CLASS   BANK3          
                cstackBANK3                         190      190       3F         1

        CLASS   RAM            

        CLASS   ABS1           
                abs_s1                               7E       7E        2         1

        CLASS   SFR0           

        CLASS   SFR1           

        CLASS   SFR2           

        CLASS   SFR3           

        CLASS   CONFIG         
                config                             2007     2007        1         0

        CLASS   IDLOC          

        CLASS   EEDATA         



SEGMENTS        Name                           Load    Length   Top    Selector   Space  Class     Delta

                reset_vec                      000000  000003  000003         0       0  CODE        2
                text4                          000004  00019C  0001A0         8       0  CODE        2
                cstackBANK0                    000020  00004F  00006F        20       1  BANK0       1
                cstackCOMMON                   000070  00000E  00007E        70       1  COMMON      1
                cstackBANK1                    0000A0  000024  0000C4        A0       1  BANK1       1
                cstackBANK3                    000190  00003F  0001CF       190       1  BANK3       1
                text1                          0001A0  000658  0007F8       340       0  CODE        2
                cinit                          0007F8  000008  000800       FF0       0  CODE        2
                text7                          000805  0000C3  0008C8      100A       0  CODE        2
                text2                          0008C8  00029F  000B67      1190       0  CODE        2
                maintext                       000B67  000499  001000      16CE       0  CODE        2
                strings                        001000  0000F3  0010F3      2000       0  STRING      2
                text5                          0010F8  00004D  001145      21F0       0  CODE        2
                text16                         001145  0000D0  001215      228A       0  CODE        2
                text26                         001215  0000D3  0012E8      242A       0  CODE        2
                text29                         0012E8  000109  0013F1      25D0       0  CODE        2
                text8                          0013F1  000132  001523      27E2       0  CODE        2
                text15                         001523  000158  00167B      2A46       0  CODE        2
                text17                         00167B  000185  001800      2CF6       0  CODE        2
                text19                         001972  000008  00197A      32E4       0  CODE        2
                text3                          00197A  00000E  001988      32F4       0  CODE        2
                text35                         001988  000011  001999      3310       0  CODE        2
                text14                         001999  000011  0019AA      3332       0  CODE        2
                text27                         0019AA  000013  0019BD      3354       0  CODE        2
                text28                         0019BD  00001C  0019D9      337A       0  CODE        2
                text31                         0019D9  000021  0019FA      33B2       0  CODE        2
                text34                         0019FA  000022  001A1C      33F4       0  CODE        2
                text13                         001A1C  000023  001A3F      3438       0  CODE        2
                text9                          001A3F  000023  001A62      347E       0  CODE        2
                text32                         001A62  00002B  001A8D      34C4       0  CODE        2
                text12                         001A8D  000034  001AC1      351A       0  CODE        2
                text21                         001AC1  000040  001B01      3582       0  CODE        2
                text24                         001B01  000042  001B43      3602       0  CODE        2
                text10                         001B43  00004C  001B8F      3686       0  CODE        2
                text23                         001B8F  00005D  001BEC      371E       0  CODE        2
                text6                          001BEC  00005D  001C49      37D8       0  CODE        2
                text11                         001C49  00005E  001CA7      3892       0  CODE        2
                text33                         001CA7  000068  001D0F      394E       0  CODE        2
                text25                         001D0F  000079  001D88      3A1E       0  CODE        2
                text22                         001D88  00008E  001E16      3B10       0  CODE        2
                text20                         001E16  000099  001EAF      3C2C       0  CODE        2
                text18                         001EAF  000099  001F48      3D5E       0  CODE        2
                text30                         001F48  0000B8  002000      3E90       0  CODE        2
                config                         002007  000001  002008      400E       0  CONFIG      2


UNUSED ADDRESS RANGES

        Name                Unused          Largest block    Delta
        BANK0            006F-006F              1           1
        BANK1            00C4-00EF             2C           1
        BANK2            0110-016F             60           1
        BANK3            01CF-01EF             21           1
        CODE             0003-0003              1           2
                         0800-0804              5
                         10F3-10F7              5
                         1800-1971            172
        CONST            0003-0003              1           2
                         0800-0804              5
                         10F3-10F7              5
                         1800-1971            100
        EEDATA           2100-21FF            100           2
        ENTRY            0003-0003              1           2
                         0800-0804              5
                         10F3-10F7              5
                         1800-1971            100
        IDLOC            2000-2003              4           2
        RAM              006F-006F              1           1
                         00C4-00EF             2C
                         0110-016F             60
                         01CF-01EF             21
        SFR0             0000-001F             20           1
        SFR1             0080-009F             20           1
        SFR2             0100-010F             10           1
        SFR3             0180-018F             10           1
        STACK            0110-016F             60           1
        STRCODE          0003-0003              1           2
                         0800-0804              5
                         10F3-10F7              5
                         1800-1971            172
        STRING           0003-0003              1           2
                         0800-0804              5
                         10F3-10F7              5
                         1800-1971            100

                                  Symbol Table

?___altoft               cstackBANK0  004E
?___awdiv                cstackCOMMON 0077
?___awmod                cstackCOMMON 0070
?___awtoft               cstackCOMMON 0078
?___ftadd                cstackBANK0  0047
?___ftdiv                cstackBANK0  0037
?___ftmul                cstackBANK0  0027
?___ftneg                cstackCOMMON 0070
?___ftpack               cstackCOMMON 0070
?___ftsub                cstackBANK0  0054
?___fttol                cstackBANK0  0040
?___lldiv                cstackCOMMON 0070
?___llmod                cstackCOMMON 0070
?___lltoft               cstackCOMMON 0078
?___wmul                 cstackCOMMON 0070
?__div_to_l_             cstackCOMMON 0070
?__tdiv_to_l_            cstackCOMMON 0070
?_eval_poly              cstackBANK0  0054
?_exp                    cstackBANK0  0068
?_floor                  cstackBANK0  0056
?_frexp                  cstackCOMMON 0070
?_fround                 cstackBANK0  0037
?_ldexp                  cstackBANK0  005E
?_log                    cstackBANK0  005E
?_pow                    cstackBANK1  00A9
?_readADC                cstackCOMMON 0070
?_scale                  cstackBANK0  0037
?_sprintf                cstackBANK0  005A
_ADCON0                  (abs)        001F
_ADCON1                  (abs)        009F
_ADRESH                  (abs)        001E
_ADRESL                  (abs)        009E
_GIE                     (abs)        005F
_GO                      (abs)        00FA
_GO_DONE                 (abs)        00FA
_INTE                    (abs)        005C
_INTEDG                  (abs)        040E
_INTF                    (abs)        0059
_OPTION_REG              (abs)        0081
_PEIE                    (abs)        005E
_PORTB                   (abs)        0006
_PORTD                   (abs)        0008
_RB5                     (abs)        0035
_RB6                     (abs)        0036
_RB7                     (abs)        0037
_TRISA                   (abs)        0085
_TRISB                   (abs)        0086
_TRISC                   (abs)        0087
_TRISD                   (abs)        0088
__CFG_BOREN$ON           (abs)        0000
__CFG_CP$OFF             (abs)        0000
__CFG_CPD$OFF            (abs)        0000
__CFG_FOSC$HS            (abs)        0000
__CFG_LVP$OFF            (abs)        0000
__CFG_PWRTE$OFF          (abs)        0000
__CFG_WDTE$OFF           (abs)        0000
__CFG_WRT$OFF            (abs)        0000
__Habs1                  abs1         0000
__Hbank0                 bank0        0000
__Hbank1                 bank1        0000
__Hbank2                 bank2        0000
__Hbank3                 bank3        0000
__HbssBANK1              bssBANK1     0000
__Hcinit                 cinit        0800
__Hclrtext               clrtext      0000
__Hcode                  code         0000
__Hcommon                common       0000
__Hconfig                config       2008
__HcstackBANK0           cstackBANK0  0000
__HcstackBANK1           cstackBANK1  0000
__HcstackBANK3           cstackBANK3  0000
__HcstackCOMMON          cstackCOMMON 0000
__Heeprom_data           eeprom_data  0000
__Hend_init              end_init     0003
__Hfunctab               functab      0000
__Hidloc                 idloc        0000
__Hinit                  init         0000
__Hintentry              intentry     0000
__Hmaintext              maintext     0000
__Hpowerup               powerup      0000
__Hram                   ram          0000
__Hreset_vec             reset_vec    0000
__Hsfr0                  sfr0         0000
__Hsfr1                  sfr1         0000
__Hsfr2                  sfr2         0000
__Hsfr3                  sfr3         0000
__Hspace_0               (abs)        2008
__Hspace_1               (abs)        01CF
__Hspace_2               (abs)        0000
__Hspace_3               (abs)        0000
__Hstack                 stack        0000
__Hstrings               strings      0000
__Htext                  text         0000
__Labs1                  abs1         0000
__Lbank0                 bank0        0000
__Lbank1                 bank1        0000
__Lbank2                 bank2        0000
__Lbank3                 bank3        0000
__LbssBANK1              bssBANK1     0000
__Lcinit                 cinit        07F8
__Lclrtext               clrtext      0000
__Lcode                  code         0000
__Lcommon                common       0000
__Lconfig                config       2007
__LcstackBANK0           cstackBANK0  0000
__LcstackBANK1           cstackBANK1  0000
__LcstackBANK3           cstackBANK3  0000
__LcstackCOMMON          cstackCOMMON 0000
__Leeprom_data           eeprom_data  0000
__Lend_init              end_init     0000
__Lfunctab               functab      0000
__Lidloc                 idloc        0000
__Linit                  init         0000
__Lintentry              intentry     0000
__Lmaintext              maintext     0000
__Lpowerup               powerup      0000
__Lram                   ram          0000
__Lreset_vec             reset_vec    0000
__Lsfr0                  sfr0         0000
__Lsfr1                  sfr1         0000
__Lsfr2                  sfr2         0000
__Lsfr3                  sfr3         0000
__Lspace_0               (abs)        0000
__Lspace_1               (abs)        0000
__Lspace_2               (abs)        0000
__Lspace_3               (abs)        0000
__Lstack                 stack        0000
__Lstrings               strings      0000
__Ltext                  text         0000
__S0                     (abs)        2008
__S1                     (abs)        01CF
__S2                     (abs)        0000
__S3                     (abs)        0000
___altoft                text24       1B01
___altoft@c              cstackBANK0  004E
___altoft@exp            cstackBANK0  0054
___altoft@sign           cstackBANK0  0055
___awdiv                 text6        1BEC
___awdiv@counter         cstackBANK0  0020
___awdiv@dividend        cstackCOMMON 0079
___awdiv@divisor         cstackCOMMON 0077
___awdiv@quotient        cstackBANK0  0022
___awdiv@sign            cstackBANK0  0021
___awmod                 text5        10F8
___awmod@counter         cstackCOMMON 0075
___awmod@dividend        cstackCOMMON 0072
___awmod@divisor         cstackCOMMON 0070
___awmod@sign            cstackCOMMON 0076
___awtoft                text31       19D9
___awtoft@c              cstackCOMMON 0078
___awtoft@sign           cstackCOMMON 007D
___bmul                  text27       19AA
___bmul@multiplicand     cstackBANK0  0024
___bmul@multiplier       cstackBANK0  0026
___bmul@product          cstackBANK0  0025
___ftadd                 text29       12E8
___ftadd@exp1            cstackBANK0  0053
___ftadd@exp2            cstackBANK0  0052
___ftadd@f1              cstackBANK0  0047
___ftadd@f2              cstackBANK0  004A
___ftadd@sign            cstackBANK0  0051
___ftdiv                 text30       1F48
___ftdiv@cntr            cstackBANK0  0041
___ftdiv@exp             cstackBANK0  0045
___ftdiv@f1              cstackBANK0  003A
___ftdiv@f2              cstackBANK0  0037
___ftdiv@f3              cstackBANK0  0042
___ftdiv@sign            cstackBANK0  0046
___ftge                  text23       1B8F
___ftge@ff1              cstackCOMMON 0070
___ftge@ff2              cstackCOMMON 0073
___ftmul                 text26       1215
___ftmul@cntr            cstackBANK0  0035
___ftmul@exp             cstackBANK0  0031
___ftmul@f1              cstackBANK0  0027
___ftmul@f2              cstackBANK0  002A
___ftmul@f3_as_product   cstackBANK0  0032
___ftmul@sign            cstackBANK0  0036
___ftneg                 text19       1972
___ftneg@f1              cstackCOMMON 0070
___ftpack                text33       1CA7
___ftpack@arg            cstackCOMMON 0070
___ftpack@exp            cstackCOMMON 0073
___ftpack@sign           cstackCOMMON 0074
___ftsub                 text28       19BD
___ftsub@f1              cstackBANK0  0057
___ftsub@f2              cstackBANK0  0054
___fttol                 text22       1D88
___fttol@exp1            cstackBANK0  004D
___fttol@f1              cstackBANK0  0040
___fttol@lval            cstackBANK0  0049
___fttol@sign1           cstackBANK0  0048
___int_sp                stack        0000
___latbits               (abs)        0002
___lldiv                 text11       1C49
___lldiv@counter         cstackCOMMON 007D
___lldiv@dividend        cstackCOMMON 0074
___lldiv@divisor         cstackCOMMON 0070
___lldiv@quotient        cstackCOMMON 0079
___llmod                 text10       1B43
___llmod@counter         cstackCOMMON 0079
___llmod@dividend        cstackCOMMON 0074
___llmod@divisor         cstackCOMMON 0070
___lltoft                text32       1A62
___lltoft@c              cstackCOMMON 0078
___lltoft@exp            cstackCOMMON 007D
___sp                    stack        0000
___wmul                  text9        1A3F
___wmul@multiplicand     cstackCOMMON 0072
___wmul@multiplier       cstackCOMMON 0070
___wmul@product          cstackCOMMON 0074
__div_to_l_              text8        13F1
__div_to_l_@cntr         cstackBANK0  0024
__div_to_l_@exp1         cstackBANK0  0025
__div_to_l_@f1           cstackCOMMON 0070
__div_to_l_@f2           cstackCOMMON 0073
__div_to_l_@quot         cstackBANK0  0020
__end_of___altoft        text24       1B43
__end_of___awdiv         text6        1C49
__end_of___awmod         text5        1145
__end_of___awtoft        text31       19FA
__end_of___bmul          text27       19BD
__end_of___ftadd         text29       13F1
__end_of___ftdiv         text30       2000
__end_of___ftge          text23       1BEC
__end_of___ftmul         text26       12E8
__end_of___ftneg         text19       197A
__end_of___ftpack        text33       1D0F
__end_of___ftsub         text28       19D9
__end_of___fttol         text22       1E16
__end_of___lldiv         text11       1CA7
__end_of___llmod         text10       1B8F
__end_of___lltoft        text32       1A8D
__end_of___wmul          text9        1A62
__end_of__div_to_l_      text8        1523
__end_of__initialization cinit        07FC
__end_of__npowers_       strings      105F
__end_of__powers_        strings      1086
__end_of__stringdata     strings      10F3
__end_of__stringtab      strings      1010
__end_of__tdiv_to_l_     text7        08C8
__end_of_dataCTRL        text14       19AA
__end_of_dpowers         strings      1038
__end_of_eval_poly       text25       1D88
__end_of_exp             text17       1800
__end_of_floor           text20       1EAF
__end_of_frexp           text21       1B01
__end_of_fround          text4        01A0
__end_of_initLCD         text34       1A1C
__end_of_instCTRL        text35       1999
__end_of_isdigit         text3        1988
__end_of_ldexp           text18       1F48
__end_of_log             text16       1215
__end_of_main            maintext     1000
__end_of_pow             text15       167B
__end_of_printToLCD      text13       1A3F
__end_of_readADC         text12       1AC1
__end_of_scale           text2        0B67
__end_of_sprintf         text1        07F8
__end_ofexp@coeff        strings      10A4
__end_oflog@coeff        strings      10BF
__initialization         cinit        07F8
__npowers_               strings      1038
__pbssBANK1              bssBANK1     00C2
__pcstackBANK0           cstackBANK0  0020
__pcstackBANK1           cstackBANK1  00A0
__pcstackBANK3           cstackBANK3  0190
__pcstackCOMMON          cstackCOMMON 0070
__pmaintext              maintext     0B67
__powers_                strings      105F
__pstrings               strings      1000
__ptext1                 text1        01A0
__ptext10                text10       1B43
__ptext11                text11       1C49
__ptext12                text12       1A8D
__ptext13                text13       1A1C
__ptext14                text14       1999
__ptext15                text15       1523
__ptext16                text16       1145
__ptext17                text17       167B
__ptext18                text18       1EAF
__ptext19                text19       1972
__ptext2                 text2        08C8
__ptext20                text20       1E16
__ptext21                text21       1AC1
__ptext22                text22       1D88
__ptext23                text23       1B8F
__ptext24                text24       1B01
__ptext25                text25       1D0F
__ptext26                text26       1215
__ptext27                text27       19AA
__ptext28                text28       19BD
__ptext29                text29       12E8
__ptext3                 text3        197A
__ptext30                text30       1F48
__ptext31                text31       19D9
__ptext32                text32       1A62
__ptext33                text33       1CA7
__ptext34                text34       19FA
__ptext35                text35       1988
__ptext4                 text4        0004
__ptext5                 text5        10F8
__ptext6                 text6        1BEC
__ptext7                 text7        0805
__ptext8                 text8        13F1
__ptext9                 text9        1A3F
__size_of___altoft       (abs)        0000
__size_of___awdiv        (abs)        0000
__size_of___awmod        (abs)        0000
__size_of___awtoft       (abs)        0000
__size_of___bmul         (abs)        0000
__size_of___ftadd        (abs)        0000
__size_of___ftdiv        (abs)        0000
__size_of___ftge         (abs)        0000
__size_of___ftmul        (abs)        0000
__size_of___ftneg        (abs)        0000
__size_of___ftpack       (abs)        0000
__size_of___ftsub        (abs)        0000
__size_of___fttol        (abs)        0000
__size_of___lldiv        (abs)        0000
__size_of___llmod        (abs)        0000
__size_of___lltoft       (abs)        0000
__size_of___wmul         (abs)        0000
__size_of__div_to_l_     (abs)        0000
__size_of__tdiv_to_l_    (abs)        0000
__size_of_dataCTRL       (abs)        0000
__size_of_eval_poly      (abs)        0000
__size_of_exp            (abs)        0000
__size_of_floor          (abs)        0000
__size_of_frexp          (abs)        0000
__size_of_fround         (abs)        0000
__size_of_initLCD        (abs)        0000
__size_of_instCTRL       (abs)        0000
__size_of_isdigit        (abs)        0000
__size_of_ldexp          (abs)        0000
__size_of_log            (abs)        0000
__size_of_main           (abs)        0000
__size_of_pow            (abs)        0000
__size_of_printToLCD     (abs)        0000
__size_of_readADC        (abs)        0000
__size_of_scale          (abs)        0000
__size_of_sprintf        (abs)        0000
__stringbase             strings      100F
__stringdata             strings      10BF
__stringtab              strings      1000
__tdiv_to_l_             text7        0805
__tdiv_to_l_@cntr        cstackBANK0  0024
__tdiv_to_l_@exp1        cstackBANK0  0025
__tdiv_to_l_@f1          cstackCOMMON 0070
__tdiv_to_l_@f2          cstackCOMMON 0073
__tdiv_to_l_@quot        cstackBANK0  0020
_dataCTRL                text14       1999
_dpowers                 strings      1010
_errno                   bssBANK1     00C2
_eval_poly               text25       1D0F
_exp                     text17       167B
_exp$438                 cstackBANK1  00A3
_exp$669                 cstackBANK1  00A0
_floor                   text20       1E16
_frexp                   text21       1AC1
_fround                  text4        0004
_fround$663              cstackBANK0  0043
_fround$664              cstackBANK0  0040
_initLCD                 text34       19FA
_instCTRL                text35       1988
_isdigit                 text3        197A
_isdigit$344             cstackCOMMON 0070
_ldexp                   text18       1EAF
_ldexp$475               cstackBANK0  0065
_log                     text16       1145
_main                    maintext     0B67
_main$652                cstackBANK3  01A3
_main$653                cstackBANK3  01C6
_main$654                cstackBANK3  01A6
_main$655                cstackBANK3  01A9
_main$656                cstackBANK3  01AC
_main$657                cstackBANK3  01AF
_main$658                cstackBANK3  01B2
_main$659                cstackBANK3  01B5
_main$660                cstackBANK3  01B8
_main$661                cstackBANK3  01BB
_main$662                cstackBANK3  01BE
_pow                     text15       1523
_pow$667                 cstackBANK1  00AF
_pow$668                 cstackBANK1  00B2
_printToLCD              text13       1A1C
_readADC                 text12       1A8D
_scale                   text2        08C8
_scale$665               cstackBANK0  003C
_sprintf                 text1        01A0
_sprintf$144             cstackBANK1  00A3
_sprintf$666             cstackBANK1  00A0
btemp                    (abs)        007E
dataCTRL@DAT             cstackCOMMON 0071
end_of_initialization    cinit        07FC
eval_poly@d              cstackBANK0  0057
eval_poly@n              cstackBANK0  0058
eval_poly@res            cstackBANK0  005B
eval_poly@x              cstackBANK0  0054
exp@coeff                strings      1086
exp@exponent             cstackBANK1  00A6
exp@sign                 cstackBANK1  00A8
exp@x                    cstackBANK0  0068
floor@expon              cstackBANK0  005D
floor@i                  cstackBANK0  005A
floor@x                  cstackBANK0  0056
frexp@eptr               cstackCOMMON 0073
frexp@value              cstackCOMMON 0070
fround@prec              cstackBANK0  0046
instCTRL@CMD             cstackCOMMON 0071
intlevel0                functab      0000
intlevel1                functab      0000
intlevel2                functab      0000
intlevel3                functab      0000
intlevel4                functab      0000
intlevel5                functab      0000
isdigit@c                cstackCOMMON 0071
ldexp@newexp             cstackBANK0  0061
ldexp@value              cstackBANK0  005E
log@coeff                strings      10A4
log@exponent             cstackBANK0  0062
log@x                    cstackBANK0  005E
ltemp                    (abs)        007E
ltemp0                   (abs)        007E
ltemp1                   (abs)        0082
ltemp2                   (abs)        0086
ltemp3                   (abs)        0080
main@adcValue            cstackBANK3  01C1
main@buffer              cstackBANK3  0193
main@co2                 cstackBANK3  01C9
main@ppm                 cstackBANK3  0190
main@ratio               cstackBANK3  01CC
main@voltage             cstackBANK3  01C3
pow@sign                 cstackBANK1  00B5
pow@x                    cstackBANK1  00A9
pow@y                    cstackBANK1  00AC
pow@yi                   cstackBANK1  00B6
printToLCD@STR           cstackCOMMON 0072
readADC@temp             cstackCOMMON 0074
reset_vec                reset_vec    0000
scale@scl                cstackBANK0  003F
sprintf@_val             cstackBANK1  00B5
sprintf@ap               cstackBANK1  00A7
sprintf@c                cstackBANK1  00C1
sprintf@exp              cstackBANK1  00B9
sprintf@f                cstackBANK0  005A
sprintf@flag             cstackBANK1  00B0
sprintf@fval             cstackBANK1  00BE
sprintf@integ            cstackBANK1  00B2
sprintf@prec             cstackBANK1  00BC
sprintf@sp               cstackBANK1  00BB
sprintf@vd               cstackBANK1  00A8
sprintf@vd_146           cstackBANK1  00AC
stackhi                  (abs)        0000
stacklo                  (abs)        0000
start                    init         0000
start_initialization     cinit        07F8
ttemp                    (abs)        007E
ttemp0                   (abs)        007E
ttemp1                   (abs)        0081
ttemp2                   (abs)        0084
ttemp3                   (abs)        0087
ttemp4                   (abs)        007F
wtemp                    (abs)        007E
wtemp0                   (abs)        007E
wtemp1                   (abs)        0080
wtemp2                   (abs)        0082
wtemp3                   (abs)        0084
wtemp4                   (abs)        0086
wtemp5                   (abs)        0088
wtemp6                   (abs)        007F


FUNCTION INFORMATION:

 *************** function _main *****************
 Defined at:
		line 36 in file "D:\uni_2023-2024\cpe3201\embedded-systems\FinalProject\mplab\MQ135_Demo\main.c"
 Parameters:    Size  Location     Type
		None
 Auto vars:     Size  Location     Type
  buffer         16    3[BANK3 ] unsigned char [16]
  ratio           3   60[BANK3 ] float 
  co2             3   57[BANK3 ] float 
  voltage         3   51[BANK3 ] float 
  ppm             3    0[BANK3 ] float 
  adcValue        2   49[BANK3 ] int 
 Return value:  Size  Location     Type
		None               void
 Registers used:
		wreg, fsr0l, fsr0h, status,2, status,0, btemp+1, pclath, cstack
 Tracked objects:
		On entry : 
		On exit  : 
		Unchanged: 
 Data sizes:     COMMON   BANK0   BANK1   BANK3   BANK2
      Params:         0       0       0       0       0
      Locals:         0       0       0      63       0
      Temps:          0       2       0       0       0
      Totals:         0       2       0      63       0
Total ram usage:       65 bytes
 Hardware stack levels required when called:    5
 This function calls:
		___awtoft
		___ftadd
		___ftdiv
		___ftge
		___ftmul
		_initLCD
		_instCTRL
		_pow
		_printToLCD
		_readADC
		_sprintf
 This function is called by:
		Startup code after reset
 This function uses a non-reentrant model


 *************** function _sprintf *****************
 Defined at:
		line 492 in file "C:\Program Files (x86)\Microchip\xc8\v1.33\sources\common\doprnt.c"
 Parameters:    Size  Location     Type
  sp              1    wreg     PTR unsigned char 
		 -> main@buffer(16), 
  f               1   58[BANK0 ] PTR const unsigned char 
		 -> STR_1(16), 
 Auto vars:     Size  Location     Type
  sp              1   27[BANK1 ] PTR unsigned char 
		 -> main@buffer(16), 
  vd              4    8[BANK1 ] unsigned long 
  vd              4   12[BANK1 ] unsigned long 
  _val            4   21[BANK1 ] struct .
  fval            3   30[BANK1 ] struct .
  integ           3   18[BANK1 ] struct .
  ival            3    0        struct .
  prec            2   28[BANK1 ] int 
  exp             2   25[BANK1 ] int 
  flag            2   16[BANK1 ] unsigned short 
  width           2    0        int 
  c               1   33[BANK1 ] char 
  ap              1    7[BANK1 ] PTR void [1]
		 -> ?_sprintf(2), 
  d               1    0        unsigned char 
 Return value:  Size  Location     Type
                  2   58[BANK0 ] int 
 Registers used:
		wreg, fsr0l, fsr0h, status,2, status,0, btemp+1, pclath, cstack
 Tracked objects:
		On entry : 
		On exit  : 
		Unchanged: 
 Data sizes:     COMMON   BANK0   BANK1   BANK3   BANK2
      Params:         0       4       0       0       0
      Locals:         0       0      34       0       0
      Temps:          0       6       0       0       0
      Totals:         0      10      34       0       0
Total ram usage:       44 bytes
 Hardware stack levels used:    1
 Hardware stack levels required when called:    3
 This function calls:
		___awdiv
		___ftadd
		___ftge
		___ftmul
		___ftneg
		___ftsub
		___fttol
		___lldiv
		___llmod
		___lltoft
		___wmul
		__div_to_l_
		__tdiv_to_l_
		_fround
		_isdigit
		_scale
 This function is called by:
		_main
 This function uses a non-reentrant model


 *************** function _scale *****************
 Defined at:
		line 425 in file "C:\Program Files (x86)\Microchip\xc8\v1.33\sources\common\doprnt.c"
 Parameters:    Size  Location     Type
  scl             1    wreg     char 
 Auto vars:     Size  Location     Type
  scl             1   31[BANK0 ] char 
 Return value:  Size  Location     Type
                  3   23[BANK0 ] char 
 Registers used:
		wreg, fsr0l, fsr0h, status,2, status,0, pclath, cstack
 Tracked objects:
		On entry : 
		On exit  : 
		Unchanged: 
 Data sizes:     COMMON   BANK0   BANK1   BANK3   BANK2
      Params:         0       3       0       0       0
      Locals:         0       4       0       0       0
      Temps:          0       2       0       0       0
      Totals:         0       9       0       0       0
Total ram usage:        9 bytes
 Hardware stack levels used:    1
 Hardware stack levels required when called:    2
 This function calls:
		___awdiv
		___awmod
		___bmul
		___ftmul
 This function is called by:
		_sprintf
 This function uses a non-reentrant model


 *************** function _isdigit *****************
 Defined at:
		line 8 in file "C:\Program Files (x86)\Microchip\xc8\v1.33\sources\common\isdigit.c"
 Parameters:    Size  Location     Type
  c               1    wreg     unsigned char 
 Auto vars:     Size  Location     Type
  c               1    1[COMMON] unsigned char 
 Return value:  Size  Location     Type
		None               void
 Registers used:
		wreg, status,2, status,0
 Tracked objects:
		On entry : 
		On exit  : 
		Unchanged: 
 Data sizes:     COMMON   BANK0   BANK1   BANK3   BANK2
      Params:         0       0       0       0       0
      Locals:         2       0       0       0       0
      Temps:          0       0       0       0       0
      Totals:         2       0       0       0       0
Total ram usage:        2 bytes
 Hardware stack levels used:    1
 This function calls:
		Nothing
 This function is called by:
		_sprintf
 This function uses a non-reentrant model


 *************** function _fround *****************
 Defined at:
		line 409 in file "C:\Program Files (x86)\Microchip\xc8\v1.33\sources\common\doprnt.c"
 Parameters:    Size  Location     Type
  prec            1    wreg     unsigned char 
 Auto vars:     Size  Location     Type
  prec            1   38[BANK0 ] unsigned char 
 Return value:  Size  Location     Type
                  3   23[BANK0 ] unsigned char 
 Registers used:
		wreg, fsr0l, fsr0h, status,2, status,0, pclath, cstack
 Tracked objects:
		On entry : 
		On exit  : 
		Unchanged: 
 Data sizes:     COMMON   BANK0   BANK1   BANK3   BANK2
      Params:         0       3       0       0       0
      Locals:         0       7       0       0       0
      Temps:          0       6       0       0       0
      Totals:         0      16       0       0       0
Total ram usage:       16 bytes
 Hardware stack levels used:    1
 Hardware stack levels required when called:    2
 This function calls:
		___awdiv
		___awmod
		___bmul
		___ftmul
 This function is called by:
		_sprintf
 This function uses a non-reentrant model


 *************** function ___awmod *****************
 Defined at:
		line 6 in file "C:\Program Files (x86)\Microchip\xc8\v1.33\sources\common\awmod.c"
 Parameters:    Size  Location     Type
  divisor         2    0[COMMON] int 
  dividend        2    2[COMMON] int 
 Auto vars:     Size  Location     Type
  sign            1    6[COMMON] unsigned char 
  counter         1    5[COMMON] unsigned char 
 Return value:  Size  Location     Type
                  2    0[COMMON] int 
 Registers used:
		wreg, status,2, status,0
 Tracked objects:
		On entry : 
		On exit  : 
		Unchanged: 
 Data sizes:     COMMON   BANK0   BANK1   BANK3   BANK2
      Params:         4       0       0       0       0
      Locals:         2       0       0       0       0
      Temps:          1       0       0       0       0
      Totals:         7       0       0       0       0
Total ram usage:        7 bytes
 Hardware stack levels used:    1
 This function calls:
		Nothing
 This function is called by:
		_fround
		_scale
 This function uses a non-reentrant model


 *************** function ___awdiv *****************
 Defined at:
		line 6 in file "C:\Program Files (x86)\Microchip\xc8\v1.33\sources\common\awdiv.c"
 Parameters:    Size  Location     Type
  divisor         2    7[COMMON] int 
  dividend        2    9[COMMON] int 
 Auto vars:     Size  Location     Type
  quotient        2    2[BANK0 ] int 
  sign            1    1[BANK0 ] unsigned char 
  counter         1    0[BANK0 ] unsigned char 
 Return value:  Size  Location     Type
                  2    7[COMMON] int 
 Registers used:
		wreg, status,2, status,0
 Tracked objects:
		On entry : 
		On exit  : 
		Unchanged: 
 Data sizes:     COMMON   BANK0   BANK1   BANK3   BANK2
      Params:         4       0       0       0       0
      Locals:         0       4       0       0       0
      Temps:          1       0       0       0       0
      Totals:         5       4       0       0       0
Total ram usage:        9 bytes
 Hardware stack levels used:    1
 This function calls:
		Nothing
 This function is called by:
		_fround
		_scale
		_sprintf
 This function uses a non-reentrant model


 *************** function __tdiv_to_l_ *****************
 Defined at:
		line 60 in file "C:\Program Files (x86)\Microchip\xc8\v1.33\sources\common\ftdivl.c"
 Parameters:    Size  Location     Type
  f1              3    0[COMMON] float 
  f2              3    3[COMMON] float 
 Auto vars:     Size  Location     Type
  quot            4    0[BANK0 ] unsigned long 
  exp1            1    5[BANK0 ] unsigned char 
  cntr            1    4[BANK0 ] unsigned char 
 Return value:  Size  Location     Type
                  4    0[COMMON] unsigned long 
 Registers used:
		wreg, status,2, status,0
 Tracked objects:
		On entry : 
		On exit  : 
		Unchanged: 
 Data sizes:     COMMON   BANK0   BANK1   BANK3   BANK2
      Params:         6       0       0       0       0
      Locals:         0       6       0       0       0
      Temps:          4       0       0       0       0
      Totals:        10       6       0       0       0
Total ram usage:       16 bytes
 Hardware stack levels used:    1
 This function calls:
		Nothing
 This function is called by:
		_sprintf
 This function uses a non-reentrant model


 *************** function __div_to_l_ *****************
 Defined at:
		line 60 in file "C:\Program Files (x86)\Microchip\xc8\v1.33\sources\common\fldivl.c"
 Parameters:    Size  Location     Type
  f1              3    0[COMMON] unsigned long 
  f2              3    3[COMMON] unsigned long 
 Auto vars:     Size  Location     Type
  quot            4    0[BANK0 ] unsigned long 
  exp1            1    5[BANK0 ] unsigned char 
  cntr            1    4[BANK0 ] unsigned char 
 Return value:  Size  Location     Type
                  4    0[COMMON] unsigned long 
 Registers used:
		wreg, fsr0l, fsr0h, status,2, status,0
 Tracked objects:
		On entry : 
		On exit  : 
		Unchanged: 
 Data sizes:     COMMON   BANK0   BANK1   BANK3   BANK2
      Params:         6       0       0       0       0
      Locals:         0       6       0       0       0
      Temps:          8       0       0       0       0
      Totals:        14       6       0       0       0
Total ram usage:       20 bytes
 Hardware stack levels used:    1
 This function calls:
		Nothing
 This function is called by:
		_sprintf
 This function uses a non-reentrant model


 *************** function ___wmul *****************
 Defined at:
		line 15 in file "C:\Program Files (x86)\Microchip\xc8\v1.33\sources\common\Umul16.c"
 Parameters:    Size  Location     Type
  multiplier      2    0[COMMON] unsigned int 
  multiplicand    2    2[COMMON] unsigned int 
 Auto vars:     Size  Location     Type
  product         2    4[COMMON] unsigned int 
 Return value:  Size  Location     Type
                  2    0[COMMON] unsigned int 
 Registers used:
		wreg, status,2, status,0
 Tracked objects:
		On entry : 
		On exit  : 
		Unchanged: 
 Data sizes:     COMMON   BANK0   BANK1   BANK3   BANK2
      Params:         4       0       0       0       0
      Locals:         2       0       0       0       0
      Temps:          0       0       0       0       0
      Totals:         6       0       0       0       0
Total ram usage:        6 bytes
 Hardware stack levels used:    1
 This function calls:
		Nothing
 This function is called by:
		_sprintf
 This function uses a non-reentrant model


 *************** function ___llmod *****************
 Defined at:
		line 6 in file "C:\Program Files (x86)\Microchip\xc8\v1.33\sources\common\llmod.c"
 Parameters:    Size  Location     Type
  divisor         4    0[COMMON] unsigned long 
  dividend        4    4[COMMON] unsigned long 
 Auto vars:     Size  Location     Type
  counter         1    9[COMMON] unsigned char 
 Return value:  Size  Location     Type
                  4    0[COMMON] unsigned long 
 Registers used:
		wreg, status,2, status,0
 Tracked objects:
		On entry : 
		On exit  : 
		Unchanged: 
 Data sizes:     COMMON   BANK0   BANK1   BANK3   BANK2
      Params:         8       0       0       0       0
      Locals:         1       0       0       0       0
      Temps:          1       0       0       0       0
      Totals:        10       0       0       0       0
Total ram usage:       10 bytes
 Hardware stack levels used:    1
 This function calls:
		Nothing
 This function is called by:
		_sprintf
 This function uses a non-reentrant model


 *************** function ___lldiv *****************
 Defined at:
		line 6 in file "C:\Program Files (x86)\Microchip\xc8\v1.33\sources\common\lldiv.c"
 Parameters:    Size  Location     Type
  divisor         4    0[COMMON] unsigned long 
  dividend        4    4[COMMON] unsigned long 
 Auto vars:     Size  Location     Type
  quotient        4    9[COMMON] unsigned long 
  counter         1   13[COMMON] unsigned char 
 Return value:  Size  Location     Type
                  4    0[COMMON] unsigned long 
 Registers used:
		wreg, status,2, status,0
 Tracked objects:
		On entry : 
		On exit  : 
		Unchanged: 
 Data sizes:     COMMON   BANK0   BANK1   BANK3   BANK2
      Params:         8       0       0       0       0
      Locals:         5       0       0       0       0
      Temps:          1       0       0       0       0
      Totals:        14       0       0       0       0
Total ram usage:       14 bytes
 Hardware stack levels used:    1
 This function calls:
		Nothing
 This function is called by:
		_sprintf
 This function uses a non-reentrant model


 *************** function _readADC *****************
 Defined at:
		line 81 in file "D:\uni_2023-2024\cpe3201\embedded-systems\FinalProject\mplab\MQ135_Demo\main.c"
 Parameters:    Size  Location     Type
		None
 Auto vars:     Size  Location     Type
  temp            2    4[COMMON] int 
 Return value:  Size  Location     Type
                  2    0[COMMON] int 
 Registers used:
		wreg, status,2, status,0, btemp+1
 Tracked objects:
		On entry : 
		On exit  : 
		Unchanged: 
 Data sizes:     COMMON   BANK0   BANK1   BANK3   BANK2
      Params:         2       0       0       0       0
      Locals:         2       0       0       0       0
      Temps:          2       0       0       0       0
      Totals:         6       0       0       0       0
Total ram usage:        6 bytes
 Hardware stack levels used:    1
 This function calls:
		Nothing
 This function is called by:
		_main
 This function uses a non-reentrant model


 *************** function _printToLCD *****************
 Defined at:
		line 47 in file "D:\uni_2023-2024\cpe3201\embedded-systems\FinalProject\mplab\MQ135_Demo\lcd_functions.h"
 Parameters:    Size  Location     Type
  STR             2    2[COMMON] PTR const unsigned char 
		 -> STR_3(18), STR_2(18), main@buffer(16), 
 Auto vars:     Size  Location     Type
		None
 Return value:  Size  Location     Type
		None               void
 Registers used:
		wreg, fsr0l, fsr0h, status,2, status,0, btemp+1, pclath, cstack
 Tracked objects:
		On entry : 
		On exit  : 
		Unchanged: 
 Data sizes:     COMMON   BANK0   BANK1   BANK3   BANK2
      Params:         2       0       0       0       0
      Locals:         0       0       0       0       0
      Temps:          0       0       0       0       0
      Totals:         2       0       0       0       0
Total ram usage:        2 bytes
 Hardware stack levels used:    1
 Hardware stack levels required when called:    1
 This function calls:
		_dataCTRL
 This function is called by:
		_main
 This function uses a non-reentrant model


 *************** function _dataCTRL *****************
 Defined at:
		line 27 in file "D:\uni_2023-2024\cpe3201\embedded-systems\FinalProject\mplab\MQ135_Demo\lcd_functions.h"
 Parameters:    Size  Location     Type
  DAT             1    wreg     unsigned char 
 Auto vars:     Size  Location     Type
  DAT             1    1[COMMON] unsigned char 
 Return value:  Size  Location     Type
		None               void
 Registers used:
		wreg
 Tracked objects:
		On entry : 
		On exit  : 
		Unchanged: 
 Data sizes:     COMMON   BANK0   BANK1   BANK3   BANK2
      Params:         0       0       0       0       0
      Locals:         1       0       0       0       0
      Temps:          1       0       0       0       0
      Totals:         2       0       0       0       0
Total ram usage:        2 bytes
 Hardware stack levels used:    1
 This function calls:
		Nothing
 This function is called by:
		_printToLCD
 This function uses a non-reentrant model


 *************** function _pow *****************
 Defined at:
		line 5 in file "C:\Program Files (x86)\Microchip\xc8\v1.33\sources\common\pow.c"
 Parameters:    Size  Location     Type
  x               3    9[BANK1 ] unsigned char 
  y               3   12[BANK1 ] unsigned char 
 Auto vars:     Size  Location     Type
  yi              4   22[BANK1 ] unsigned long 
  sign            1   21[BANK1 ] unsigned char 
 Return value:  Size  Location     Type
                  3    9[BANK1 ] unsigned char 
 Registers used:
		wreg, fsr0l, fsr0h, status,2, status,0, btemp+1, pclath, cstack
 Tracked objects:
		On entry : 
		On exit  : 
		Unchanged: 
 Data sizes:     COMMON   BANK0   BANK1   BANK3   BANK2
      Params:         0       0       6       0       0
      Locals:         0       0      11       0       0
      Temps:          0       1       0       0       0
      Totals:         0       1      17       0       0
Total ram usage:       18 bytes
 Hardware stack levels used:    1
 Hardware stack levels required when called:    4
 This function calls:
		___ftge
		___ftmul
		___ftneg
		___fttol
		___lltoft
		_exp
		_log
 This function is called by:
		_main
 This function uses a non-reentrant model


 *************** function _log *****************
 Defined at:
		line 5 in file "C:\Program Files (x86)\Microchip\xc8\v1.33\sources\common\log.c"
 Parameters:    Size  Location     Type
  x               3   62[BANK0 ] unsigned char 
 Auto vars:     Size  Location     Type
  exponent        2   66[BANK0 ] int 
 Return value:  Size  Location     Type
                  3   62[BANK0 ] int 
 Registers used:
		wreg, fsr0l, fsr0h, status,2, status,0, btemp+1, pclath, cstack
 Tracked objects:
		On entry : 
		On exit  : 
		Unchanged: 
 Data sizes:     COMMON   BANK0   BANK1   BANK3   BANK2
      Params:         0       3       0       0       0
      Locals:         0       2       0       0       0
      Temps:          0       1       0       0       0
      Totals:         0       6       0       0       0
Total ram usage:        6 bytes
 Hardware stack levels used:    1
 Hardware stack levels required when called:    3
 This function calls:
		___awtoft
		___ftadd
		___ftge
		___ftmul
		_eval_poly
		_frexp
 This function is called by:
		_pow
 This function uses a non-reentrant model


 *************** function _exp *****************
 Defined at:
		line 12 in file "C:\Program Files (x86)\Microchip\xc8\v1.33\sources\common\exp.c"
 Parameters:    Size  Location     Type
  x               3   72[BANK0 ] int 
 Auto vars:     Size  Location     Type
  exponent        2    6[BANK1 ] int 
  sign            1    8[BANK1 ] unsigned char 
 Return value:  Size  Location     Type
                  3   72[BANK0 ] unsigned char 
 Registers used:
		wreg, fsr0l, fsr0h, status,2, status,0, btemp+1, pclath, cstack
 Tracked objects:
		On entry : 
		On exit  : 
		Unchanged: 
 Data sizes:     COMMON   BANK0   BANK1   BANK3   BANK2
      Params:         0       3       0       0       0
      Locals:         0       0       9       0       0
      Temps:          0       1       0       0       0
      Totals:         0       4       9       0       0
Total ram usage:       13 bytes
 Hardware stack levels used:    1
 Hardware stack levels required when called:    3
 This function calls:
		___awtoft
		___ftdiv
		___ftge
		___ftmul
		___ftneg
		___ftsub
		___fttol
		_eval_poly
		_floor
		_ldexp
 This function is called by:
		_pow
 This function uses a non-reentrant model


 *************** function _ldexp *****************
 Defined at:
		line 277 in file "C:\Program Files (x86)\Microchip\xc8\v1.33\sources\common\frexp.c"
 Parameters:    Size  Location     Type
  value           3   62[BANK0 ] unsigned char 
  newexp          2   65[BANK0 ] int 
 Auto vars:     Size  Location     Type
		None
 Return value:  Size  Location     Type
                  3   62[BANK0 ] int 
 Registers used:
		wreg, status,2, status,0, btemp+1, pclath, cstack
 Tracked objects:
		On entry : 
		On exit  : 
		Unchanged: 
 Data sizes:     COMMON   BANK0   BANK1   BANK3   BANK2
      Params:         0       5       0       0       0
      Locals:         0       3       0       0       0
      Temps:          0       2       0       0       0
      Totals:         0      10       0       0       0
Total ram usage:       10 bytes
 Hardware stack levels used:    1
 Hardware stack levels required when called:    1
 This function calls:
		___ftge
		___ftneg
 This function is called by:
		_exp
 This function uses a non-reentrant model


 *************** function ___ftneg *****************
 Defined at:
		line 15 in file "C:\Program Files (x86)\Microchip\xc8\v1.33\sources\common\ftneg.c"
 Parameters:    Size  Location     Type
  f1              3    0[COMMON] float 
 Auto vars:     Size  Location     Type
		None
 Return value:  Size  Location     Type
                  3    0[COMMON] float 
 Registers used:
		wreg
 Tracked objects:
		On entry : 
		On exit  : 
		Unchanged: 
 Data sizes:     COMMON   BANK0   BANK1   BANK3   BANK2
      Params:         3       0       0       0       0
      Locals:         0       0       0       0       0
      Temps:          0       0       0       0       0
      Totals:         3       0       0       0       0
Total ram usage:        3 bytes
 Hardware stack levels used:    1
 This function calls:
		Nothing
 This function is called by:
		_sprintf
		_pow
		_exp
		_ldexp
 This function uses a non-reentrant model


 *************** function _floor *****************
 Defined at:
		line 13 in file "C:\Program Files (x86)\Microchip\xc8\v1.33\sources\common\floor.c"
 Parameters:    Size  Location     Type
  x               3   54[BANK0 ] float 
 Auto vars:     Size  Location     Type
  i               3   58[BANK0 ] float 
  expon           2   61[BANK0 ] int 
 Return value:  Size  Location     Type
                  3   54[BANK0 ] int 
 Registers used:
		wreg, fsr0l, fsr0h, status,2, status,0, btemp+1, pclath, cstack
 Tracked objects:
		On entry : 
		On exit  : 
		Unchanged: 
 Data sizes:     COMMON   BANK0   BANK1   BANK3   BANK2
      Params:         0       3       0       0       0
      Locals:         0       5       0       0       0
      Temps:          0       1       0       0       0
      Totals:         0       9       0       0       0
Total ram usage:        9 bytes
 Hardware stack levels used:    1
 Hardware stack levels required when called:    2
 This function calls:
		___altoft
		___ftadd
		___ftge
		___fttol
		_frexp
 This function is called by:
		_exp
 This function uses a non-reentrant model


 *************** function _frexp *****************
 Defined at:
		line 254 in file "C:\Program Files (x86)\Microchip\xc8\v1.33\sources\common\frexp.c"
 Parameters:    Size  Location     Type
  value           3    0[COMMON] int 
  eptr            1    3[COMMON] PTR int 
		 -> log@exponent(2), floor@expon(2), 
 Auto vars:     Size  Location     Type
		None
 Return value:  Size  Location     Type
                  3    0[COMMON] PTR int 
 Registers used:
		wreg, fsr0l, fsr0h, status,2, status,0, btemp+1
 Tracked objects:
		On entry : 
		On exit  : 
		Unchanged: 
 Data sizes:     COMMON   BANK0   BANK1   BANK3   BANK2
      Params:         4       0       0       0       0
      Locals:         0       0       0       0       0
      Temps:          2       0       0       0       0
      Totals:         6       0       0       0       0
Total ram usage:        6 bytes
 Hardware stack levels used:    1
 This function calls:
		Nothing
 This function is called by:
		_floor
		_log
 This function uses a non-reentrant model


 *************** function ___fttol *****************
 Defined at:
		line 44 in file "C:\Program Files (x86)\Microchip\xc8\v1.33\sources\common\fttol.c"
 Parameters:    Size  Location     Type
  f1              3   32[BANK0 ] float 
 Auto vars:     Size  Location     Type
  lval            4   41[BANK0 ] unsigned long 
  exp1            1   45[BANK0 ] unsigned char 
  sign1           1   40[BANK0 ] unsigned char 
 Return value:  Size  Location     Type
                  4   32[BANK0 ] long 
 Registers used:
		wreg, status,2, status,0
 Tracked objects:
		On entry : 
		On exit  : 
		Unchanged: 
 Data sizes:     COMMON   BANK0   BANK1   BANK3   BANK2
      Params:         0       4       0       0       0
      Locals:         0       6       0       0       0
      Temps:          0       4       0       0       0
      Totals:         0      14       0       0       0
Total ram usage:       14 bytes
 Hardware stack levels used:    1
 This function calls:
		Nothing
 This function is called by:
		_sprintf
		_pow
		_exp
		_floor
 This function uses a non-reentrant model


 *************** function ___ftge *****************
 Defined at:
		line 4 in file "C:\Program Files (x86)\Microchip\xc8\v1.33\sources\common\ftge.c"
 Parameters:    Size  Location     Type
  ff1             3    0[COMMON] float 
  ff2             3    3[COMMON] float 
 Auto vars:     Size  Location     Type
		None
 Return value:  Size  Location     Type
		None               void
 Registers used:
		wreg, status,2, status,0
 Tracked objects:
		On entry : 
		On exit  : 
		Unchanged: 
 Data sizes:     COMMON   BANK0   BANK1   BANK3   BANK2
      Params:         6       0       0       0       0
      Locals:         0       0       0       0       0
      Temps:          6       0       0       0       0
      Totals:        12       0       0       0       0
Total ram usage:       12 bytes
 Hardware stack levels used:    1
 This function calls:
		Nothing
 This function is called by:
		_main
		_sprintf
		_pow
		_exp
		_floor
		_ldexp
		_log
 This function uses a non-reentrant model


 *************** function ___altoft *****************
 Defined at:
		line 42 in file "C:\Program Files (x86)\Microchip\xc8\v1.33\sources\common\altoft.c"
 Parameters:    Size  Location     Type
  c               4   46[BANK0 ] long 
 Auto vars:     Size  Location     Type
  sign            1   53[BANK0 ] unsigned char 
  exp             1   52[BANK0 ] unsigned char 
 Return value:  Size  Location     Type
                  3   46[BANK0 ] float 
 Registers used:
		wreg, status,2, status,0, pclath, cstack
 Tracked objects:
		On entry : 
		On exit  : 
		Unchanged: 
 Data sizes:     COMMON   BANK0   BANK1   BANK3   BANK2
      Params:         0       4       0       0       0
      Locals:         0       2       0       0       0
      Temps:          0       2       0       0       0
      Totals:         0       8       0       0       0
Total ram usage:        8 bytes
 Hardware stack levels used:    1
 Hardware stack levels required when called:    1
 This function calls:
		___ftpack
 This function is called by:
		_floor
 This function uses a non-reentrant model


 *************** function _eval_poly *****************
 Defined at:
		line 4 in file "C:\Program Files (x86)\Microchip\xc8\v1.33\sources\common\evalpoly.c"
 Parameters:    Size  Location     Type
  x               3   52[BANK0 ] float 
  d               1   55[BANK0 ] PTR const 
		 -> log@coeff(27), exp@coeff(30), 
  n               2   56[BANK0 ] int 
 Auto vars:     Size  Location     Type
  res             3   59[BANK0 ] int 
 Return value:  Size  Location     Type
                  3   52[BANK0 ] int 
 Registers used:
		wreg, fsr0l, fsr0h, status,2, status,0, pclath, cstack
 Tracked objects:
		On entry : 
		On exit  : 
		Unchanged: 
 Data sizes:     COMMON   BANK0   BANK1   BANK3   BANK2
      Params:         0       6       0       0       0
      Locals:         0       3       0       0       0
      Temps:          0       1       0       0       0
      Totals:         0      10       0       0       0
Total ram usage:       10 bytes
 Hardware stack levels used:    1
 Hardware stack levels required when called:    2
 This function calls:
		___bmul
		___ftadd
		___ftmul
 This function is called by:
		_exp
		_log
 This function uses a non-reentrant model


 *************** function ___ftmul *****************
 Defined at:
		line 62 in file "C:\Program Files (x86)\Microchip\xc8\v1.33\sources\common\ftmul.c"
 Parameters:    Size  Location     Type
  f1              3    7[BANK0 ] float 
  f2              3   10[BANK0 ] float 
 Auto vars:     Size  Location     Type
  f3_as_produc    3   18[BANK0 ] unsigned um
  sign            1   22[BANK0 ] unsigned char 
  cntr            1   21[BANK0 ] unsigned char 
  exp             1   17[BANK0 ] unsigned char 
 Return value:  Size  Location     Type
                  3    7[BANK0 ] float 
 Registers used:
		wreg, status,2, status,0, pclath, cstack
 Tracked objects:
		On entry : 
		On exit  : 
		Unchanged: 
 Data sizes:     COMMON   BANK0   BANK1   BANK3   BANK2
      Params:         0       6       0       0       0
      Locals:         0       6       0       0       0
      Temps:          0       4       0       0       0
      Totals:         0      16       0       0       0
Total ram usage:       16 bytes
 Hardware stack levels used:    1
 Hardware stack levels required when called:    1
 This function calls:
		___ftpack
 This function is called by:
		_main
		_fround
		_scale
		_sprintf
		_pow
		_exp
		_log
		_eval_poly
 This function uses a non-reentrant model


 *************** function ___bmul *****************
 Defined at:
		line 4 in file "C:\Program Files (x86)\Microchip\xc8\v1.33\sources\common\Umul8.c"
 Parameters:    Size  Location     Type
  multiplier      1    wreg     unsigned char 
  multiplicand    1    4[BANK0 ] unsigned char 
 Auto vars:     Size  Location     Type
  multiplier      1    6[BANK0 ] unsigned char 
  product         1    5[BANK0 ] unsigned char 
 Return value:  Size  Location     Type
                  1    wreg      unsigned char 
 Registers used:
		wreg, status,2, status,0
 Tracked objects:
		On entry : 
		On exit  : 
		Unchanged: 
 Data sizes:     COMMON   BANK0   BANK1   BANK3   BANK2
      Params:         0       1       0       0       0
      Locals:         0       2       0       0       0
      Temps:          1       0       0       0       0
      Totals:         1       3       0       0       0
Total ram usage:        4 bytes
 Hardware stack levels used:    1
 This function calls:
		Nothing
 This function is called by:
		_fround
		_scale
		_eval_poly
 This function uses a non-reentrant model


 *************** function ___ftsub *****************
 Defined at:
		line 18 in file "C:\Program Files (x86)\Microchip\xc8\v1.33\sources\common\ftsub.c"
 Parameters:    Size  Location     Type
  f2              3   52[BANK0 ] float 
  f1              3   55[BANK0 ] float 
 Auto vars:     Size  Location     Type
		None
 Return value:  Size  Location     Type
                  3   52[BANK0 ] float 
 Registers used:
		wreg, status,2, status,0, pclath, cstack
 Tracked objects:
		On entry : 
		On exit  : 
		Unchanged: 
 Data sizes:     COMMON   BANK0   BANK1   BANK3   BANK2
      Params:         0       6       0       0       0
      Locals:         0       0       0       0       0
      Temps:          0       0       0       0       0
      Totals:         0       6       0       0       0
Total ram usage:        6 bytes
 Hardware stack levels used:    1
 Hardware stack levels required when called:    2
 This function calls:
		___ftadd
 This function is called by:
		_sprintf
		_exp
 This function uses a non-reentrant model


 *************** function ___ftadd *****************
 Defined at:
		line 86 in file "C:\Program Files (x86)\Microchip\xc8\v1.33\sources\common\ftadd.c"
 Parameters:    Size  Location     Type
  f1              3   39[BANK0 ] float 
  f2              3   42[BANK0 ] float 
 Auto vars:     Size  Location     Type
  exp1            1   51[BANK0 ] unsigned char 
  exp2            1   50[BANK0 ] unsigned char 
  sign            1   49[BANK0 ] unsigned char 
 Return value:  Size  Location     Type
                  3   39[BANK0 ] float 
 Registers used:
		wreg, status,2, status,0, pclath, cstack
 Tracked objects:
		On entry : 
		On exit  : 
		Unchanged: 
 Data sizes:     COMMON   BANK0   BANK1   BANK3   BANK2
      Params:         0       6       0       0       0
      Locals:         0       3       0       0       0
      Temps:          0       4       0       0       0
      Totals:         0      13       0       0       0
Total ram usage:       13 bytes
 Hardware stack levels used:    1
 Hardware stack levels required when called:    1
 This function calls:
		___ftpack
 This function is called by:
		_main
		_sprintf
		___ftsub
		_floor
		_log
		_eval_poly
 This function uses a non-reentrant model


 *************** function ___ftdiv *****************
 Defined at:
		line 49 in file "C:\Program Files (x86)\Microchip\xc8\v1.33\sources\pic\ftdiv.c"
 Parameters:    Size  Location     Type
  f2              3   23[BANK0 ] float 
  f1              3   26[BANK0 ] float 
 Auto vars:     Size  Location     Type
  f3              3   34[BANK0 ] float 
  sign            1   38[BANK0 ] unsigned char 
  exp             1   37[BANK0 ] unsigned char 
  cntr            1   33[BANK0 ] unsigned char 
 Return value:  Size  Location     Type
                  3   23[BANK0 ] float 
 Registers used:
		wreg, status,2, status,0, pclath, cstack
 Tracked objects:
		On entry : 
		On exit  : 
		Unchanged: 
 Data sizes:     COMMON   BANK0   BANK1   BANK3   BANK2
      Params:         0       6       0       0       0
      Locals:         0       6       0       0       0
      Temps:          0       4       0       0       0
      Totals:         0      16       0       0       0
Total ram usage:       16 bytes
 Hardware stack levels used:    1
 Hardware stack levels required when called:    1
 This function calls:
		___ftpack
 This function is called by:
		_main
		_exp
 This function uses a non-reentrant model


 *************** function ___awtoft *****************
 Defined at:
		line 32 in file "C:\Program Files (x86)\Microchip\xc8\v1.33\sources\common\awtoft.c"
 Parameters:    Size  Location     Type
  c               2    8[COMMON] int 
 Auto vars:     Size  Location     Type
  sign            1   13[COMMON] unsigned char 
 Return value:  Size  Location     Type
                  3    8[COMMON] float 
 Registers used:
		wreg, status,2, status,0, pclath, cstack
 Tracked objects:
		On entry : 
		On exit  : 
		Unchanged: 
 Data sizes:     COMMON   BANK0   BANK1   BANK3   BANK2
      Params:         3       0       0       0       0
      Locals:         1       0       0       0       0
      Temps:          2       0       0       0       0
      Totals:         6       0       0       0       0
Total ram usage:        6 bytes
 Hardware stack levels used:    1
 Hardware stack levels required when called:    1
 This function calls:
		___ftpack
 This function is called by:
		_main
		_exp
		_log
 This function uses a non-reentrant model


 *************** function ___lltoft *****************
 Defined at:
		line 35 in file "C:\Program Files (x86)\Microchip\xc8\v1.33\sources\common\lltoft.c"
 Parameters:    Size  Location     Type
  c               4    8[COMMON] unsigned long 
 Auto vars:     Size  Location     Type
  exp             1   13[COMMON] unsigned char 
 Return value:  Size  Location     Type
                  3    8[COMMON] float 
 Registers used:
		wreg, status,2, status,0, pclath, cstack
 Tracked objects:
		On entry : 
		On exit  : 
		Unchanged: 
 Data sizes:     COMMON   BANK0   BANK1   BANK3   BANK2
      Params:         4       0       0       0       0
      Locals:         1       0       0       0       0
      Temps:          1       0       0       0       0
      Totals:         6       0       0       0       0
Total ram usage:        6 bytes
 Hardware stack levels used:    1
 Hardware stack levels required when called:    1
 This function calls:
		___ftpack
 This function is called by:
		_sprintf
		_pow
 This function uses a non-reentrant model


 *************** function ___ftpack *****************
 Defined at:
		line 62 in file "C:\Program Files (x86)\Microchip\xc8\v1.33\sources\common\float.c"
 Parameters:    Size  Location     Type
  arg             3    0[COMMON] unsigned um
  exp             1    3[COMMON] unsigned char 
  sign            1    4[COMMON] unsigned char 
 Auto vars:     Size  Location     Type
		None
 Return value:  Size  Location     Type
                  3    0[COMMON] float 
 Registers used:
		wreg, status,2, status,0
 Tracked objects:
		On entry : 
		On exit  : 
		Unchanged: 
 Data sizes:     COMMON   BANK0   BANK1   BANK3   BANK2
      Params:         5       0       0       0       0
      Locals:         0       0       0       0       0
      Temps:          3       0       0       0       0
      Totals:         8       0       0       0       0
Total ram usage:        8 bytes
 Hardware stack levels used:    1
 This function calls:
		Nothing
 This function is called by:
		___altoft
		___awtoft
		___ftadd
		___ftdiv
		___ftmul
		___lltoft
 This function uses a non-reentrant model


 *************** function _initLCD *****************
 Defined at:
		line 37 in file "D:\uni_2023-2024\cpe3201\embedded-systems\FinalProject\mplab\MQ135_Demo\lcd_functions.h"
 Parameters:    Size  Location     Type
		None
 Auto vars:     Size  Location     Type
		None
 Return value:  Size  Location     Type
		None               void
 Registers used:
		wreg, status,2, status,0, pclath, cstack
 Tracked objects:
		On entry : 
		On exit  : 
		Unchanged: 
 Data sizes:     COMMON   BANK0   BANK1   BANK3   BANK2
      Params:         0       0       0       0       0
      Locals:         0       0       0       0       0
      Temps:          1       0       0       0       0
      Totals:         1       0       0       0       0
Total ram usage:        1 bytes
 Hardware stack levels used:    1
 Hardware stack levels required when called:    1
 This function calls:
		_instCTRL
 This function is called by:
		_main
 This function uses a non-reentrant model


 *************** function _instCTRL *****************
 Defined at:
		line 17 in file "D:\uni_2023-2024\cpe3201\embedded-systems\FinalProject\mplab\MQ135_Demo\lcd_functions.h"
 Parameters:    Size  Location     Type
  CMD             1    wreg     unsigned char 
 Auto vars:     Size  Location     Type
  CMD             1    1[COMMON] unsigned char 
 Return value:  Size  Location     Type
		None               void
 Registers used:
		wreg
 Tracked objects:
		On entry : 
		On exit  : 
		Unchanged: 
 Data sizes:     COMMON   BANK0   BANK1   BANK3   BANK2
      Params:         0       0       0       0       0
      Locals:         1       0       0       0       0
      Temps:          1       0       0       0       0
      Totals:         2       0       0       0       0
Total ram usage:        2 bytes
 Hardware stack levels used:    1
 This function calls:
		Nothing
 This function is called by:
		_initLCD
		_main
 This function uses a non-reentrant model



MODULE INFORMATION

Module		Function		Class		Link	Load	Size
D:\uni_2023-2024\cpe3201\embedded-systems\FinalProject\mplab\MQ135_Demo\lcd_functions.h
		_instCTRL      		CODE           	1988	0000	17
		_dataCTRL      		CODE           	1999	0000	17
		_printToLCD    		CODE           	1A1C	0000	35
		_initLCD       		CODE           	19FA	0000	34

D:\uni_2023-2024\cpe3201\embedded-systems\FinalProject\mplab\MQ135_Demo\lcd_functions.h estimated size: 103

C:\Program Files (x86)\Microchip\xc8\v1.33\sources\common\ftneg.c
		___ftneg       		CODE           	1972	0000	8

C:\Program Files (x86)\Microchip\xc8\v1.33\sources\common\ftneg.c estimated size: 8

C:\Program Files (x86)\Microchip\xc8\v1.33\sources\common\ftge.c
		___ftge        		CODE           	1B8F	0000	93

C:\Program Files (x86)\Microchip\xc8\v1.33\sources\common\ftge.c estimated size: 93

C:\Program Files (x86)\Microchip\xc8\v1.33\sources\common\doprnt.c
		_scale         		CODE           	08C8	0000	671
		_sprintf       		CODE           	01A0	0000	1624
		_fround        		CODE           	0004	0000	412

C:\Program Files (x86)\Microchip\xc8\v1.33\sources\common\doprnt.c estimated size: 2707

C:\Program Files (x86)\Microchip\xc8\v1.33\sources\common\ftsub.c
		___ftsub       		CODE           	19BD	0000	28

C:\Program Files (x86)\Microchip\xc8\v1.33\sources\common\ftsub.c estimated size: 28

C:\Program Files (x86)\Microchip\xc8\v1.33\sources\common\float.c
		___ftpack      		CODE           	1CA7	0000	104

C:\Program Files (x86)\Microchip\xc8\v1.33\sources\common\float.c estimated size: 104

C:\Program Files (x86)\Microchip\xc8\v1.33\sources\common\evalpoly.c
		_eval_poly     		CODE           	1D0F	0000	121

C:\Program Files (x86)\Microchip\xc8\v1.33\sources\common\evalpoly.c estimated size: 121

C:\Program Files (x86)\Microchip\xc8\v1.33\sources\common\ftdivl.c
		__tdiv_to_l_   		CODE           	0805	0000	195

C:\Program Files (x86)\Microchip\xc8\v1.33\sources\common\ftdivl.c estimated size: 195

C:\Program Files (x86)\Microchip\xc8\v1.33\sources\common\awmod.c
		___awmod       		CODE           	10F8	0000	77

C:\Program Files (x86)\Microchip\xc8\v1.33\sources\common\awmod.c estimated size: 77

C:\Program Files (x86)\Microchip\xc8\v1.33\sources\common\log.c
		_log           		CODE           	1145	0000	208

C:\Program Files (x86)\Microchip\xc8\v1.33\sources\common\log.c estimated size: 208

C:\Program Files (x86)\Microchip\xc8\v1.33\sources\common\Umul16.c
		___wmul        		CODE           	1A3F	0000	35

C:\Program Files (x86)\Microchip\xc8\v1.33\sources\common\Umul16.c estimated size: 35

C:\Program Files (x86)\Microchip\xc8\v1.33\sources\common\llmod.c
		___llmod       		CODE           	1B43	0000	76

C:\Program Files (x86)\Microchip\xc8\v1.33\sources\common\llmod.c estimated size: 76

C:\Program Files (x86)\Microchip\xc8\v1.33\sources\common\frexp.c
		_ldexp         		CODE           	1EAF	0000	153
		_frexp         		CODE           	1AC1	0000	64

C:\Program Files (x86)\Microchip\xc8\v1.33\sources\common\frexp.c estimated size: 217

C:\Program Files (x86)\Microchip\xc8\v1.33\sources\common\pow.c
		_pow           		CODE           	1523	0000	344

C:\Program Files (x86)\Microchip\xc8\v1.33\sources\common\pow.c estimated size: 344

C:\Program Files (x86)\Microchip\xc8\v1.33\sources\common\floor.c
		_floor         		CODE           	1E16	0000	153

C:\Program Files (x86)\Microchip\xc8\v1.33\sources\common\floor.c estimated size: 153

C:\Program Files (x86)\Microchip\xc8\v1.33\sources\common\ftmul.c
		___ftmul       		CODE           	1215	0000	211

C:\Program Files (x86)\Microchip\xc8\v1.33\sources\common\ftmul.c estimated size: 211

C:\Program Files (x86)\Microchip\xc8\v1.33\sources\common\fldivl.c
		__div_to_l_    		CODE           	13F1	0000	306

C:\Program Files (x86)\Microchip\xc8\v1.33\sources\common\fldivl.c estimated size: 306

C:\Program Files (x86)\Microchip\xc8\v1.33\sources\common\awdiv.c
		___awdiv       		CODE           	1BEC	0000	93

C:\Program Files (x86)\Microchip\xc8\v1.33\sources\common\awdiv.c estimated size: 93

C:\Program Files (x86)\Microchip\xc8\v1.33\sources\common\lldiv.c
		___lldiv       		CODE           	1C49	0000	94

C:\Program Files (x86)\Microchip\xc8\v1.33\sources\common\lldiv.c estimated size: 94

shared
		exp@coeff      		STRING         	1086	0000	30
		__stringtab    		STRING         	1000	0000	16
		__stringdata   		STRING         	10BF	0000	52
		__powers_      		STRING         	105F	0000	39
		_dpowers       		STRING         	1010	0000	40
		__npowers_     		STRING         	1038	0000	39
		__initializatio		CODE           	07F8	0000	4
		log@coeff      		STRING         	10A4	0000	27

shared estimated size: 247

C:\Program Files (x86)\Microchip\xc8\v1.33\sources\common\Umul8.c
		___bmul        		CODE           	19AA	0000	19

C:\Program Files (x86)\Microchip\xc8\v1.33\sources\common\Umul8.c estimated size: 19

C:\Program Files (x86)\Microchip\xc8\v1.33\sources\common\fttol.c
		___fttol       		CODE           	1D88	0000	142

C:\Program Files (x86)\Microchip\xc8\v1.33\sources\common\fttol.c estimated size: 142

C:\Program Files (x86)\Microchip\xc8\v1.33\sources\common\awtoft.c
		___awtoft      		CODE           	19D9	0000	33

C:\Program Files (x86)\Microchip\xc8\v1.33\sources\common\awtoft.c estimated size: 33

C:\Program Files (x86)\Microchip\xc8\v1.33\sources\common\altoft.c
		___altoft      		CODE           	1B01	0000	66

C:\Program Files (x86)\Microchip\xc8\v1.33\sources\common\altoft.c estimated size: 66

C:\Program Files (x86)\Microchip\xc8\v1.33\sources\common\ftadd.c
		___ftadd       		CODE           	12E8	0000	265

C:\Program Files (x86)\Microchip\xc8\v1.33\sources\common\ftadd.c estimated size: 265

C:\Program Files (x86)\Microchip\xc8\v1.33\sources\pic\ftdiv.c
		___ftdiv       		CODE           	1F48	0000	184

C:\Program Files (x86)\Microchip\xc8\v1.33\sources\pic\ftdiv.c estimated size: 184

D:\uni_2023-2024\cpe3201\embedded-systems\FinalProject\mplab\MQ135_Demo\main.c
		_main          		CODE           	0B67	0000	1177
		_readADC       		CODE           	1A8D	0000	52

D:\uni_2023-2024\cpe3201\embedded-systems\FinalProject\mplab\MQ135_Demo\main.c estimated size: 1229

C:\Program Files (x86)\Microchip\xc8\v1.33\sources\common\lltoft.c
		___lltoft      		CODE           	1A62	0000	43

C:\Program Files (x86)\Microchip\xc8\v1.33\sources\common\lltoft.c estimated size: 43

C:\Program Files (x86)\Microchip\xc8\v1.33\sources\common\exp.c
		_exp           		CODE           	167B	0000	389

C:\Program Files (x86)\Microchip\xc8\v1.33\sources\common\exp.c estimated size: 389

C:\Program Files (x86)\Microchip\xc8\v1.33\sources\common\isdigit.c
		_isdigit       		CODE           	197A	0000	14

C:\Program Files (x86)\Microchip\xc8\v1.33\sources\common\isdigit.c estimated size: 14

