Microchip MPLAB XC8 Compiler V1.33 ()

Linker command line:

--edf=C:\Program Files (x86)\Microchip\xc8\v1.33\dat\en_msgs.txt -cs \
  -h+dht11-isolated.sym --cmf=dht11-isolated.cmf -z -Q16F877A \
  -oC:\Users\ACER\AppData\Local\Temp\sfl8.6 -Mdht11-isolated.map -E1 \
  -ver=XC8 -ASTACK=0110h-016fh -pstack=STACK -ACONST=00h-0FFhx32 \
  -ACODE=00h-07FFhx4 -ASTRCODE=00h-01FFFh -AENTRY=00h-0FFhx32 \
  -ASTRING=00h-0FFhx32 -ACOMMON=070h-07Fh -ABANK0=020h-06Fh \
  -ABANK1=0A0h-0EFh -ABANK2=0110h-016Fh -ABANK3=0190h-01EFh \
  -ARAM=020h-06Fh,0A0h-0EFh,0110h-016Fh,0190h-01EFh \
  -AABS1=020h-07Fh,0A0h-0EFh,0110h-016Fh,0190h-01EFh -ASFR0=00h-01Fh \
  -ASFR1=080h-09Fh -ASFR2=0100h-010Fh -ASFR3=0180h-018Fh \
  -preset_vec=00h,intentry=04h,init,end_init -ppowerup=CODE -pcinit=CODE \
  -pfunctab=CODE -ACONFIG=02007h-02007h -pconfig=CONFIG -DCONFIG=2 \
  -AIDLOC=02000h-02003h -pidloc=IDLOC -DIDLOC=2 -AEEDATA=00h-0FFh/02100h \
  -peeprom_data=EEDATA -DEEDATA=2 -DCODE=2 -DSTRCODE=2 -DSTRING=2 -DCONST=2 \
  -DENTRY=2 -k startup.obj dht11-isolated.obj 

Object code version is 3.11

Machine type is 16F877A



                Name                               Link     Load   Length Selector   Space Scale
startup.obj     end_init                             12       12        3        8       0
                reset_vec                             0        0        3        0       0
                config                             2007     2007        1     400E       0
dht11-isolated.obj
                cinit                                15       15       3E        8       0
                intentry                              4        4        E        8       0
                text43                             161F     161F       4D     2C3E       0
                text42                             1404     1404       27     2808       0
                text41                             12C9     12C9       10     2592       0
                text40                             12E9     12E9       13     25D2       0
                text39                             132C     132C       22     2658       0
                text38                             14AF     14AF       34     295E       0
                text37                             16BB     16BB       58     2D76       0
                text36                             12FC     12FC       13     25F8       0
                text35                             1454     1454       2B     28A8       0
                text34                             154F     154F       40     2A9E       0
                text33                             14E3     14E3       36     29C6       0
                text32                             13BA     13BA       25     2774       0
                text31                             12D9     12D9       10     25B2       0
                text30                              3FA      3FA      244        8       0
                text29                             15D3     15D3       4C     2BA6       0
                text28                              795      795       6A        8       0
                text27                             13DF     13DF       25     27BE       0
                text26                              DCE      DCE      109     1B9C       0
                text25                              CFB      CFB       D3     19F6       0
                text24                             12B0     12B0        A     2560       0
                text23                             1772     1772       8E     2EE4       0
                text22                              ED7      ED7      129     1DAE       0
                text21                             134E     134E       24     269C       0
                text20                             1713     1713       5F     2E26       0
                text19                             147F     147F       30     28FE       0
                text18                             1297     1297        8     252E       0
                text17                             12BA     12BA        F     2574       0
                text16                             12A7     12A7        9     254E       0
                text15                             130F     130F       1D     261E       0
                text14                              B93      B93       B0     1726       0
                text13                             1519     1519       36     2A32       0
                text12                              C43      C43       B8     1886       0
                text11                               53       53      3A7        8       0
                text10                             142B     142B       29     2856       0
                text9                              1372     1372       24     26E4       0
                text8                              166C     166C       4F     2CD8       0
                text7                               8FB      8FB       A6     11F6       0
                text6                               9A1      9A1       A6     1342       0
                text5                               A47      A47       A6     148E       0
                text4                               AED      AED       A6     15DA       0
                text3                              1290     1290        7     2520       0
                text2                              1396     1396       24     272C       0
                text1                              158F     158F       44     2B1E       0
                maintext                            63E      63E      157        8       0
                cstackBANK0                          20       20       47       20       1
                cstackCOMMON                         70       70        C       70       1
                cstackBANK1                          A0       A0       37       A0       1
                clrtext                            129F     129F        8     253E       0
                dataBANK1                            EE       EE        1       A0       1
                bssBANK1                             D7       D7       17       A0       1
                dataBANK0                            67       67        6       20       1
                bssBANK0                             6D       6D        3       20       1
                bssCOMMON                            7C       7C        2       70       1
                strings                             800      800       FB     1000       0
                idataBANK1                          7FF      7FF        1        8       0
                idataBANK0                         128A     128A        6     2514       0

TOTAL           Name                               Link     Load   Length     Space
        CLASS   STACK          

        CLASS   CONST          

        CLASS   CODE           
                end_init                             12       12        3         0
                cinit                                15       15       3E         0
                intentry                              4        4        E         0
                reset_vec                             0        0        3         0
                text43                             161F     161F       4D         0
                text42                             1404     1404       27         0
                text41                             12C9     12C9       10         0
                text40                             12E9     12E9       13         0
                text39                             132C     132C       22         0
                text38                             14AF     14AF       34         0
                text37                             16BB     16BB       58         0
                text36                             12FC     12FC       13         0
                text35                             1454     1454       2B         0
                text34                             154F     154F       40         0
                text33                             14E3     14E3       36         0
                text32                             13BA     13BA       25         0
                text31                             12D9     12D9       10         0
                text30                              3FA      3FA      244         0
                text29                             15D3     15D3       4C         0
                text28                              795      795       6A         0
                text27                             13DF     13DF       25         0
                text26                              DCE      DCE      109         0
                text25                              CFB      CFB       D3         0
                text24                             12B0     12B0        A         0
                text23                             1772     1772       8E         0
                text22                              ED7      ED7      129         0
                text21                             134E     134E       24         0
                text20                             1713     1713       5F         0
                text19                             147F     147F       30         0
                text18                             1297     1297        8         0
                text17                             12BA     12BA        F         0
                text16                             12A7     12A7        9         0
                text15                             130F     130F       1D         0
                text14                              B93      B93       B0         0
                text13                             1519     1519       36         0
                text12                              C43      C43       B8         0
                text11                               53       53      3A7         0
                text10                             142B     142B       29         0
                text9                              1372     1372       24         0
                text8                              166C     166C       4F         0
                text7                               8FB      8FB       A6         0
                text6                               9A1      9A1       A6         0
                text5                               A47      A47       A6         0
                text4                               AED      AED       A6         0
                text3                              1290     1290        7         0
                text2                              1396     1396       24         0
                text1                              158F     158F       44         0
                maintext                            63E      63E      157         0
                clrtext                            129F     129F        8         0
                idataBANK1                          7FF      7FF        1         0
                idataBANK0                         128A     128A        6         0

        CLASS   STRCODE        

        CLASS   ENTRY          

        CLASS   STRING         
                strings                             800      800       FB         0

        CLASS   COMMON         
                cstackCOMMON                         70       70        C         1
                bssCOMMON                            7C       7C        2         1

        CLASS   BANK0          
                cstackBANK0                          20       20       47         1
                dataBANK0                            67       67        6         1
                bssBANK0                             6D       6D        3         1

        CLASS   BANK1          
                cstackBANK1                          A0       A0       37         1
                dataBANK1                            EE       EE        1         1
                bssBANK1                             D7       D7       17         1

        CLASS   BANK2          

        CLASS   BANK3          

        CLASS   RAM            

        CLASS   ABS1           
                abs_s1                               7E       7E        2         1

        CLASS   SFR0           

        CLASS   SFR1           

        CLASS   SFR2           

        CLASS   SFR3           

        CLASS   CONFIG         
                config                             2007     2007        1         0

        CLASS   IDLOC          

        CLASS   EEDATA         



SEGMENTS        Name                           Load    Length   Top    Selector   Space  Class     Delta

                reset_vec                      000000  000003  000003         0       0  CODE        2
                intentry                       000004  0007FC  000800         8       0  CODE        2
                cstackBANK0                    000020  000050  000070        20       1  BANK0       1
                cstackCOMMON                   000070  00000E  00007E        70       1  COMMON      1
                cstackBANK1                    0000A0  00004F  0000EF        A0       1  BANK1       1
                strings                        000800  0000FB  0008FB      1000       0  STRING      2
                text7                          0008FB  0000A6  0009A1      11F6       0  CODE        2
                text6                          0009A1  0000A6  000A47      1342       0  CODE        2
                text5                          000A47  0000A6  000AED      148E       0  CODE        2
                text4                          000AED  0000A6  000B93      15DA       0  CODE        2
                text14                         000B93  0000B0  000C43      1726       0  CODE        2
                text12                         000C43  0000B8  000CFB      1886       0  CODE        2
                text25                         000CFB  0000D3  000DCE      19F6       0  CODE        2
                text26                         000DCE  000109  000ED7      1B9C       0  CODE        2
                text22                         000ED7  000129  001000      1DAE       0  CODE        2
                idataBANK0                     00128A  000006  001290      2514       0  CODE        2
                text3                          001290  000007  001297      2520       0  CODE        2
                text18                         001297  000008  00129F      252E       0  CODE        2
                clrtext                        00129F  000008  0012A7      253E       0  CODE        2
                text16                         0012A7  000009  0012B0      254E       0  CODE        2
                text24                         0012B0  00000A  0012BA      2560       0  CODE        2
                text17                         0012BA  00000F  0012C9      2574       0  CODE        2
                text41                         0012C9  000010  0012D9      2592       0  CODE        2
                text31                         0012D9  000010  0012E9      25B2       0  CODE        2
                text40                         0012E9  000013  0012FC      25D2       0  CODE        2
                text36                         0012FC  000013  00130F      25F8       0  CODE        2
                text15                         00130F  00001D  00132C      261E       0  CODE        2
                text39                         00132C  000022  00134E      2658       0  CODE        2
                text21                         00134E  000024  001372      269C       0  CODE        2
                text9                          001372  000024  001396      26E4       0  CODE        2
                text2                          001396  000024  0013BA      272C       0  CODE        2
                text32                         0013BA  000025  0013DF      2774       0  CODE        2
                text27                         0013DF  000025  001404      27BE       0  CODE        2
                text42                         001404  000027  00142B      2808       0  CODE        2
                text10                         00142B  000029  001454      2856       0  CODE        2
                text35                         001454  00002B  00147F      28A8       0  CODE        2
                text19                         00147F  000030  0014AF      28FE       0  CODE        2
                text38                         0014AF  000034  0014E3      295E       0  CODE        2
                text33                         0014E3  000036  001519      29C6       0  CODE        2
                text13                         001519  000036  00154F      2A32       0  CODE        2
                text34                         00154F  000040  00158F      2A9E       0  CODE        2
                text1                          00158F  000044  0015D3      2B1E       0  CODE        2
                text29                         0015D3  00004C  00161F      2BA6       0  CODE        2
                text43                         00161F  00004D  00166C      2C3E       0  CODE        2
                text8                          00166C  00004F  0016BB      2CD8       0  CODE        2
                text37                         0016BB  000058  001713      2D76       0  CODE        2
                text20                         001713  00005F  001772      2E26       0  CODE        2
                text23                         001772  00008E  001800      2EE4       0  CODE        2
                config                         002007  000001  002008      400E       0  CONFIG      2


UNUSED ADDRESS RANGES

        Name                Unused          Largest block    Delta
        BANK1            00EF-00EF              1           1
        BANK2            0110-016F             60           1
        BANK3            0190-01EF             60           1
        CODE             0003-0003              1           2
                         1000-1289            28A
                         1800-1FFF            800
        CONST            0003-0003              1           2
                         1000-1289            100
                         1800-1FFF            100
        EEDATA           2100-21FF            100           2
        ENTRY            0003-0003              1           2
                         1000-1289            100
                         1800-1FFF            100
        IDLOC            2000-2003              4           2
        RAM              00EF-00EF              1           1
                         0110-016F             60
                         0190-01EF             60
        SFR0             0000-001F             20           1
        SFR1             0080-009F             20           1
        SFR2             0100-010F             10           1
        SFR3             0180-018F             10           1
        STACK            0110-016F             60           1
        STRCODE          0003-0003              1           2
                         1000-1289            28A
                         1800-1FFF            800
        STRING           0003-0003              1           2
                         1000-1289            100
                         1800-1FFF            100

                                  Symbol Table

?_CalcMQ135                  cstackBANK0  0051
?___awmod                    cstackBANK0  0020
?___awtoft                   cstackBANK0  0028
?___ftadd                    cstackBANK0  0041
?___ftdiv                    cstackBANK0  0041
?___ftmul                    cstackBANK0  0031
?___ftneg                    cstackBANK0  002E
?___ftpack                   cstackBANK0  0020
?___fttol                    cstackBANK0  004E
?___lwdiv                    cstackBANK0  0020
?___lwmod                    cstackBANK0  0028
?___wmul                     cstackBANK0  0020
?_readADC                    cstackBANK0  0020
?_sprintf                    cstackBANK0  002E
?i1___awmod                  cstackCOMMON 0070
CalcMQ135@RAW_ADC            cstackBANK0  0051
CalcMQ135@co2                cstackBANK1  00C1
CalcMQ135@ratio              cstackBANK1  00C4
CalcMQ135@ratio2             cstackBANK1  00B5
CalcMQ135@ratio3             cstackBANK1  00B8
CalcMQ135@ratio4             cstackBANK1  00BB
CalcMQ135@ratio5             cstackBANK1  00BE
CalcMQ135@ratio6             cstackBANK1  00A3
CalcMQ135@voltage            cstackBANK1  00A0
_ADCON0                      (abs)        001F
_ADCON1                      (abs)        009F
_ADRESH                      (abs)        001E
_ADRESL                      (abs)        009E
_CalcMQ135                   text11       0053
_CalcMQ135$765               cstackBANK1  00A6
_CalcMQ135$766               cstackBANK1  00A9
_CalcMQ135$767               cstackBANK1  00AC
_CalcMQ135$768               cstackBANK1  00AF
_CalcMQ135$769               cstackBANK1  00B2
_GIE                         (abs)        005F
_GO_DONE                     (abs)        00FA
_INTE                        (abs)        005C
_INTEDG                      (abs)        040E
_INTF                        (abs)        0059
_ISR                         text42       1404
_PEIE                        (abs)        005E
_PORTB                       (abs)        0006
_PORTBbits                   (abs)        0006
_PORTC                       (abs)        0007
_PORTCbits                   (abs)        0007
_PORTD                       (abs)        0008
_PPM                         bssBANK1     00DC
_RB1                         (abs)        0031
_RC0                         (abs)        0038
_RC1                         (abs)        0039
_RC2                         (abs)        003A
_SEL                         bssBANK1     00E1
_TRISA                       (abs)        0085
_TRISB                       (abs)        0086
_TRISBbits                   (abs)        0086
_TRISC                       (abs)        0087
_TRISD                       (abs)        0088
__CFG_BOREN$ON               (abs)        0000
__CFG_CP$OFF                 (abs)        0000
__CFG_CPD$OFF                (abs)        0000
__CFG_FOSC$HS                (abs)        0000
__CFG_LVP$OFF                (abs)        0000
__CFG_PWRTE$OFF              (abs)        0000
__CFG_WDTE$OFF               (abs)        0000
__CFG_WRT$OFF                (abs)        0000
__Habs1                      abs1         0000
__Hbank0                     bank0        0000
__Hbank1                     bank1        0000
__Hbank2                     bank2        0000
__Hbank3                     bank3        0000
__HbssBANK0                  bssBANK0     0000
__HbssBANK1                  bssBANK1     0000
__HbssCOMMON                 bssCOMMON    0000
__Hcinit                     cinit        0053
__Hclrtext                   clrtext      0000
__Hcode                      code         0000
__Hcommon                    common       0000
__Hconfig                    config       2008
__HcstackBANK0               cstackBANK0  0000
__HcstackBANK1               cstackBANK1  0000
__HcstackCOMMON              cstackCOMMON 0000
__HdataBANK0                 dataBANK0    0000
__HdataBANK1                 dataBANK1    0000
__Heeprom_data               eeprom_data  0000
__Hend_init                  end_init     0015
__Hfunctab                   functab      0000
__HidataBANK0                idataBANK0   0000
__HidataBANK1                idataBANK1   0000
__Hidloc                     idloc        0000
__Hinit                      init         0012
__Hintentry                  intentry     0012
__Hmaintext                  maintext     0000
__Hpowerup                   powerup      0000
__Hram                       ram          0000
__Hreset_vec                 reset_vec    0003
__Hsfr0                      sfr0         0000
__Hsfr1                      sfr1         0000
__Hsfr2                      sfr2         0000
__Hsfr3                      sfr3         0000
__Hspace_0                   (abs)        2008
__Hspace_1                   (abs)        00EF
__Hspace_2                   (abs)        0000
__Hspace_3                   (abs)        0000
__Hstack                     stack        0000
__Hstrings                   strings      0000
__Htext                      text         0000
__Labs1                      abs1         0000
__Lbank0                     bank0        0000
__Lbank1                     bank1        0000
__Lbank2                     bank2        0000
__Lbank3                     bank3        0000
__LbssBANK0                  bssBANK0     0000
__LbssBANK1                  bssBANK1     0000
__LbssCOMMON                 bssCOMMON    0000
__Lcinit                     cinit        0015
__Lclrtext                   clrtext      0000
__Lcode                      code         0000
__Lcommon                    common       0000
__Lconfig                    config       2007
__LcstackBANK0               cstackBANK0  0000
__LcstackBANK1               cstackBANK1  0000
__LcstackCOMMON              cstackCOMMON 0000
__LdataBANK0                 dataBANK0    0000
__LdataBANK1                 dataBANK1    0000
__Leeprom_data               eeprom_data  0000
__Lend_init                  end_init     0012
__Lfunctab                   functab      0000
__LidataBANK0                idataBANK0   0000
__LidataBANK1                idataBANK1   0000
__Lidloc                     idloc        0000
__Linit                      init         0012
__Lintentry                  intentry     0004
__Lmaintext                  maintext     0000
__Lpowerup                   powerup      0000
__Lram                       ram          0000
__Lreset_vec                 reset_vec    0000
__Lsfr0                      sfr0         0000
__Lsfr1                      sfr1         0000
__Lsfr2                      sfr2         0000
__Lsfr3                      sfr3         0000
__Lspace_0                   (abs)        0000
__Lspace_1                   (abs)        0000
__Lspace_2                   (abs)        0000
__Lspace_3                   (abs)        0000
__Lstack                     stack        0000
__Lstrings                   strings      0000
__Ltext                      text         0000
__S0                         (abs)        2008
__S1                         (abs)        00EF
__S2                         (abs)        0000
__S3                         (abs)        0000
___awmod                     text8        166C
___awmod@counter             cstackBANK0  0025
___awmod@dividend            cstackBANK0  0022
___awmod@divisor             cstackBANK0  0020
___awmod@sign                cstackBANK0  0026
___awtoft                    text27       13DF
___awtoft@c                  cstackBANK0  0028
___awtoft@sign               cstackBANK0  002D
___ftadd                     text26       0DCE
___ftadd@exp1                cstackBANK0  004D
___ftadd@exp2                cstackBANK0  004C
___ftadd@f1                  cstackBANK0  0041
___ftadd@f2                  cstackBANK0  0044
___ftadd@sign                cstackBANK0  004B
___ftdiv                     text12       0C43
___ftdiv@cntr                cstackBANK0  004B
___ftdiv@exp                 cstackBANK0  004F
___ftdiv@f1                  cstackBANK0  0044
___ftdiv@f2                  cstackBANK0  0041
___ftdiv@f3                  cstackBANK0  004C
___ftdiv@sign                cstackBANK0  0050
___ftge                      text20       1713
___ftge@ff1                  cstackBANK0  0020
___ftge@ff2                  cstackBANK0  0023
___ftmul                     text25       0CFB
___ftmul@cntr                cstackBANK0  003F
___ftmul@exp                 cstackBANK0  003B
___ftmul@f1                  cstackBANK0  0031
___ftmul@f2                  cstackBANK0  0034
___ftmul@f3_as_product       cstackBANK0  003C
___ftmul@sign                cstackBANK0  0040
___ftneg                     text24       12B0
___ftneg@f1                  cstackBANK0  002E
___ftpack                    text28       0795
___ftpack@arg                cstackBANK0  0020
___ftpack@exp                cstackBANK0  0023
___ftpack@sign               cstackBANK0  0024
___fttol                     text23       1772
___fttol@exp1                cstackBANK0  005B
___fttol@f1                  cstackBANK0  004E
___fttol@lval                cstackBANK0  0057
___fttol@sign1               cstackBANK0  0056
___int_sp                    stack        0000
___latbits                   (abs)        0002
___lwdiv                     text34       154F
___lwdiv@counter             cstackBANK0  0027
___lwdiv@dividend            cstackBANK0  0022
___lwdiv@divisor             cstackBANK0  0020
___lwdiv@quotient            cstackBANK0  0025
___lwmod                     text33       14E3
___lwmod@counter             cstackBANK0  002D
___lwmod@dividend            cstackBANK0  002A
___lwmod@divisor             cstackBANK0  0028
___sp                        stack        0000
___wmul                      text32       13BA
___wmul@multiplicand         cstackBANK0  0022
___wmul@multiplier           cstackBANK0  0020
___wmul@product              cstackBANK0  0024
__end_of_CalcMQ135           text11       03FA
__end_of_ISR                 text42       142B
__end_of___awmod             text8        16BB
__end_of___awtoft            text27       1404
__end_of___ftadd             text26       0ED7
__end_of___ftdiv             text12       0CFB
__end_of___ftge              text20       1772
__end_of___ftmul             text25       0DCE
__end_of___ftneg             text24       12BA
__end_of___ftpack            text28       07FF
__end_of___fttol             text23       1800
__end_of___lwdiv             text34       158F
__end_of___lwmod             text33       1519
__end_of___wmul              text32       13DF
__end_of__initialization     cinit        004F
__end_of__stringdata         strings      08FB
__end_of__stringtab          strings      0810
__end_of_activateHumidifier  text41       12D9
__end_of_checkMode           text39       134E
__end_of_checkSEL            text38       14E3
__end_of_checkTime           text37       1713
__end_of_dataCTRL            text36       130F
__end_of_displayDataDHT11    text29       161F
__end_of_displayPPM          text22       1000
__end_of_displayTime         text21       1372
__end_of_dpowers             strings      081A
__end_of_handlePPM           text19       14AF
__end_of_initDHT11           text3        1297
__end_of_initInterrupts      text18       129F
__end_of_initLCD             text2        13BA
__end_of_initPorts           text17       12C9
__end_of_initRegisters       text16       12B0
__end_of_instCTRL            text40       12FC
__end_of_isdigit             text31       12E9
__end_of_main                maintext     0795
__end_of_printToLCD          text35       147F
__end_of_readADC             text10       1454
__end_of_readDHT11           text14       0C43
__end_of_runClock            text15       132C
__end_of_runDHT11            text13       154F
__end_of_runMQ135            text9        1396
__end_of_setHoursEnd         text7        09A1
__end_of_setHoursStart       text6        0A47
__end_of_setMinutesEnd       text5        0AED
__end_of_setMinutesStart     text4        0B93
__end_of_sprintf             text30       063E
__end_of_startUpSequence     text1        15D3
__end_ofi1___awmod           text43       166C
__initialization             cinit        0015
__pbssBANK0                  bssBANK0     006D
__pbssBANK1                  bssBANK1     00D7
__pbssCOMMON                 bssCOMMON    007C
__pcstackBANK0               cstackBANK0  0020
__pcstackBANK1               cstackBANK1  00A0
__pcstackCOMMON              cstackCOMMON 0070
__pdataBANK0                 dataBANK0    0067
__pdataBANK1                 dataBANK1    00EE
__pidataBANK0                idataBANK0   128A
__pidataBANK1                idataBANK1   07FF
__pintentry                  intentry     0004
__pmaintext                  maintext     063E
__pstrings                   strings      0800
__ptext1                     text1        158F
__ptext10                    text10       142B
__ptext11                    text11       0053
__ptext12                    text12       0C43
__ptext13                    text13       1519
__ptext14                    text14       0B93
__ptext15                    text15       130F
__ptext16                    text16       12A7
__ptext17                    text17       12BA
__ptext18                    text18       1297
__ptext19                    text19       147F
__ptext2                     text2        1396
__ptext20                    text20       1713
__ptext21                    text21       134E
__ptext22                    text22       0ED7
__ptext23                    text23       1772
__ptext24                    text24       12B0
__ptext25                    text25       0CFB
__ptext26                    text26       0DCE
__ptext27                    text27       13DF
__ptext28                    text28       0795
__ptext29                    text29       15D3
__ptext3                     text3        1290
__ptext30                    text30       03FA
__ptext31                    text31       12D9
__ptext32                    text32       13BA
__ptext33                    text33       14E3
__ptext34                    text34       154F
__ptext35                    text35       1454
__ptext36                    text36       12FC
__ptext37                    text37       16BB
__ptext38                    text38       14AF
__ptext39                    text39       132C
__ptext4                     text4        0AED
__ptext40                    text40       12E9
__ptext41                    text41       12C9
__ptext42                    text42       1404
__ptext43                    text43       161F
__ptext5                     text5        0A47
__ptext6                     text6        09A1
__ptext7                     text7        08FB
__ptext8                     text8        166C
__ptext9                     text9        1372
__size_of_CalcMQ135          (abs)        0000
__size_of_ISR                (abs)        0000
__size_of___awmod            (abs)        0000
__size_of___awtoft           (abs)        0000
__size_of___ftadd            (abs)        0000
__size_of___ftdiv            (abs)        0000
__size_of___ftge             (abs)        0000
__size_of___ftmul            (abs)        0000
__size_of___ftneg            (abs)        0000
__size_of___ftpack           (abs)        0000
__size_of___fttol            (abs)        0000
__size_of___lwdiv            (abs)        0000
__size_of___lwmod            (abs)        0000
__size_of___wmul             (abs)        0000
__size_of_activateHumidifier (abs)        0000
__size_of_checkMode          (abs)        0000
__size_of_checkSEL           (abs)        0000
__size_of_checkTime          (abs)        0000
__size_of_dataCTRL           (abs)        0000
__size_of_displayDataDHT11   (abs)        0000
__size_of_displayPPM         (abs)        0000
__size_of_displayTime        (abs)        0000
__size_of_handlePPM          (abs)        0000
__size_of_initDHT11          (abs)        0000
__size_of_initInterrupts     (abs)        0000
__size_of_initLCD            (abs)        0000
__size_of_initPorts          (abs)        0000
__size_of_initRegisters      (abs)        0000
__size_of_instCTRL           (abs)        0000
__size_of_isdigit            (abs)        0000
__size_of_main               (abs)        0000
__size_of_printToLCD         (abs)        0000
__size_of_readADC            (abs)        0000
__size_of_readDHT11          (abs)        0000
__size_of_runClock           (abs)        0000
__size_of_runDHT11           (abs)        0000
__size_of_runMQ135           (abs)        0000
__size_of_setHoursEnd        (abs)        0000
__size_of_setHoursStart      (abs)        0000
__size_of_setMinutesEnd      (abs)        0000
__size_of_setMinutesStart    (abs)        0000
__size_of_sprintf            (abs)        0000
__size_of_startUpSequence    (abs)        0000
__size_ofi1___awmod          (abs)        0000
__stringbase                 strings      080F
__stringdata                 strings      081A
__stringtab                  strings      0800
_activateHumidifier          text41       12C9
_checkMode                   text39       132C
_checkSEL                    text38       14AF
_checkTime                   text37       16BB
_dataCTRL                    text36       12FC
_debugInfo                   bssBANK1     00E4
_displayDataDHT11            text29       15D3
_displayPPM                  text22       0ED7
_displayTime                 text21       134E
_dpowers                     strings      0810
_handlePPM                   text19       147F
_hours                       dataBANK0    0067
_humidity                    bssCOMMON    007C
_initDHT11                   text3        1290
_initInterrupts              text18       1297
_initLCD                     text2        1396
_initPorts                   text17       12BA
_initRegisters               text16       12A7
_instCTRL                    text40       12E9
_isdigit                     text31       12D9
_isdigit$521                 cstackBANK0  0020
_key                         bssBANK0     006D
_keyValid                    bssBANK0     006E
_lastKeyState                dataBANK0    0068
_lastMode                    dataBANK1    00EE
_main                        maintext     063E
_minutes                     bssBANK0     006F
_mode                        bssBANK1     00E2
_ppmFlag                     bssBANK1     00E3
_printToLCD                  text35       1454
_readADC                     text10       142B
_readDHT11                   text14       0B93
_runClock                    text15       130F
_runDHT11                    text13       1519
_runMQ135                    text9        1372
_savedHoursEnd               dataBANK0    0069
_savedHoursStart             dataBANK0    006A
_savedMinutesEnd             dataBANK0    006B
_savedMinutesStart           dataBANK0    006C
_setHoursEnd                 text7        08FB
_setHoursStart               text6        09A1
_setMinutesEnd               text5        0A47
_setMinutesStart             text4        0AED
_sprintf                     text30       03FA
_startUpSequence             text1        158F
_temperature                 bssCOMMON    007D
btemp                        (abs)        007E
checkSEL@currentRB1State     cstackBANK0  0024
checkSEL@lastRB1State        bssBANK1     00DF
clear_ram0                   clrtext      129F
dataCTRL@DAT                 cstackBANK0  0021
displayDataDHT11@buffer      cstackBANK0  0049
displayPPM@bufPtr            cstackBANK1  00B8
displayPPM@ppmFraction       cstackBANK1  00B6
displayPPM@ppmWhole          cstackBANK1  00B4
displayPPM@strBuffer         cstackBANK1  00A0
displayTime@timeFormat       cstackBANK0  004B
end_of_initialization        cinit        004F
i1___awmod                   text43       161F
i1___awmod@counter           cstackCOMMON 0075
i1___awmod@dividend          cstackCOMMON 0072
i1___awmod@divisor           cstackCOMMON 0070
i1___awmod@sign              cstackCOMMON 0076
instCTRL@CMD                 cstackBANK0  0021
interrupt_function           intentry     0004
intlevel0                    functab      0000
intlevel1                    functab      0000
intlevel2                    functab      0000
intlevel3                    functab      0000
intlevel4                    functab      0000
intlevel5                    functab      0000
isdigit@c                    cstackBANK0  0021
ltemp                        (abs)        007E
ltemp0                       (abs)        007E
ltemp1                       (abs)        0082
ltemp2                       (abs)        0086
ltemp3                       (abs)        0080
main@buffer                  cstackBANK1  00C7
printToLCD@str               cstackBANK0  0022
readADC@channel              cstackBANK0  0024
readDHT11@F1216              bssBANK1     00D7
readDHT11@bits               cstackBANK0  0028
readDHT11@humidity           cstackBANK0  0020
readDHT11@i                  cstackBANK0  002D
readDHT11@j                  cstackBANK0  002E
readDHT11@temperature        cstackBANK0  0027
reset_vec                    reset_vec    0000
saved_w                      (abs)        007E
sprintf@_val                 cstackBANK0  0041
sprintf@ap                   cstackBANK0  003A
sprintf@c                    cstackBANK0  0044
sprintf@ccnt                 cstackBANK0  003C
sprintf@f                    cstackBANK0  002E
sprintf@flag                 cstackBANK0  003E
sprintf@prec                 cstackBANK0  003B
sprintf@sp                   cstackBANK0  0045
sprintf@width                cstackBANK0  003F
stackhi                      (abs)        0000
stacklo                      (abs)        0000
start                        init         0012
start_initialization         cinit        0015
ttemp                        (abs)        007E
ttemp0                       (abs)        007E
ttemp1                       (abs)        0081
ttemp2                       (abs)        0084
ttemp3                       (abs)        0087
ttemp4                       (abs)        007F
wtemp                        (abs)        007E
wtemp0                       (abs)        007E
wtemp1                       (abs)        0080
wtemp2                       (abs)        0082
wtemp3                       (abs)        0084
wtemp4                       (abs)        0086
wtemp5                       (abs)        0088
wtemp6                       (abs)        007F


FUNCTION INFORMATION:

 *************** function _main *****************
 Defined at:
		line 29 in file "D:\uni_2023-2024\cpe3201\embedded-systems\FinalProject\working-build\second-version\main.c"
 Parameters:    Size  Location     Type
		None
 Auto vars:     Size  Location     Type
  buffer         16   39[BANK1 ] unsigned char [16]
 Return value:  Size  Location     Type
		None               void
 Registers used:
		wreg, fsr0l, fsr0h, status,2, status,0, btemp+1, pclath, cstack
 Tracked objects:
		On entry : 
		On exit  : 
		Unchanged: 
 Data sizes:     COMMON   BANK0   BANK1   BANK3   BANK2
      Params:         0       0       0       0       0
      Locals:         0       0      16       0       0
      Temps:          0       9       0       0       0
      Totals:         0       9      16       0       0
Total ram usage:       25 bytes
 Hardware stack levels required when called:    6
 This function calls:
		_activateHumidifier
		_checkMode
		_checkSEL
		_checkTime
		_displayDataDHT11
		_displayPPM
		_displayTime
		_handlePPM
		_initInterrupts
		_initPorts
		_initRegisters
		_instCTRL
		_printToLCD
		_runClock
		_runDHT11
		_runMQ135
		_setHoursEnd
		_setHoursStart
		_setMinutesEnd
		_setMinutesStart
		_sprintf
		_startUpSequence
 This function is called by:
		Startup code after reset
 This function uses a non-reentrant model


 *************** function _startUpSequence *****************
 Defined at:
		line 163 in file "D:\uni_2023-2024\cpe3201\embedded-systems\FinalProject\working-build\second-version\main.c"
 Parameters:    Size  Location     Type
		None
 Auto vars:     Size  Location     Type
		None
 Return value:  Size  Location     Type
		None               void
 Registers used:
		wreg, fsr0l, fsr0h, status,2, status,0, btemp+1, pclath, cstack
 Tracked objects:
		On entry : 
		On exit  : 
		Unchanged: 
 Data sizes:     COMMON   BANK0   BANK1   BANK3   BANK2
      Params:         0       0       0       0       0
      Locals:         0       0       0       0       0
      Temps:          0       3       0       0       0
      Totals:         0       3       0       0       0
Total ram usage:        3 bytes
 Hardware stack levels used:    1
 Hardware stack levels required when called:    4
 This function calls:
		_initDHT11
		_initLCD
		_instCTRL
		_printToLCD
 This function is called by:
		_main
 This function uses a non-reentrant model


 *************** function _initLCD *****************
 Defined at:
		line 42 in file "D:\uni_2023-2024\cpe3201\embedded-systems\FinalProject\working-build\second-version\lcd_functions.h"
 Parameters:    Size  Location     Type
		None
 Auto vars:     Size  Location     Type
		None
 Return value:  Size  Location     Type
		None               void
 Registers used:
		wreg, status,2, status,0, pclath, cstack
 Tracked objects:
		On entry : 
		On exit  : 
		Unchanged: 
 Data sizes:     COMMON   BANK0   BANK1   BANK3   BANK2
      Params:         0       0       0       0       0
      Locals:         0       0       0       0       0
      Temps:          0       1       0       0       0
      Totals:         0       1       0       0       0
Total ram usage:        1 bytes
 Hardware stack levels used:    1
 Hardware stack levels required when called:    3
 This function calls:
		_instCTRL
 This function is called by:
		_startUpSequence
 This function uses a non-reentrant model


 *************** function _initDHT11 *****************
 Defined at:
		line 21 in file "D:\uni_2023-2024\cpe3201\embedded-systems\FinalProject\working-build\second-version\dht11_module.h"
 Parameters:    Size  Location     Type
		None
 Auto vars:     Size  Location     Type
		None
 Return value:  Size  Location     Type
		None               void
 Registers used:
		None
 Tracked objects:
		On entry : 
		On exit  : 
		Unchanged: 
 Data sizes:     COMMON   BANK0   BANK1   BANK3   BANK2
      Params:         0       0       0       0       0
      Locals:         0       0       0       0       0
      Temps:          0       0       0       0       0
      Totals:         0       0       0       0       0
Total ram usage:        0 bytes
 Hardware stack levels used:    1
 Hardware stack levels required when called:    2
 This function calls:
		Nothing
 This function is called by:
		_startUpSequence
 This function uses a non-reentrant model


 *************** function _setMinutesStart *****************
 Defined at:
		line 133 in file "D:\uni_2023-2024\cpe3201\embedded-systems\FinalProject\working-build\second-version\time_scheduler.h"
 Parameters:    Size  Location     Type
		None
 Auto vars:     Size  Location     Type
		None
 Return value:  Size  Location     Type
		None               void
 Registers used:
		wreg, fsr0l, fsr0h, status,2, status,0, btemp+1, pclath, cstack
 Tracked objects:
		On entry : 
		On exit  : 
		Unchanged: 
 Data sizes:     COMMON   BANK0   BANK1   BANK3   BANK2
      Params:         0       0       0       0       0
      Locals:         0       0       0       0       0
      Temps:          0       3       0       0       0
      Totals:         0       3       0       0       0
Total ram usage:        3 bytes
 Hardware stack levels used:    1
 Hardware stack levels required when called:    4
 This function calls:
		___awmod
		_printToLCD
		_sprintf
 This function is called by:
		_main
 This function uses a non-reentrant model


 *************** function _setMinutesEnd *****************
 Defined at:
		line 171 in file "D:\uni_2023-2024\cpe3201\embedded-systems\FinalProject\working-build\second-version\time_scheduler.h"
 Parameters:    Size  Location     Type
		None
 Auto vars:     Size  Location     Type
		None
 Return value:  Size  Location     Type
		None               void
 Registers used:
		wreg, fsr0l, fsr0h, status,2, status,0, btemp+1, pclath, cstack
 Tracked objects:
		On entry : 
		On exit  : 
		Unchanged: 
 Data sizes:     COMMON   BANK0   BANK1   BANK3   BANK2
      Params:         0       0       0       0       0
      Locals:         0       0       0       0       0
      Temps:          0       3       0       0       0
      Totals:         0       3       0       0       0
Total ram usage:        3 bytes
 Hardware stack levels used:    1
 Hardware stack levels required when called:    4
 This function calls:
		___awmod
		_printToLCD
		_sprintf
 This function is called by:
		_main
 This function uses a non-reentrant model


 *************** function _setHoursStart *****************
 Defined at:
		line 56 in file "D:\uni_2023-2024\cpe3201\embedded-systems\FinalProject\working-build\second-version\time_scheduler.h"
 Parameters:    Size  Location     Type
		None
 Auto vars:     Size  Location     Type
		None
 Return value:  Size  Location     Type
		None               void
 Registers used:
		wreg, fsr0l, fsr0h, status,2, status,0, btemp+1, pclath, cstack
 Tracked objects:
		On entry : 
		On exit  : 
		Unchanged: 
 Data sizes:     COMMON   BANK0   BANK1   BANK3   BANK2
      Params:         0       0       0       0       0
      Locals:         0       0       0       0       0
      Temps:          0       3       0       0       0
      Totals:         0       3       0       0       0
Total ram usage:        3 bytes
 Hardware stack levels used:    1
 Hardware stack levels required when called:    4
 This function calls:
		___awmod
		_printToLCD
		_sprintf
 This function is called by:
		_main
 This function uses a non-reentrant model


 *************** function _setHoursEnd *****************
 Defined at:
		line 95 in file "D:\uni_2023-2024\cpe3201\embedded-systems\FinalProject\working-build\second-version\time_scheduler.h"
 Parameters:    Size  Location     Type
		None
 Auto vars:     Size  Location     Type
		None
 Return value:  Size  Location     Type
		None               void
 Registers used:
		wreg, fsr0l, fsr0h, status,2, status,0, btemp+1, pclath, cstack
 Tracked objects:
		On entry : 
		On exit  : 
		Unchanged: 
 Data sizes:     COMMON   BANK0   BANK1   BANK3   BANK2
      Params:         0       0       0       0       0
      Locals:         0       0       0       0       0
      Temps:          0       3       0       0       0
      Totals:         0       3       0       0       0
Total ram usage:        3 bytes
 Hardware stack levels used:    1
 Hardware stack levels required when called:    4
 This function calls:
		___awmod
		_printToLCD
		_sprintf
 This function is called by:
		_main
 This function uses a non-reentrant model


 *************** function ___awmod *****************
 Defined at:
		line 6 in file "C:\Program Files (x86)\Microchip\xc8\v1.33\sources\common\awmod.c"
 Parameters:    Size  Location     Type
  divisor         2    0[BANK0 ] int 
  dividend        2    2[BANK0 ] int 
 Auto vars:     Size  Location     Type
  sign            1    6[BANK0 ] unsigned char 
  counter         1    5[BANK0 ] unsigned char 
 Return value:  Size  Location     Type
                  2    0[BANK0 ] int 
 Registers used:
		wreg, status,2, status,0
 Tracked objects:
		On entry : 
		On exit  : 
		Unchanged: 
 Data sizes:     COMMON   BANK0   BANK1   BANK3   BANK2
      Params:         0       4       0       0       0
      Locals:         0       2       0       0       0
      Temps:          0       1       0       0       0
      Totals:         0       7       0       0       0
Total ram usage:        7 bytes
 Hardware stack levels used:    1
 Hardware stack levels required when called:    2
 This function calls:
		Nothing
 This function is called by:
		_setHoursStart
		_setHoursEnd
		_setMinutesStart
		_setMinutesEnd
 This function uses a non-reentrant model


 *************** function _runMQ135 *****************
 Defined at:
		line 32 in file "D:\uni_2023-2024\cpe3201\embedded-systems\FinalProject\working-build\second-version\mq135_module.h"
 Parameters:    Size  Location     Type
		None
 Auto vars:     Size  Location     Type
		None
 Return value:  Size  Location     Type
		None               void
 Registers used:
		wreg, status,2, status,0, pclath, cstack
 Tracked objects:
		On entry : 
		On exit  : 
		Unchanged: 
 Data sizes:     COMMON   BANK0   BANK1   BANK3   BANK2
      Params:         0       0       0       0       0
      Locals:         0       0       0       0       0
      Temps:          0       0       0       0       0
      Totals:         0       0       0       0       0
Total ram usage:        0 bytes
 Hardware stack levels used:    1
 Hardware stack levels required when called:    5
 This function calls:
		_CalcMQ135
		_readADC
 This function is called by:
		_main
 This function uses a non-reentrant model


 *************** function _readADC *****************
 Defined at:
		line 23 in file "D:\uni_2023-2024\cpe3201\embedded-systems\FinalProject\working-build\second-version\common_dependencies.h"
 Parameters:    Size  Location     Type
  channel         1    wreg     unsigned char 
 Auto vars:     Size  Location     Type
  channel         1    4[BANK0 ] unsigned char 
 Return value:  Size  Location     Type
                  2    0[BANK0 ] int 
 Registers used:
		wreg, status,2, status,0
 Tracked objects:
		On entry : 
		On exit  : 
		Unchanged: 
 Data sizes:     COMMON   BANK0   BANK1   BANK3   BANK2
      Params:         0       2       0       0       0
      Locals:         0       1       0       0       0
      Temps:          0       2       0       0       0
      Totals:         0       5       0       0       0
Total ram usage:        5 bytes
 Hardware stack levels used:    1
 Hardware stack levels required when called:    2
 This function calls:
		Nothing
 This function is called by:
		_runMQ135
 This function uses a non-reentrant model


 *************** function _CalcMQ135 *****************
 Defined at:
		line 93 in file "D:\uni_2023-2024\cpe3201\embedded-systems\FinalProject\working-build\second-version\mq135_module.h"
 Parameters:    Size  Location     Type
  RAW_ADC         2   49[BANK0 ] int 
 Auto vars:     Size  Location     Type
  ratio           3   36[BANK1 ] float 
  co2             3   33[BANK1 ] float 
  ratio5          3   30[BANK1 ] float 
  ratio4          3   27[BANK1 ] float 
  ratio3          3   24[BANK1 ] float 
  ratio2          3   21[BANK1 ] float 
  ratio6          3    3[BANK1 ] float 
  voltage         3    0[BANK1 ] float 
 Return value:  Size  Location     Type
                  3   49[BANK0 ] float 
 Registers used:
		wreg, status,2, status,0, pclath, cstack
 Tracked objects:
		On entry : 
		On exit  : 
		Unchanged: 
 Data sizes:     COMMON   BANK0   BANK1   BANK3   BANK2
      Params:         0       3       0       0       0
      Locals:         0       0      39       0       0
      Temps:          0       0       0       0       0
      Totals:         0       3      39       0       0
Total ram usage:       42 bytes
 Hardware stack levels used:    1
 Hardware stack levels required when called:    4
 This function calls:
		___awtoft
		___ftadd
		___ftdiv
		___ftmul
 This function is called by:
		_runMQ135
 This function uses a non-reentrant model


 *************** function ___ftdiv *****************
 Defined at:
		line 49 in file "C:\Program Files (x86)\Microchip\xc8\v1.33\sources\pic\ftdiv.c"
 Parameters:    Size  Location     Type
  f2              3   33[BANK0 ] float 
  f1              3   36[BANK0 ] float 
 Auto vars:     Size  Location     Type
  f3              3   44[BANK0 ] float 
  sign            1   48[BANK0 ] unsigned char 
  exp             1   47[BANK0 ] unsigned char 
  cntr            1   43[BANK0 ] unsigned char 
 Return value:  Size  Location     Type
                  3   33[BANK0 ] float 
 Registers used:
		wreg, status,2, status,0, pclath, cstack
 Tracked objects:
		On entry : 
		On exit  : 
		Unchanged: 
 Data sizes:     COMMON   BANK0   BANK1   BANK3   BANK2
      Params:         0       6       0       0       0
      Locals:         0       6       0       0       0
      Temps:          0       4       0       0       0
      Totals:         0      16       0       0       0
Total ram usage:       16 bytes
 Hardware stack levels used:    1
 Hardware stack levels required when called:    3
 This function calls:
		___ftpack
 This function is called by:
		_CalcMQ135
 This function uses a non-reentrant model


 *************** function _runDHT11 *****************
 Defined at:
		line 94 in file "D:\uni_2023-2024\cpe3201\embedded-systems\FinalProject\working-build\second-version\dht11_module.h"
 Parameters:    Size  Location     Type
		None
 Auto vars:     Size  Location     Type
		None
 Return value:  Size  Location     Type
		None               void
 Registers used:
		wreg, fsr0l, fsr0h, status,2, status,0, btemp+1, pclath, cstack
 Tracked objects:
		On entry : 
		On exit  : 
		Unchanged: 
 Data sizes:     COMMON   BANK0   BANK1   BANK3   BANK2
      Params:         0       0       0       0       0
      Locals:         0       0       0       0       0
      Temps:          0       3       0       0       0
      Totals:         0       3       0       0       0
Total ram usage:        3 bytes
 Hardware stack levels used:    1
 Hardware stack levels required when called:    4
 This function calls:
		_instCTRL
		_printToLCD
		_readDHT11
 This function is called by:
		_main
 This function uses a non-reentrant model


 *************** function _readDHT11 *****************
 Defined at:
		line 27 in file "D:\uni_2023-2024\cpe3201\embedded-systems\FinalProject\working-build\second-version\dht11_module.h"
 Parameters:    Size  Location     Type
  temperature     1    wreg     PTR unsigned char 
		 -> temperature(1), 
  humidity        1    0[BANK0 ] PTR unsigned char 
		 -> humidity(1), 
 Auto vars:     Size  Location     Type
  temperature     1    7[BANK0 ] PTR unsigned char 
		 -> temperature(1), 
  bits            5    8[BANK0 ] unsigned char [5]
  j               1   14[BANK0 ] unsigned char 
  i               1   13[BANK0 ] unsigned char 
 Return value:  Size  Location     Type
                  1    wreg      unsigned char 
 Registers used:
		wreg, fsr0l, fsr0h, status,2, status,0
 Tracked objects:
		On entry : 
		On exit  : 
		Unchanged: 
 Data sizes:     COMMON   BANK0   BANK1   BANK3   BANK2
      Params:         0       1       0       0       0
      Locals:         0       8       0       0       0
      Temps:          0       6       0       0       0
      Totals:         0      15       0       0       0
Total ram usage:       15 bytes
 Hardware stack levels used:    1
 Hardware stack levels required when called:    2
 This function calls:
		Nothing
 This function is called by:
		_runDHT11
 This function uses a non-reentrant model


 *************** function _runClock *****************
 Defined at:
		line 34 in file "D:\uni_2023-2024\cpe3201\embedded-systems\FinalProject\working-build\second-version\time_scheduler.h"
 Parameters:    Size  Location     Type
		None
 Auto vars:     Size  Location     Type
		None
 Return value:  Size  Location     Type
		None               void
 Registers used:
		wreg, status,2, status,0
 Tracked objects:
		On entry : 
		On exit  : 
		Unchanged: 
 Data sizes:     COMMON   BANK0   BANK1   BANK3   BANK2
      Params:         0       0       0       0       0
      Locals:         0       0       0       0       0
      Temps:          0       2       0       0       0
      Totals:         0       2       0       0       0
Total ram usage:        2 bytes
 Hardware stack levels used:    1
 Hardware stack levels required when called:    2
 This function calls:
		Nothing
 This function is called by:
		_main
 This function uses a non-reentrant model


 *************** function _initRegisters *****************
 Defined at:
		line 147 in file "D:\uni_2023-2024\cpe3201\embedded-systems\FinalProject\working-build\second-version\main.c"
 Parameters:    Size  Location     Type
		None
 Auto vars:     Size  Location     Type
		None
 Return value:  Size  Location     Type
		None               void
 Registers used:
		wreg
 Tracked objects:
		On entry : 
		On exit  : 
		Unchanged: 
 Data sizes:     COMMON   BANK0   BANK1   BANK3   BANK2
      Params:         0       0       0       0       0
      Locals:         0       0       0       0       0
      Temps:          0       0       0       0       0
      Totals:         0       0       0       0       0
Total ram usage:        0 bytes
 Hardware stack levels used:    1
 Hardware stack levels required when called:    2
 This function calls:
		Nothing
 This function is called by:
		_main
 This function uses a non-reentrant model


 *************** function _initPorts *****************
 Defined at:
		line 138 in file "D:\uni_2023-2024\cpe3201\embedded-systems\FinalProject\working-build\second-version\main.c"
 Parameters:    Size  Location     Type
		None
 Auto vars:     Size  Location     Type
		None
 Return value:  Size  Location     Type
		None               void
 Registers used:
		wreg, status,2
 Tracked objects:
		On entry : 
		On exit  : 
		Unchanged: 
 Data sizes:     COMMON   BANK0   BANK1   BANK3   BANK2
      Params:         0       0       0       0       0
      Locals:         0       0       0       0       0
      Temps:          0       0       0       0       0
      Totals:         0       0       0       0       0
Total ram usage:        0 bytes
 Hardware stack levels used:    1
 Hardware stack levels required when called:    2
 This function calls:
		Nothing
 This function is called by:
		_main
 This function uses a non-reentrant model


 *************** function _initInterrupts *****************
 Defined at:
		line 154 in file "D:\uni_2023-2024\cpe3201\embedded-systems\FinalProject\working-build\second-version\main.c"
 Parameters:    Size  Location     Type
		None
 Auto vars:     Size  Location     Type
		None
 Return value:  Size  Location     Type
		None               void
 Registers used:
		None
 Tracked objects:
		On entry : 
		On exit  : 
		Unchanged: 
 Data sizes:     COMMON   BANK0   BANK1   BANK3   BANK2
      Params:         0       0       0       0       0
      Locals:         0       0       0       0       0
      Temps:          0       0       0       0       0
      Totals:         0       0       0       0       0
Total ram usage:        0 bytes
 Hardware stack levels used:    1
 Hardware stack levels required when called:    2
 This function calls:
		Nothing
 This function is called by:
		_main
 This function uses a non-reentrant model


 *************** function _handlePPM *****************
 Defined at:
		line 54 in file "D:\uni_2023-2024\cpe3201\embedded-systems\FinalProject\working-build\second-version\mq135_module.h"
 Parameters:    Size  Location     Type
		None
 Auto vars:     Size  Location     Type
		None
 Return value:  Size  Location     Type
                  1    wreg      unsigned char 
 Registers used:
		wreg, status,2, status,0, pclath, cstack
 Tracked objects:
		On entry : 
		On exit  : 
		Unchanged: 
 Data sizes:     COMMON   BANK0   BANK1   BANK3   BANK2
      Params:         0       0       0       0       0
      Locals:         0       0       0       0       0
      Temps:          0       0       0       0       0
      Totals:         0       0       0       0       0
Total ram usage:        0 bytes
 Hardware stack levels used:    1
 Hardware stack levels required when called:    3
 This function calls:
		___ftge
 This function is called by:
		_main
 This function uses a non-reentrant model


 *************** function ___ftge *****************
 Defined at:
		line 4 in file "C:\Program Files (x86)\Microchip\xc8\v1.33\sources\common\ftge.c"
 Parameters:    Size  Location     Type
  ff1             3    0[BANK0 ] float 
  ff2             3    3[BANK0 ] float 
 Auto vars:     Size  Location     Type
		None
 Return value:  Size  Location     Type
		None               void
 Registers used:
		wreg, status,2, status,0
 Tracked objects:
		On entry : 
		On exit  : 
		Unchanged: 
 Data sizes:     COMMON   BANK0   BANK1   BANK3   BANK2
      Params:         0       6       0       0       0
      Locals:         0       0       0       0       0
      Temps:          0       6       0       0       0
      Totals:         0      12       0       0       0
Total ram usage:       12 bytes
 Hardware stack levels used:    1
 Hardware stack levels required when called:    2
 This function calls:
		Nothing
 This function is called by:
		_handlePPM
 This function uses a non-reentrant model


 *************** function _displayTime *****************
 Defined at:
		line 50 in file "D:\uni_2023-2024\cpe3201\embedded-systems\FinalProject\working-build\second-version\time_scheduler.h"
 Parameters:    Size  Location     Type
		None
 Auto vars:     Size  Location     Type
  timeFormat     16   43[BANK0 ] unsigned char [16]
 Return value:  Size  Location     Type
		None               void
 Registers used:
		wreg, fsr0l, fsr0h, status,2, status,0, btemp+1, pclath, cstack
 Tracked objects:
		On entry : 
		On exit  : 
		Unchanged: 
 Data sizes:     COMMON   BANK0   BANK1   BANK3   BANK2
      Params:         0       0       0       0       0
      Locals:         0      16       0       0       0
      Temps:          0       5       0       0       0
      Totals:         0      21       0       0       0
Total ram usage:       21 bytes
 Hardware stack levels used:    1
 Hardware stack levels required when called:    4
 This function calls:
		_printToLCD
		_sprintf
 This function is called by:
		_main
 This function uses a non-reentrant model


 *************** function _displayPPM *****************
 Defined at:
		line 37 in file "D:\uni_2023-2024\cpe3201\embedded-systems\FinalProject\working-build\second-version\mq135_module.h"
 Parameters:    Size  Location     Type
		None
 Auto vars:     Size  Location     Type
  strBuffer      20    0[BANK1 ] unsigned char [20]
  ppmFraction     2   22[BANK1 ] int 
  ppmWhole        2   20[BANK1 ] int 
  bufPtr          1   24[BANK1 ] PTR unsigned char 
		 -> displayPPM@strBuffer(20), 
 Return value:  Size  Location     Type
		None               void
 Registers used:
		wreg, fsr0l, fsr0h, status,2, status,0, btemp+1, pclath, cstack
 Tracked objects:
		On entry : 
		On exit  : 
		Unchanged: 
 Data sizes:     COMMON   BANK0   BANK1   BANK3   BANK2
      Params:         0       0       0       0       0
      Locals:         0       0      25       0       0
      Temps:          0       2       0       0       0
      Totals:         0       2      25       0       0
Total ram usage:       27 bytes
 Hardware stack levels used:    1
 Hardware stack levels required when called:    4
 This function calls:
		___awtoft
		___ftadd
		___ftmul
		___ftneg
		___fttol
		_printToLCD
		_sprintf
 This function is called by:
		_main
 This function uses a non-reentrant model


 *************** function ___fttol *****************
 Defined at:
		line 44 in file "C:\Program Files (x86)\Microchip\xc8\v1.33\sources\common\fttol.c"
 Parameters:    Size  Location     Type
  f1              3   46[BANK0 ] float 
 Auto vars:     Size  Location     Type
  lval            4   55[BANK0 ] unsigned long 
  exp1            1   59[BANK0 ] unsigned char 
  sign1           1   54[BANK0 ] unsigned char 
 Return value:  Size  Location     Type
                  4   46[BANK0 ] long 
 Registers used:
		wreg, status,2, status,0
 Tracked objects:
		On entry : 
		On exit  : 
		Unchanged: 
 Data sizes:     COMMON   BANK0   BANK1   BANK3   BANK2
      Params:         0       4       0       0       0
      Locals:         0       6       0       0       0
      Temps:          0       4       0       0       0
      Totals:         0      14       0       0       0
Total ram usage:       14 bytes
 Hardware stack levels used:    1
 Hardware stack levels required when called:    2
 This function calls:
		Nothing
 This function is called by:
		_displayPPM
 This function uses a non-reentrant model


 *************** function ___ftneg *****************
 Defined at:
		line 15 in file "C:\Program Files (x86)\Microchip\xc8\v1.33\sources\common\ftneg.c"
 Parameters:    Size  Location     Type
  f1              3   14[BANK0 ] float 
 Auto vars:     Size  Location     Type
		None
 Return value:  Size  Location     Type
                  3   14[BANK0 ] float 
 Registers used:
		wreg
 Tracked objects:
		On entry : 
		On exit  : 
		Unchanged: 
 Data sizes:     COMMON   BANK0   BANK1   BANK3   BANK2
      Params:         0       3       0       0       0
      Locals:         0       0       0       0       0
      Temps:          0       0       0       0       0
      Totals:         0       3       0       0       0
Total ram usage:        3 bytes
 Hardware stack levels used:    1
 Hardware stack levels required when called:    2
 This function calls:
		Nothing
 This function is called by:
		_displayPPM
 This function uses a non-reentrant model


 *************** function ___ftmul *****************
 Defined at:
		line 62 in file "C:\Program Files (x86)\Microchip\xc8\v1.33\sources\common\ftmul.c"
 Parameters:    Size  Location     Type
  f1              3   17[BANK0 ] float 
  f2              3   20[BANK0 ] float 
 Auto vars:     Size  Location     Type
  f3_as_produc    3   28[BANK0 ] unsigned um
  sign            1   32[BANK0 ] unsigned char 
  cntr            1   31[BANK0 ] unsigned char 
  exp             1   27[BANK0 ] unsigned char 
 Return value:  Size  Location     Type
                  3   17[BANK0 ] float 
 Registers used:
		wreg, status,2, status,0, pclath, cstack
 Tracked objects:
		On entry : 
		On exit  : 
		Unchanged: 
 Data sizes:     COMMON   BANK0   BANK1   BANK3   BANK2
      Params:         0       6       0       0       0
      Locals:         0       6       0       0       0
      Temps:          0       4       0       0       0
      Totals:         0      16       0       0       0
Total ram usage:       16 bytes
 Hardware stack levels used:    1
 Hardware stack levels required when called:    3
 This function calls:
		___ftpack
 This function is called by:
		_displayPPM
		_CalcMQ135
 This function uses a non-reentrant model


 *************** function ___ftadd *****************
 Defined at:
		line 86 in file "C:\Program Files (x86)\Microchip\xc8\v1.33\sources\common\ftadd.c"
 Parameters:    Size  Location     Type
  f1              3   33[BANK0 ] float 
  f2              3   36[BANK0 ] float 
 Auto vars:     Size  Location     Type
  exp1            1   45[BANK0 ] unsigned char 
  exp2            1   44[BANK0 ] unsigned char 
  sign            1   43[BANK0 ] unsigned char 
 Return value:  Size  Location     Type
                  3   33[BANK0 ] float 
 Registers used:
		wreg, status,2, status,0, pclath, cstack
 Tracked objects:
		On entry : 
		On exit  : 
		Unchanged: 
 Data sizes:     COMMON   BANK0   BANK1   BANK3   BANK2
      Params:         0       6       0       0       0
      Locals:         0       3       0       0       0
      Temps:          0       4       0       0       0
      Totals:         0      13       0       0       0
Total ram usage:       13 bytes
 Hardware stack levels used:    1
 Hardware stack levels required when called:    3
 This function calls:
		___ftpack
 This function is called by:
		_displayPPM
		_CalcMQ135
 This function uses a non-reentrant model


 *************** function ___awtoft *****************
 Defined at:
		line 32 in file "C:\Program Files (x86)\Microchip\xc8\v1.33\sources\common\awtoft.c"
 Parameters:    Size  Location     Type
  c               2    8[BANK0 ] int 
 Auto vars:     Size  Location     Type
  sign            1   13[BANK0 ] unsigned char 
 Return value:  Size  Location     Type
                  3    8[BANK0 ] float 
 Registers used:
		wreg, status,2, status,0, pclath, cstack
 Tracked objects:
		On entry : 
		On exit  : 
		Unchanged: 
 Data sizes:     COMMON   BANK0   BANK1   BANK3   BANK2
      Params:         0       3       0       0       0
      Locals:         0       1       0       0       0
      Temps:          0       2       0       0       0
      Totals:         0       6       0       0       0
Total ram usage:        6 bytes
 Hardware stack levels used:    1
 Hardware stack levels required when called:    3
 This function calls:
		___ftpack
 This function is called by:
		_displayPPM
		_CalcMQ135
 This function uses a non-reentrant model


 *************** function ___ftpack *****************
 Defined at:
		line 62 in file "C:\Program Files (x86)\Microchip\xc8\v1.33\sources\common\float.c"
 Parameters:    Size  Location     Type
  arg             3    0[BANK0 ] unsigned um
  exp             1    3[BANK0 ] unsigned char 
  sign            1    4[BANK0 ] unsigned char 
 Auto vars:     Size  Location     Type
		None
 Return value:  Size  Location     Type
                  3    0[BANK0 ] float 
 Registers used:
		wreg, status,2, status,0
 Tracked objects:
		On entry : 
		On exit  : 
		Unchanged: 
 Data sizes:     COMMON   BANK0   BANK1   BANK3   BANK2
      Params:         0       5       0       0       0
      Locals:         0       0       0       0       0
      Temps:          0       3       0       0       0
      Totals:         0       8       0       0       0
Total ram usage:        8 bytes
 Hardware stack levels used:    1
 Hardware stack levels required when called:    2
 This function calls:
		Nothing
 This function is called by:
		___awtoft
		___ftadd
		___ftdiv
		___ftmul
 This function uses a non-reentrant model


 *************** function _displayDataDHT11 *****************
 Defined at:
		line 76 in file "D:\uni_2023-2024\cpe3201\embedded-systems\FinalProject\working-build\second-version\dht11_module.h"
 Parameters:    Size  Location     Type
		None
 Auto vars:     Size  Location     Type
  buffer         15   41[BANK0 ] unsigned char [15]
 Return value:  Size  Location     Type
		None               void
 Registers used:
		wreg, fsr0l, fsr0h, status,2, status,0, btemp+1, pclath, cstack
 Tracked objects:
		On entry : 
		On exit  : 
		Unchanged: 
 Data sizes:     COMMON   BANK0   BANK1   BANK3   BANK2
      Params:         0       0       0       0       0
      Locals:         0      15       0       0       0
      Temps:          0       3       0       0       0
      Totals:         0      18       0       0       0
Total ram usage:       18 bytes
 Hardware stack levels used:    1
 Hardware stack levels required when called:    4
 This function calls:
		_instCTRL
		_printToLCD
		_sprintf
 This function is called by:
		_main
 This function uses a non-reentrant model


 *************** function _sprintf *****************
 Defined at:
		line 492 in file "C:\Program Files (x86)\Microchip\xc8\v1.33\sources\common\doprnt.c"
 Parameters:    Size  Location     Type
  sp              1    wreg     PTR unsigned char 
		 -> main@buffer(16), debugInfo(10), displayTime@timeFormat(16), displayPPM@strBuffer(20), 
		 -> displayDataDHT11@buffer(15), 
  f               1   14[BANK0 ] PTR const unsigned char 
		 -> STR_22(25), STR_21(10), STR_20(10), STR_19(10), 
		 -> STR_18(10), STR_17(10), STR_16(10), STR_15(10), 
		 -> STR_14(10), STR_13(10), STR_12(10), STR_11(10), 
		 -> STR_10(10), STR_9(16), STR_6(9), STR_5(3), 
		 -> STR_4(6), STR_2(11), STR_1(10), 
 Auto vars:     Size  Location     Type
  sp              1   37[BANK0 ] PTR unsigned char 
		 -> main@buffer(16), debugInfo(10), displayTime@timeFormat(16), displayPPM@strBuffer(20), 
		 -> displayDataDHT11@buffer(15), 
  _val            3   33[BANK0 ] struct .
  width           2   31[BANK0 ] int 
  ccnt            2   28[BANK0 ] int 
  c               1   36[BANK0 ] char 
  flag            1   30[BANK0 ] unsigned char 
  prec            1   27[BANK0 ] char 
  ap              1   26[BANK0 ] PTR void [1]
		 -> ?_sprintf(2), 
 Return value:  Size  Location     Type
                  2   14[BANK0 ] int 
 Registers used:
		wreg, fsr0l, fsr0h, status,2, status,0, btemp+1, pclath, cstack
 Tracked objects:
		On entry : 
		On exit  : 
		Unchanged: 
 Data sizes:     COMMON   BANK0   BANK1   BANK3   BANK2
      Params:         0       9       0       0       0
      Locals:         0      12       0       0       0
      Temps:          0       3       0       0       0
      Totals:         0      24       0       0       0
Total ram usage:       24 bytes
 Hardware stack levels used:    1
 Hardware stack levels required when called:    3
 This function calls:
		___lwdiv
		___lwmod
		___wmul
		_isdigit
 This function is called by:
		_displayDataDHT11
		_displayPPM
		_displayTime
		_setHoursStart
		_setHoursEnd
		_setMinutesStart
		_setMinutesEnd
		_main
 This function uses a non-reentrant model


 *************** function _isdigit *****************
 Defined at:
		line 8 in file "C:\Program Files (x86)\Microchip\xc8\v1.33\sources\common\isdigit.c"
 Parameters:    Size  Location     Type
  c               1    wreg     unsigned char 
 Auto vars:     Size  Location     Type
  c               1    1[BANK0 ] unsigned char 
 Return value:  Size  Location     Type
		None               void
 Registers used:
		wreg, status,2, status,0
 Tracked objects:
		On entry : 
		On exit  : 
		Unchanged: 
 Data sizes:     COMMON   BANK0   BANK1   BANK3   BANK2
      Params:         0       0       0       0       0
      Locals:         0       2       0       0       0
      Temps:          0       0       0       0       0
      Totals:         0       2       0       0       0
Total ram usage:        2 bytes
 Hardware stack levels used:    1
 Hardware stack levels required when called:    2
 This function calls:
		Nothing
 This function is called by:
		_sprintf
 This function uses a non-reentrant model


 *************** function ___wmul *****************
 Defined at:
		line 15 in file "C:\Program Files (x86)\Microchip\xc8\v1.33\sources\common\Umul16.c"
 Parameters:    Size  Location     Type
  multiplier      2    0[BANK0 ] unsigned int 
  multiplicand    2    2[BANK0 ] unsigned int 
 Auto vars:     Size  Location     Type
  product         2    4[BANK0 ] unsigned int 
 Return value:  Size  Location     Type
                  2    0[BANK0 ] unsigned int 
 Registers used:
		wreg, status,2, status,0
 Tracked objects:
		On entry : 
		On exit  : 
		Unchanged: 
 Data sizes:     COMMON   BANK0   BANK1   BANK3   BANK2
      Params:         0       4       0       0       0
      Locals:         0       2       0       0       0
      Temps:          0       0       0       0       0
      Totals:         0       6       0       0       0
Total ram usage:        6 bytes
 Hardware stack levels used:    1
 Hardware stack levels required when called:    2
 This function calls:
		Nothing
 This function is called by:
		_sprintf
 This function uses a non-reentrant model


 *************** function ___lwmod *****************
 Defined at:
		line 6 in file "C:\Program Files (x86)\Microchip\xc8\v1.33\sources\common\lwmod.c"
 Parameters:    Size  Location     Type
  divisor         2    8[BANK0 ] unsigned int 
  dividend        2   10[BANK0 ] unsigned int 
 Auto vars:     Size  Location     Type
  counter         1   13[BANK0 ] unsigned char 
 Return value:  Size  Location     Type
                  2    8[BANK0 ] unsigned int 
 Registers used:
		wreg, status,2, status,0
 Tracked objects:
		On entry : 
		On exit  : 
		Unchanged: 
 Data sizes:     COMMON   BANK0   BANK1   BANK3   BANK2
      Params:         0       4       0       0       0
      Locals:         0       1       0       0       0
      Temps:          0       1       0       0       0
      Totals:         0       6       0       0       0
Total ram usage:        6 bytes
 Hardware stack levels used:    1
 Hardware stack levels required when called:    2
 This function calls:
		Nothing
 This function is called by:
		_sprintf
 This function uses a non-reentrant model


 *************** function ___lwdiv *****************
 Defined at:
		line 6 in file "C:\Program Files (x86)\Microchip\xc8\v1.33\sources\common\lwdiv.c"
 Parameters:    Size  Location     Type
  divisor         2    0[BANK0 ] unsigned int 
  dividend        2    2[BANK0 ] unsigned int 
 Auto vars:     Size  Location     Type
  quotient        2    5[BANK0 ] unsigned int 
  counter         1    7[BANK0 ] unsigned char 
 Return value:  Size  Location     Type
                  2    0[BANK0 ] unsigned int 
 Registers used:
		wreg, status,2, status,0
 Tracked objects:
		On entry : 
		On exit  : 
		Unchanged: 
 Data sizes:     COMMON   BANK0   BANK1   BANK3   BANK2
      Params:         0       4       0       0       0
      Locals:         0       3       0       0       0
      Temps:          0       1       0       0       0
      Totals:         0       8       0       0       0
Total ram usage:        8 bytes
 Hardware stack levels used:    1
 Hardware stack levels required when called:    2
 This function calls:
		Nothing
 This function is called by:
		_sprintf
 This function uses a non-reentrant model


 *************** function _printToLCD *****************
 Defined at:
		line 52 in file "D:\uni_2023-2024\cpe3201\embedded-systems\FinalProject\working-build\second-version\lcd_functions.h"
 Parameters:    Size  Location     Type
  str             2    2[BANK0 ] PTR const unsigned char 
		 -> STR_29(16), STR_28(9), STR_27(10), STR_26(16), 
		 -> STR_25(11), STR_24(12), STR_23(18), main@buffer(16), 
		 -> debugInfo(10), displayTime@timeFormat(16), STR_8(8), STR_7(8), 
		 -> displayPPM@strBuffer(20), STR_3(7), displayDataDHT11@buffer(15), 
 Auto vars:     Size  Location     Type
		None
 Return value:  Size  Location     Type
		None               void
 Registers used:
		wreg, fsr0l, fsr0h, status,2, status,0, btemp+1, pclath, cstack
 Tracked objects:
		On entry : 
		On exit  : 
		Unchanged: 
 Data sizes:     COMMON   BANK0   BANK1   BANK3   BANK2
      Params:         0       2       0       0       0
      Locals:         0       0       0       0       0
      Temps:          0       0       0       0       0
      Totals:         0       2       0       0       0
Total ram usage:        2 bytes
 Hardware stack levels used:    1
 Hardware stack levels required when called:    3
 This function calls:
		_dataCTRL
		_instCTRL
 This function is called by:
		_displayDataDHT11
		_runDHT11
		_displayPPM
		_displayTime
		_setHoursStart
		_setHoursEnd
		_setMinutesStart
		_setMinutesEnd
		_main
		_startUpSequence
		_printStatusPPM
 This function uses a non-reentrant model


 *************** function _dataCTRL *****************
 Defined at:
		line 32 in file "D:\uni_2023-2024\cpe3201\embedded-systems\FinalProject\working-build\second-version\lcd_functions.h"
 Parameters:    Size  Location     Type
  DAT             1    wreg     unsigned char 
 Auto vars:     Size  Location     Type
  DAT             1    1[BANK0 ] unsigned char 
 Return value:  Size  Location     Type
		None               void
 Registers used:
		wreg
 Tracked objects:
		On entry : 
		On exit  : 
		Unchanged: 
 Data sizes:     COMMON   BANK0   BANK1   BANK3   BANK2
      Params:         0       0       0       0       0
      Locals:         0       1       0       0       0
      Temps:          0       1       0       0       0
      Totals:         0       2       0       0       0
Total ram usage:        2 bytes
 Hardware stack levels used:    1
 Hardware stack levels required when called:    2
 This function calls:
		Nothing
 This function is called by:
		_printToLCD
 This function uses a non-reentrant model


 *************** function _checkTime *****************
 Defined at:
		line 209 in file "D:\uni_2023-2024\cpe3201\embedded-systems\FinalProject\working-build\second-version\time_scheduler.h"
 Parameters:    Size  Location     Type
		None
 Auto vars:     Size  Location     Type
		None
 Return value:  Size  Location     Type
		None               void
 Registers used:
		wreg
 Tracked objects:
		On entry : 
		On exit  : 
		Unchanged: 
 Data sizes:     COMMON   BANK0   BANK1   BANK3   BANK2
      Params:         0       0       0       0       0
      Locals:         0       0       0       0       0
      Temps:          0       0       0       0       0
      Totals:         0       0       0       0       0
Total ram usage:        0 bytes
 Hardware stack levels used:    1
 Hardware stack levels required when called:    2
 This function calls:
		Nothing
 This function is called by:
		_main
 This function uses a non-reentrant model


 *************** function _checkSEL *****************
 Defined at:
		line 187 in file "D:\uni_2023-2024\cpe3201\embedded-systems\FinalProject\working-build\second-version\main.c"
 Parameters:    Size  Location     Type
		None
 Auto vars:     Size  Location     Type
  currentRB1St    2    4[BANK0 ] int 
 Return value:  Size  Location     Type
		None               void
 Registers used:
		wreg, status,2, status,0, pclath, cstack
 Tracked objects:
		On entry : 
		On exit  : 
		Unchanged: 
 Data sizes:     COMMON   BANK0   BANK1   BANK3   BANK2
      Params:         0       0       0       0       0
      Locals:         0       2       0       0       0
      Temps:          0       2       0       0       0
      Totals:         0       4       0       0       0
Total ram usage:        4 bytes
 Hardware stack levels used:    1
 Hardware stack levels required when called:    3
 This function calls:
		_instCTRL
 This function is called by:
		_main
 This function uses a non-reentrant model


 *************** function _checkMode *****************
 Defined at:
		line 177 in file "D:\uni_2023-2024\cpe3201\embedded-systems\FinalProject\working-build\second-version\main.c"
 Parameters:    Size  Location     Type
		None
 Auto vars:     Size  Location     Type
		None
 Return value:  Size  Location     Type
		None               void
 Registers used:
		wreg, status,2, status,0, pclath, cstack
 Tracked objects:
		On entry : 
		On exit  : 
		Unchanged: 
 Data sizes:     COMMON   BANK0   BANK1   BANK3   BANK2
      Params:         0       0       0       0       0
      Locals:         0       0       0       0       0
      Temps:          0       2       0       0       0
      Totals:         0       2       0       0       0
Total ram usage:        2 bytes
 Hardware stack levels used:    1
 Hardware stack levels required when called:    3
 This function calls:
		_instCTRL
 This function is called by:
		_main
 This function uses a non-reentrant model


 *************** function _instCTRL *****************
 Defined at:
		line 22 in file "D:\uni_2023-2024\cpe3201\embedded-systems\FinalProject\working-build\second-version\lcd_functions.h"
 Parameters:    Size  Location     Type
  CMD             1    wreg     unsigned char 
 Auto vars:     Size  Location     Type
  CMD             1    1[BANK0 ] unsigned char 
 Return value:  Size  Location     Type
		None               void
 Registers used:
		wreg
 Tracked objects:
		On entry : 
		On exit  : 
		Unchanged: 
 Data sizes:     COMMON   BANK0   BANK1   BANK3   BANK2
      Params:         0       0       0       0       0
      Locals:         0       1       0       0       0
      Temps:          0       1       0       0       0
      Totals:         0       2       0       0       0
Total ram usage:        2 bytes
 Hardware stack levels used:    1
 Hardware stack levels required when called:    2
 This function calls:
		Nothing
 This function is called by:
		_initLCD
		_printToLCD
		_displayDataDHT11
		_runDHT11
		_main
		_startUpSequence
		_checkMode
		_checkSEL
 This function uses a non-reentrant model


 *************** function _activateHumidifier *****************
 Defined at:
		line 109 in file "D:\uni_2023-2024\cpe3201\embedded-systems\FinalProject\working-build\second-version\dht11_module.h"
 Parameters:    Size  Location     Type
		None
 Auto vars:     Size  Location     Type
		None
 Return value:  Size  Location     Type
		None               void
 Registers used:
		wreg
 Tracked objects:
		On entry : 
		On exit  : 
		Unchanged: 
 Data sizes:     COMMON   BANK0   BANK1   BANK3   BANK2
      Params:         0       0       0       0       0
      Locals:         0       0       0       0       0
      Temps:          0       0       0       0       0
      Totals:         0       0       0       0       0
Total ram usage:        0 bytes
 Hardware stack levels used:    1
 Hardware stack levels required when called:    2
 This function calls:
		Nothing
 This function is called by:
		_main
 This function uses a non-reentrant model


 *************** function _ISR *****************
 Defined at:
		line 129 in file "D:\uni_2023-2024\cpe3201\embedded-systems\FinalProject\working-build\second-version\main.c"
 Parameters:    Size  Location     Type
		None
 Auto vars:     Size  Location     Type
		None
 Return value:  Size  Location     Type
		None               void
 Registers used:
		wreg, status,2, status,0, pclath, cstack
 Tracked objects:
		On entry : 
		On exit  : 
		Unchanged: 
 Data sizes:     COMMON   BANK0   BANK1   BANK3   BANK2
      Params:         0       0       0       0       0
      Locals:         0       0       0       0       0
      Temps:          5       0       0       0       0
      Totals:         5       0       0       0       0
Total ram usage:        5 bytes
 Hardware stack levels used:    1
 Hardware stack levels required when called:    1
 This function calls:
		i1___awmod
 This function is called by:
		Interrupt level 1
 This function uses a non-reentrant model


 *************** function i1___awmod *****************
 Defined at:
		line 6 in file "C:\Program Files (x86)\Microchip\xc8\v1.33\sources\common\awmod.c"
 Parameters:    Size  Location     Type
  divisor         2    0[COMMON] int 
  dividend        2    2[COMMON] int 
 Auto vars:     Size  Location     Type
  __awmod         1    6[COMMON] unsigned char 
  __awmod         1    5[COMMON] unsigned char 
 Return value:  Size  Location     Type
                  2    0[COMMON] int 
 Registers used:
		wreg, status,2, status,0
 Tracked objects:
		On entry : 
		On exit  : 
		Unchanged: 
 Data sizes:     COMMON   BANK0   BANK1   BANK3   BANK2
      Params:         4       0       0       0       0
      Locals:         2       0       0       0       0
      Temps:          1       0       0       0       0
      Totals:         7       0       0       0       0
Total ram usage:        7 bytes
 Hardware stack levels used:    1
 This function calls:
		Nothing
 This function is called by:
		_ISR
 This function uses a non-reentrant model



MODULE INFORMATION

Module		Function		Class		Link	Load	Size
D:\uni_2023-2024\cpe3201\embedded-systems\FinalProject\working-build\second-version\mq135_module.h
		_runMQ135      		CODE           	1372	0000	36
		_displayPPM    		CODE           	0ED7	0000	297
		_CalcMQ135     		CODE           	0053	0000	935
		_handlePPM     		CODE           	147F	0000	48

D:\uni_2023-2024\cpe3201\embedded-systems\FinalProject\working-build\second-version\mq135_module.h estimated size: 1316

C:\Program Files (x86)\Microchip\xc8\v1.33\sources\common\ftneg.c
		___ftneg       		CODE           	12B0	0000	10

C:\Program Files (x86)\Microchip\xc8\v1.33\sources\common\ftneg.c estimated size: 10

D:\uni_2023-2024\cpe3201\embedded-systems\FinalProject\working-build\second-version\main.c
		_ISR           		CODE           	1404	0000	39
		_main          		CODE           	063E	0000	343
		_initPorts     		CODE           	12BA	0000	15
		_checkMode     		CODE           	132C	0000	34
		_initInterrupts		CODE           	1297	0000	8
		_startUpSequenc		CODE           	158F	0000	68
		_checkSEL      		CODE           	14AF	0000	52
		_initRegisters 		CODE           	12A7	0000	9

D:\uni_2023-2024\cpe3201\embedded-systems\FinalProject\working-build\second-version\main.c estimated size: 568

C:\Program Files (x86)\Microchip\xc8\v1.33\sources\common\ftge.c
		___ftge        		CODE           	1713	0000	95

C:\Program Files (x86)\Microchip\xc8\v1.33\sources\common\ftge.c estimated size: 95

C:\Program Files (x86)\Microchip\xc8\v1.33\sources\common\doprnt.c
		_sprintf       		CODE           	03FA	0000	580

C:\Program Files (x86)\Microchip\xc8\v1.33\sources\common\doprnt.c estimated size: 580

C:\Program Files (x86)\Microchip\xc8\v1.33\sources\common\float.c
		___ftpack      		CODE           	0795	0000	106

C:\Program Files (x86)\Microchip\xc8\v1.33\sources\common\float.c estimated size: 106

D:\uni_2023-2024\cpe3201\embedded-systems\FinalProject\working-build\second-version\lcd_functions.h
		_instCTRL      		CODE           	12E9	0000	19
		_dataCTRL      		CODE           	12FC	0000	19
		_printToLCD    		CODE           	1454	0000	43
		_initLCD       		CODE           	1396	0000	36

D:\uni_2023-2024\cpe3201\embedded-systems\FinalProject\working-build\second-version\lcd_functions.h estimated size: 117

C:\Program Files (x86)\Microchip\xc8\v1.33\sources\common\lwmod.c
		___lwmod       		CODE           	14E3	0000	54

C:\Program Files (x86)\Microchip\xc8\v1.33\sources\common\lwmod.c estimated size: 54

C:\Program Files (x86)\Microchip\xc8\v1.33\sources\common\awmod.c
		___awmod       		CODE           	166C	0000	79

C:\Program Files (x86)\Microchip\xc8\v1.33\sources\common\awmod.c estimated size: 79

C:\Program Files (x86)\Microchip\xc8\v1.33\sources\common\Umul16.c
		___wmul        		CODE           	13BA	0000	37

C:\Program Files (x86)\Microchip\xc8\v1.33\sources\common\Umul16.c estimated size: 37

C:\Program Files (x86)\Microchip\xc8\v1.33\sources\common\ftmul.c
		___ftmul       		CODE           	0CFB	0000	211

C:\Program Files (x86)\Microchip\xc8\v1.33\sources\common\ftmul.c estimated size: 211

D:\uni_2023-2024\cpe3201\embedded-systems\FinalProject\working-build\second-version\common_dependencies.h
		_readADC       		CODE           	142B	0000	41

D:\uni_2023-2024\cpe3201\embedded-systems\FinalProject\working-build\second-version\common_dependencies.h estimated size: 41

C:\Program Files (x86)\Microchip\xc8\v1.33\sources\common\lwdiv.c
		___lwdiv       		CODE           	154F	0000	64

C:\Program Files (x86)\Microchip\xc8\v1.33\sources\common\lwdiv.c estimated size: 64

D:\uni_2023-2024\cpe3201\embedded-systems\FinalProject\working-build\second-version\time_scheduler.h
		_setMinutesStar		CODE           	0AED	0000	166
		_runClock      		CODE           	130F	0000	29
		_displayTime   		CODE           	134E	0000	36
		_setHoursEnd   		CODE           	08FB	0000	166
		_setHoursStart 		CODE           	09A1	0000	166
		_setMinutesEnd 		CODE           	0A47	0000	166
		_checkTime     		CODE           	16BB	0000	88

D:\uni_2023-2024\cpe3201\embedded-systems\FinalProject\working-build\second-version\time_scheduler.h estimated size: 817

shared
		__stringtab    		STRING         	0800	0000	16
		__stringdata   		STRING         	081A	0000	225
		_dpowers       		STRING         	0810	0000	10
		__initializatio		CODE           	0015	0000	58
		i1___awmod     		CODE           	161F	0000	77

shared estimated size: 386

C:\Program Files (x86)\Microchip\xc8\v1.33\sources\common\fttol.c
		___fttol       		CODE           	1772	0000	142

C:\Program Files (x86)\Microchip\xc8\v1.33\sources\common\fttol.c estimated size: 142

C:\Program Files (x86)\Microchip\xc8\v1.33\sources\common\awtoft.c
		___awtoft      		CODE           	13DF	0000	37

C:\Program Files (x86)\Microchip\xc8\v1.33\sources\common\awtoft.c estimated size: 37

D:\uni_2023-2024\cpe3201\embedded-systems\FinalProject\working-build\second-version\dht11_module.h
		_initDHT11     		CODE           	1290	0000	7
		_activateHumidi		CODE           	12C9	0000	16
		_runDHT11      		CODE           	1519	0000	54
		_readDHT11     		CODE           	0B93	0000	176
		_displayDataDHT		CODE           	15D3	0000	76

D:\uni_2023-2024\cpe3201\embedded-systems\FinalProject\working-build\second-version\dht11_module.h estimated size: 329

C:\Program Files (x86)\Microchip\xc8\v1.33\sources\common\ftadd.c
		___ftadd       		CODE           	0DCE	0000	265

C:\Program Files (x86)\Microchip\xc8\v1.33\sources\common\ftadd.c estimated size: 265

C:\Program Files (x86)\Microchip\xc8\v1.33\sources\pic\ftdiv.c
		___ftdiv       		CODE           	0C43	0000	184

C:\Program Files (x86)\Microchip\xc8\v1.33\sources\pic\ftdiv.c estimated size: 184

C:\Program Files (x86)\Microchip\xc8\v1.33\sources\common\isdigit.c
		_isdigit       		CODE           	12D9	0000	16

C:\Program Files (x86)\Microchip\xc8\v1.33\sources\common\isdigit.c estimated size: 16

