Microchip MPLAB XC8 Compiler V1.33 ()

Linker command line:

--edf=C:\Program Files (x86)\Microchip\xc8\v1.33\dat\en_msgs.txt -cs \
  -h+iteration-2.sym --cmf=iteration-2.cmf -z -Q16F877A \
  -oC:\Users\ACER\AppData\Local\Temp\snkg.6 -Miteration-2.map -E1 -ver=XC8 \
  -ASTACK=0110h-016fh -pstack=STACK -ACONST=00h-0FFhx32 -ACODE=00h-07FFhx4 \
  -ASTRCODE=00h-01FFFh -AENTRY=00h-0FFhx32 -ASTRING=00h-0FFhx32 \
  -ACOMMON=070h-07Fh -ABANK0=020h-06Fh -ABANK1=0A0h-0EFh \
  -ABANK2=0110h-016Fh -ABANK3=0190h-01EFh \
  -ARAM=020h-06Fh,0A0h-0EFh,0110h-016Fh,0190h-01EFh \
  -AABS1=020h-07Fh,0A0h-0EFh,0110h-016Fh,0190h-01EFh -ASFR0=00h-01Fh \
  -ASFR1=080h-09Fh -ASFR2=0100h-010Fh -ASFR3=0180h-018Fh \
  -preset_vec=00h,intentry=04h,init,end_init -ppowerup=CODE -pcinit=CODE \
  -pfunctab=CODE -ACONFIG=02007h-02007h -pconfig=CONFIG -DCONFIG=2 \
  -AIDLOC=02000h-02003h -pidloc=IDLOC -DIDLOC=2 -AEEDATA=00h-0FFh/02100h \
  -peeprom_data=EEDATA -DEEDATA=2 -DCODE=2 -DSTRCODE=2 -DSTRING=2 -DCONST=2 \
  -DENTRY=2 -k startup.obj iteration-2.obj 

Object code version is 3.11

Machine type is 16F877A



                Name                               Link     Load   Length Selector   Space Scale
startup.obj     end_init                             12       12        3        8       0
                reset_vec                             0        0        3        0       0
                config                             2007     2007        1     400E       0
iteration-2.obj cinit                                15       15       3A        8       0
                intentry                              4        4        E        8       0
                text40                             1418     1418       13     2830       0
                text39                             14A5     14A5       20     294A       0
                text38                             142B     142B       13     2856       0
                text37                             14C5     14C5       20     298A       0
                text36                             15F0     15F0       34     2BE0       0
                text35                              8F7      8F7       6C     11EE       0
                text34                             1737     1737       5F     2E6E       0
                text33                             159A     159A       2B     2B34       0
                text32                             13F0     13F0        9     27E0       0
                text31                             13E1     13E1        7     27C2       0
                text30                             1488     1488       1D     2910       0
                text29                             1796     1796       6A     2F2C       0
                text28                             1550     1550       25     2AA0       0
                text27                              DCE      DCE      109     1B9C       0
                text26                              963      963       B8     12C6       0
                text25                              CFB      CFB       D3     19F6       0
                text24                               4F       4F      3A7        8       0
                text23                             1451     1451       1B     28A2       0
                text22                             14E5     14E5       23     29CA       0
                text21                             13F9     13F9        F     27F2       0
                text20                             1508     1508       24     2A10       0
                text19                             143E     143E       13     287C       0
                text18                             15C5     15C5       2B     2B8A       0
                text17                              7EA      7EA       15        8       0
                text16                              8ED      8ED        A     11DA       0
                text15                              75C      75C       8E        8       0
                text14                             165A     165A       40     2CB4       0
                text13                             1624     1624       36     2C48       0
                text12                             1575     1575       25     2AEA       0
                text11                             1408     1408       10     2810       0
                text10                              3F6      3F6      1E3        8       0
                text9                               ED7      ED7      129     1DAE       0
                text8                              152C     152C       24     2A58       0
                text7                              146C     146C       1C     28D8       0
                text6                              16E8     16E8       4F     2DD0       0
                text5                               A1B      A1B       B8     1436       0
                text4                               AD3      AD3       B8     15A6       0
                text3                               B8B      B8B       B8     1716       0
                text2                               C43      C43       B8     1886       0
                text1                               5D9      5D9      183        8       0
                maintext                           169A     169A       4E     2D34       0
                cstackBANK0                          20       20       50       20       1
                cstackCOMMON                         70       70        7       70       1
                cstackBANK1                          A0       A0       37       A0       1
                clrtext                            13E8     13E8        8     27D0       0
                dataBANK1                            E9       E9        4       A0       1
                bssBANK1                             D7       D7       12       A0       1
                dataCOMMON                           7A       7A        3       70       1
                bssCOMMON                            77       77        3       70       1
                strings                             800      800       ED     1000       0
                idataBANK1                         13DD     13DD        4     27BA       0
                idataCOMMON                        13DA     13DA        3     27B4       0

TOTAL           Name                               Link     Load   Length     Space
        CLASS   STACK          

        CLASS   CONST          

        CLASS   CODE           
                end_init                             12       12        3         0
                cinit                                15       15       3A         0
                intentry                              4        4        E         0
                reset_vec                             0        0        3         0
                text40                             1418     1418       13         0
                text39                             14A5     14A5       20         0
                text38                             142B     142B       13         0
                text37                             14C5     14C5       20         0
                text36                             15F0     15F0       34         0
                text35                              8F7      8F7       6C         0
                text34                             1737     1737       5F         0
                text33                             159A     159A       2B         0
                text32                             13F0     13F0        9         0
                text31                             13E1     13E1        7         0
                text30                             1488     1488       1D         0
                text29                             1796     1796       6A         0
                text28                             1550     1550       25         0
                text27                              DCE      DCE      109         0
                text26                              963      963       B8         0
                text25                              CFB      CFB       D3         0
                text24                               4F       4F      3A7         0
                text23                             1451     1451       1B         0
                text22                             14E5     14E5       23         0
                text21                             13F9     13F9        F         0
                text20                             1508     1508       24         0
                text19                             143E     143E       13         0
                text18                             15C5     15C5       2B         0
                text17                              7EA      7EA       15         0
                text16                              8ED      8ED        A         0
                text15                              75C      75C       8E         0
                text14                             165A     165A       40         0
                text13                             1624     1624       36         0
                text12                             1575     1575       25         0
                text11                             1408     1408       10         0
                text10                              3F6      3F6      1E3         0
                text9                               ED7      ED7      129         0
                text8                              152C     152C       24         0
                text7                              146C     146C       1C         0
                text6                              16E8     16E8       4F         0
                text5                               A1B      A1B       B8         0
                text4                               AD3      AD3       B8         0
                text3                               B8B      B8B       B8         0
                text2                               C43      C43       B8         0
                text1                               5D9      5D9      183         0
                maintext                           169A     169A       4E         0
                clrtext                            13E8     13E8        8         0
                idataBANK1                         13DD     13DD        4         0
                idataCOMMON                        13DA     13DA        3         0

        CLASS   STRCODE        

        CLASS   ENTRY          

        CLASS   STRING         
                strings                             800      800       ED         0

        CLASS   COMMON         
                cstackCOMMON                         70       70        7         1
                dataCOMMON                           7A       7A        3         1
                bssCOMMON                            77       77        3         1

        CLASS   BANK0          
                cstackBANK0                          20       20       50         1

        CLASS   BANK1          
                cstackBANK1                          A0       A0       37         1
                dataBANK1                            E9       E9        4         1
                bssBANK1                             D7       D7       12         1

        CLASS   BANK2          

        CLASS   BANK3          

        CLASS   RAM            

        CLASS   ABS1           
                abs_s1                               7E       7E        2         1

        CLASS   SFR0           

        CLASS   SFR1           

        CLASS   SFR2           

        CLASS   SFR3           

        CLASS   CONFIG         
                config                             2007     2007        1         0

        CLASS   IDLOC          

        CLASS   EEDATA         



SEGMENTS        Name                           Load    Length   Top    Selector   Space  Class     Delta

                reset_vec                      000000  000003  000003         0       0  CODE        2
                intentry                       000004  0007FB  0007FF         8       0  CODE        2
                cstackBANK0                    000020  000050  000070        20       1  BANK0       1
                cstackCOMMON                   000070  00000D  00007D        70       1  COMMON      1
                cstackBANK1                    0000A0  00004D  0000ED        A0       1  BANK1       1
                strings                        000800  0000ED  0008ED      1000       0  STRING      2
                text16                         0008ED  00000A  0008F7      11DA       0  CODE        2
                text35                         0008F7  00006C  000963      11EE       0  CODE        2
                text26                         000963  0000B8  000A1B      12C6       0  CODE        2
                text5                          000A1B  0000B8  000AD3      1436       0  CODE        2
                text4                          000AD3  0000B8  000B8B      15A6       0  CODE        2
                text3                          000B8B  0000B8  000C43      1716       0  CODE        2
                text2                          000C43  0000B8  000CFB      1886       0  CODE        2
                text25                         000CFB  0000D3  000DCE      19F6       0  CODE        2
                text27                         000DCE  000109  000ED7      1B9C       0  CODE        2
                text9                          000ED7  000129  001000      1DAE       0  CODE        2
                idataCOMMON                    0013DA  000003  0013DD      27B4       0  CODE        2
                idataBANK1                     0013DD  000004  0013E1      27BA       0  CODE        2
                text31                         0013E1  000007  0013E8      27C2       0  CODE        2
                clrtext                        0013E8  000008  0013F0      27D0       0  CODE        2
                text32                         0013F0  000009  0013F9      27E0       0  CODE        2
                text21                         0013F9  00000F  001408      27F2       0  CODE        2
                text11                         001408  000010  001418      2810       0  CODE        2
                text40                         001418  000013  00142B      2830       0  CODE        2
                text38                         00142B  000013  00143E      2856       0  CODE        2
                text19                         00143E  000013  001451      287C       0  CODE        2
                text23                         001451  00001B  00146C      28A2       0  CODE        2
                text7                          00146C  00001C  001488      28D8       0  CODE        2
                text30                         001488  00001D  0014A5      2910       0  CODE        2
                text39                         0014A5  000020  0014C5      294A       0  CODE        2
                text37                         0014C5  000020  0014E5      298A       0  CODE        2
                text22                         0014E5  000023  001508      29CA       0  CODE        2
                text20                         001508  000024  00152C      2A10       0  CODE        2
                text8                          00152C  000024  001550      2A58       0  CODE        2
                text28                         001550  000025  001575      2AA0       0  CODE        2
                text12                         001575  000025  00159A      2AEA       0  CODE        2
                text33                         00159A  00002B  0015C5      2B34       0  CODE        2
                text18                         0015C5  00002B  0015F0      2B8A       0  CODE        2
                text36                         0015F0  000034  001624      2BE0       0  CODE        2
                text13                         001624  000036  00165A      2C48       0  CODE        2
                text14                         00165A  000040  00169A      2CB4       0  CODE        2
                maintext                       00169A  00004E  0016E8      2D34       0  CODE        2
                text6                          0016E8  00004F  001737      2DD0       0  CODE        2
                text34                         001737  00005F  001796      2E6E       0  CODE        2
                text29                         001796  00006A  001800      2F2C       0  CODE        2
                config                         002007  000001  002008      400E       0  CONFIG      2


UNUSED ADDRESS RANGES

        Name                Unused          Largest block    Delta
        BANK1            00ED-00EF              3           1
        BANK2            0110-016F             60           1
        BANK3            0190-01EF             60           1
        CODE             0003-0003              1           2
                         07FF-07FF              1
                         1000-13D9            3DA
                         1800-1FFF            800
        COMMON           007D-007D              1           1
        CONST            0003-0003              1           2
                         07FF-07FF              1
                         1000-13D9            100
                         1800-1FFF            100
        EEDATA           2100-21FF            100           2
        ENTRY            0003-0003              1           2
                         07FF-07FF              1
                         1000-13D9            100
                         1800-1FFF            100
        IDLOC            2000-2003              4           2
        RAM              00ED-00EF              3           1
                         0110-016F             60
                         0190-01EF             60
        SFR0             0000-001F             20           1
        SFR1             0080-009F             20           1
        SFR2             0100-010F             10           1
        SFR3             0180-018F             10           1
        STACK            0110-016F             60           1
        STRCODE          0003-0003              1           2
                         07FF-07FF              1
                         1000-13D9            3DA
                         1800-1FFF            800
        STRING           0003-0003              1           2
                         07FF-07FF              1
                         1000-13D9            100
                         1800-1FFF            100

                                  Symbol Table

?_CalcMQ135                 cstackBANK0  005E
?_Read_ADC_MQ135            cstackBANK0  0020
?___awmod                   cstackBANK0  0020
?___awtoft                  cstackBANK0  0028
?___ftadd                   cstackBANK0  0031
?___ftdiv                   cstackBANK0  004E
?___ftmul                   cstackBANK0  003E
?___ftneg                   cstackBANK0  002E
?___ftpack                  cstackBANK0  0020
?___fttol                   cstackBANK0  004E
?___lwdiv                   cstackBANK0  0020
?___lwmod                   cstackBANK0  0028
?___wmul                    cstackBANK0  0020
?_sprintf                   cstackBANK0  002E
CalcMQ135@RAW_ADC           cstackBANK0  005E
CalcMQ135@co2               cstackBANK1  00C1
CalcMQ135@ratio             cstackBANK1  00C4
CalcMQ135@ratio2            cstackBANK1  00B5
CalcMQ135@ratio3            cstackBANK1  00B8
CalcMQ135@ratio4            cstackBANK1  00BB
CalcMQ135@ratio5            cstackBANK1  00BE
CalcMQ135@ratio6            cstackBANK1  00A3
CalcMQ135@voltage           cstackBANK1  00A0
_ADCON0                     (abs)        001F
_ADCON1                     (abs)        009F
_ADRESH                     (abs)        001E
_ADRESL                     (abs)        009E
_CalcMQ135                  text24       004F
_CalcMQ135$657              cstackBANK1  00A6
_CalcMQ135$658              cstackBANK1  00A9
_CalcMQ135$659              cstackBANK1  00AC
_CalcMQ135$660              cstackBANK1  00AF
_CalcMQ135$661              cstackBANK1  00B2
_GIE                        (abs)        005F
_GO_DONE                    (abs)        00FA
_INTE                       (abs)        005C
_INTEDG                     (abs)        040E
_INTF                       (abs)        0059
_ISR                        text39       14A5
_PORTA                      (abs)        0005
_PORTB                      (abs)        0006
_PORTC                      (abs)        0007
_PORTD                      (abs)        0008
_PPM                        bssBANK1     00D7
_RB1                        (abs)        0031
_RC0                        (abs)        0038
_RC1                        (abs)        0039
_RC2                        (abs)        003A
_RC3                        (abs)        003B
_RC4                        (abs)        003C
_Read_ADC_MQ135             text23       1451
_TRISA                      (abs)        0085
_TRISB                      (abs)        0086
_TRISC                      (abs)        0087
_TRISD                      (abs)        0088
__CFG_BOREN$ON              (abs)        0000
__CFG_CP$OFF                (abs)        0000
__CFG_CPD$OFF               (abs)        0000
__CFG_FOSC$HS               (abs)        0000
__CFG_LVP$OFF               (abs)        0000
__CFG_PWRTE$OFF             (abs)        0000
__CFG_WDTE$OFF              (abs)        0000
__CFG_WRT$OFF               (abs)        0000
__Habs1                     abs1         0000
__Hbank0                    bank0        0000
__Hbank1                    bank1        0000
__Hbank2                    bank2        0000
__Hbank3                    bank3        0000
__HbssBANK1                 bssBANK1     0000
__HbssCOMMON                bssCOMMON    0000
__Hcinit                    cinit        004F
__Hclrtext                  clrtext      0000
__Hcode                     code         0000
__Hcommon                   common       0000
__Hconfig                   config       2008
__HcstackBANK0              cstackBANK0  0000
__HcstackBANK1              cstackBANK1  0000
__HcstackCOMMON             cstackCOMMON 0000
__HdataBANK1                dataBANK1    0000
__HdataCOMMON               dataCOMMON   0000
__Heeprom_data              eeprom_data  0000
__Hend_init                 end_init     0015
__Hfunctab                  functab      0000
__HidataBANK1               idataBANK1   0000
__HidataCOMMON              idataCOMMON  0000
__Hidloc                    idloc        0000
__Hinit                     init         0012
__Hintentry                 intentry     0012
__Hmaintext                 maintext     0000
__Hpowerup                  powerup      0000
__Hram                      ram          0000
__Hreset_vec                reset_vec    0003
__Hsfr0                     sfr0         0000
__Hsfr1                     sfr1         0000
__Hsfr2                     sfr2         0000
__Hsfr3                     sfr3         0000
__Hspace_0                  (abs)        2008
__Hspace_1                  (abs)        00ED
__Hspace_2                  (abs)        0000
__Hspace_3                  (abs)        0000
__Hstack                    stack        0000
__Hstrings                  strings      0000
__Htext                     text         0000
__Labs1                     abs1         0000
__Lbank0                    bank0        0000
__Lbank1                    bank1        0000
__Lbank2                    bank2        0000
__Lbank3                    bank3        0000
__LbssBANK1                 bssBANK1     0000
__LbssCOMMON                bssCOMMON    0000
__Lcinit                    cinit        0015
__Lclrtext                  clrtext      0000
__Lcode                     code         0000
__Lcommon                   common       0000
__Lconfig                   config       2007
__LcstackBANK0              cstackBANK0  0000
__LcstackBANK1              cstackBANK1  0000
__LcstackCOMMON             cstackCOMMON 0000
__LdataBANK1                dataBANK1    0000
__LdataCOMMON               dataCOMMON   0000
__Leeprom_data              eeprom_data  0000
__Lend_init                 end_init     0012
__Lfunctab                  functab      0000
__LidataBANK1               idataBANK1   0000
__LidataCOMMON              idataCOMMON  0000
__Lidloc                    idloc        0000
__Linit                     init         0012
__Lintentry                 intentry     0004
__Lmaintext                 maintext     0000
__Lpowerup                  powerup      0000
__Lram                      ram          0000
__Lreset_vec                reset_vec    0000
__Lsfr0                     sfr0         0000
__Lsfr1                     sfr1         0000
__Lsfr2                     sfr2         0000
__Lsfr3                     sfr3         0000
__Lspace_0                  (abs)        0000
__Lspace_1                  (abs)        0000
__Lspace_2                  (abs)        0000
__Lspace_3                  (abs)        0000
__Lstack                    stack        0000
__Lstrings                  strings      0000
__Ltext                     text         0000
__S0                        (abs)        2008
__S1                        (abs)        00ED
__S2                        (abs)        0000
__S3                        (abs)        0000
___awmod                    text6        16E8
___awmod@counter            cstackBANK0  0025
___awmod@dividend           cstackBANK0  0022
___awmod@divisor            cstackBANK0  0020
___awmod@sign               cstackBANK0  0026
___awtoft                   text28       1550
___awtoft@c                 cstackBANK0  0028
___awtoft@sign              cstackBANK0  002D
___ftadd                    text27       0DCE
___ftadd@exp1               cstackBANK0  003D
___ftadd@exp2               cstackBANK0  003C
___ftadd@f1                 cstackBANK0  0031
___ftadd@f2                 cstackBANK0  0034
___ftadd@sign               cstackBANK0  003B
___ftdiv                    text26       0963
___ftdiv@cntr               cstackBANK0  0058
___ftdiv@exp                cstackBANK0  005C
___ftdiv@f1                 cstackBANK0  0051
___ftdiv@f2                 cstackBANK0  004E
___ftdiv@f3                 cstackBANK0  0059
___ftdiv@sign               cstackBANK0  005D
___ftge                     text34       1737
___ftge@ff1                 cstackBANK0  0020
___ftge@ff2                 cstackBANK0  0023
___ftmul                    text25       0CFB
___ftmul@cntr               cstackBANK0  004C
___ftmul@exp                cstackBANK0  0048
___ftmul@f1                 cstackBANK0  003E
___ftmul@f2                 cstackBANK0  0041
___ftmul@f3_as_product      cstackBANK0  0049
___ftmul@sign               cstackBANK0  004D
___ftneg                    text16       08ED
___ftneg@f1                 cstackBANK0  002E
___ftpack                   text29       1796
___ftpack@arg               cstackBANK0  0020
___ftpack@exp               cstackBANK0  0023
___ftpack@sign              cstackBANK0  0024
___fttol                    text15       075C
___fttol@exp1               cstackBANK0  005B
___fttol@f1                 cstackBANK0  004E
___fttol@lval               cstackBANK0  0057
___fttol@sign1              cstackBANK0  0056
___int_sp                   stack        0000
___latbits                  (abs)        0002
___lwdiv                    text14       165A
___lwdiv@counter            cstackBANK0  0027
___lwdiv@dividend           cstackBANK0  0022
___lwdiv@divisor            cstackBANK0  0020
___lwdiv@quotient           cstackBANK0  0025
___lwmod                    text13       1624
___lwmod@counter            cstackBANK0  002D
___lwmod@dividend           cstackBANK0  002A
___lwmod@divisor            cstackBANK0  0028
___sp                       stack        0000
___wmul                     text12       1575
___wmul@multiplicand        cstackBANK0  0022
___wmul@multiplier          cstackBANK0  0020
___wmul@product             cstackBANK0  0024
__end_of_CalcMQ135          text24       03F6
__end_of_ISR                text39       14C5
__end_of_Read_ADC_MQ135     text23       146C
__end_of___awmod            text6        1737
__end_of___awtoft           text28       1575
__end_of___ftadd            text27       0ED7
__end_of___ftdiv            text26       0A1B
__end_of___ftge             text34       1796
__end_of___ftmul            text25       0DCE
__end_of___ftneg            text16       08F7
__end_of___ftpack           text29       1800
__end_of___fttol            text15       07EA
__end_of___lwdiv            text14       169A
__end_of___lwmod            text13       165A
__end_of___wmul             text12       159A
__end_of__initialization    cinit        004B
__end_of__stringdata        strings      08ED
__end_of__stringtab         strings      0810
__end_of_checkMode          text37       14E5
__end_of_checkSelect        text36       1624
__end_of_checkTime          text35       0963
__end_of_dataCTRL           text19       1451
__end_of_displayPPM         text9        1000
__end_of_displayTime        text8        1550
__end_of_dpowers            strings      081A
__end_of_handlePPM          text33       15C5
__end_of_initADC            text32       13F9
__end_of_initInterrupt      text31       13E8
__end_of_initLCD            text20       152C
__end_of_instCTRL           text38       143E
__end_of_isdigit            text11       1418
__end_of_main               maintext     16E8
__end_of_printStatusPPM     text7        1488
__end_of_printToLCD         text18       15F0
__end_of_runClock           text30       14A5
__end_of_runMQ135           text22       1508
__end_of_setHoursEnd        text5        0AD3
__end_of_setHoursStart      text4        0B8B
__end_of_setMinutesEnd      text3        0C43
__end_of_setMinutesStart    text2        0CFB
__end_of_setPortDirections  text21       1408
__end_of_sprintf            text10       05D9
__end_of_startUpLCD         text17       07FF
__end_of_updateState        text1        075C
__end_ofi1_instCTRL         text40       142B
__initialization            cinit        0015
__pbssBANK1                 bssBANK1     00D7
__pbssCOMMON                bssCOMMON    0077
__pcstackBANK0              cstackBANK0  0020
__pcstackBANK1              cstackBANK1  00A0
__pcstackCOMMON             cstackCOMMON 0070
__pdataBANK1                dataBANK1    00E9
__pdataCOMMON               dataCOMMON   007A
__pidataBANK1               idataBANK1   13DD
__pidataCOMMON              idataCOMMON  13DA
__pintentry                 intentry     0004
__pmaintext                 maintext     169A
__pstrings                  strings      0800
__ptext1                    text1        05D9
__ptext10                   text10       03F6
__ptext11                   text11       1408
__ptext12                   text12       1575
__ptext13                   text13       1624
__ptext14                   text14       165A
__ptext15                   text15       075C
__ptext16                   text16       08ED
__ptext17                   text17       07EA
__ptext18                   text18       15C5
__ptext19                   text19       143E
__ptext2                    text2        0C43
__ptext20                   text20       1508
__ptext21                   text21       13F9
__ptext22                   text22       14E5
__ptext23                   text23       1451
__ptext24                   text24       004F
__ptext25                   text25       0CFB
__ptext26                   text26       0963
__ptext27                   text27       0DCE
__ptext28                   text28       1550
__ptext29                   text29       1796
__ptext3                    text3        0B8B
__ptext30                   text30       1488
__ptext31                   text31       13E1
__ptext32                   text32       13F0
__ptext33                   text33       159A
__ptext34                   text34       1737
__ptext35                   text35       08F7
__ptext36                   text36       15F0
__ptext37                   text37       14C5
__ptext38                   text38       142B
__ptext39                   text39       14A5
__ptext4                    text4        0AD3
__ptext40                   text40       1418
__ptext5                    text5        0A1B
__ptext6                    text6        16E8
__ptext7                    text7        146C
__ptext8                    text8        152C
__ptext9                    text9        0ED7
__size_of_CalcMQ135         (abs)        0000
__size_of_ISR               (abs)        0000
__size_of_Read_ADC_MQ135    (abs)        0000
__size_of___awmod           (abs)        0000
__size_of___awtoft          (abs)        0000
__size_of___ftadd           (abs)        0000
__size_of___ftdiv           (abs)        0000
__size_of___ftge            (abs)        0000
__size_of___ftmul           (abs)        0000
__size_of___ftneg           (abs)        0000
__size_of___ftpack          (abs)        0000
__size_of___fttol           (abs)        0000
__size_of___lwdiv           (abs)        0000
__size_of___lwmod           (abs)        0000
__size_of___wmul            (abs)        0000
__size_of_checkMode         (abs)        0000
__size_of_checkSelect       (abs)        0000
__size_of_checkTime         (abs)        0000
__size_of_dataCTRL          (abs)        0000
__size_of_displayPPM        (abs)        0000
__size_of_displayTime       (abs)        0000
__size_of_handlePPM         (abs)        0000
__size_of_initADC           (abs)        0000
__size_of_initInterrupt     (abs)        0000
__size_of_initLCD           (abs)        0000
__size_of_instCTRL          (abs)        0000
__size_of_isdigit           (abs)        0000
__size_of_main              (abs)        0000
__size_of_printStatusPPM    (abs)        0000
__size_of_printToLCD        (abs)        0000
__size_of_runClock          (abs)        0000
__size_of_runMQ135          (abs)        0000
__size_of_setHoursEnd       (abs)        0000
__size_of_setHoursStart     (abs)        0000
__size_of_setMinutesEnd     (abs)        0000
__size_of_setMinutesStart   (abs)        0000
__size_of_setPortDirections (abs)        0000
__size_of_sprintf           (abs)        0000
__size_of_startUpLCD        (abs)        0000
__size_of_updateState       (abs)        0000
__size_ofi1_instCTRL        (abs)        0000
__stringbase                strings      080F
__stringdata                strings      081A
__stringtab                 strings      0800
_checkMode                  text37       14C5
_checkSelect                text36       15F0
_checkTime                  text35       08F7
_dataCTRL                   text19       143E
_debugInfo                  bssBANK1     00DF
_displayPPM                 text9        0ED7
_displayTime                text8        152C
_dpowers                    strings      0810
_handlePPM                  text33       159A
_hours                      dataCOMMON   007A
_initADC                    text32       13F0
_initInterrupt              text31       13E1
_initLCD                    text20       1508
_instCTRL                   text38       142B
_isdigit                    text11       1408
_isdigit$426                cstackBANK0  0020
_key                        bssCOMMON    0077
_keyValid                   bssCOMMON    0078
_lastKeyState               dataCOMMON   007B
_lastMode                   dataCOMMON   007C
_main                       maintext     169A
_minutes                    bssCOMMON    0079
_mode                       bssBANK1     00DC
_ppmFlag                    bssBANK1     00DD
_printStatusPPM             text7        146C
_printToLCD                 text18       15C5
_runClock                   text30       1488
_runMQ135                   text22       14E5
_savedHoursEnd              dataBANK1    00E9
_savedHoursStart            dataBANK1    00EA
_savedMinutesEnd            dataBANK1    00EB
_savedMinutesStart          dataBANK1    00EC
_select                     bssBANK1     00DE
_setHoursEnd                text5        0A1B
_setHoursStart              text4        0AD3
_setMinutesEnd              text3        0B8B
_setMinutesStart            text2        0C43
_setPortDirections          text21       13F9
_sprintf                    text10       03F6
_startUpLCD                 text17       07EA
_updateState                text1        05D9
btemp                       (abs)        007E
checkSelect@currentRB1State cstackBANK0  0024
checkSelect@lastRB1State    bssBANK1     00DA
clear_ram0                  clrtext      13E8
dataCTRL@DAT                cstackBANK0  0021
displayPPM@bufPtr           cstackBANK1  00D6
displayPPM@ppmFraction      cstackBANK1  00D4
displayPPM@ppmWhole         cstackBANK1  00D2
displayPPM@strBuffer        cstackBANK1  00A0
displayTime@timeFormat      cstackBANK0  0048
end_of_initialization       cinit        004B
i1_instCTRL                 text40       1418
i1instCTRL@CMD              cstackCOMMON 0071
instCTRL@CMD                cstackBANK0  0021
interrupt_function          intentry     0004
intlevel0                   functab      0000
intlevel1                   functab      0000
intlevel2                   functab      0000
intlevel3                   functab      0000
intlevel4                   functab      0000
intlevel5                   functab      0000
isdigit@c                   cstackBANK0  0021
ltemp                       (abs)        007E
ltemp0                      (abs)        007E
ltemp1                      (abs)        0082
ltemp2                      (abs)        0086
ltemp3                      (abs)        0080
printStatusPPM@handler      cstackBANK0  0024
printToLCD@str              cstackBANK0  0022
reset_vec                   reset_vec    0000
saved_w                     (abs)        007E
sprintf@_val                cstackBANK0  003A
sprintf@ap                  cstackBANK0  0036
sprintf@c                   cstackBANK0  0041
sprintf@ccnt                cstackBANK0  0038
sprintf@f                   cstackBANK0  002E
sprintf@flag                cstackBANK0  003E
sprintf@prec                cstackBANK0  0037
sprintf@sp                  cstackBANK0  0042
sprintf@width               cstackBANK0  003F
stackhi                     (abs)        0000
stacklo                     (abs)        0000
start                       init         0012
start_initialization        cinit        0015
ttemp                       (abs)        007E
ttemp0                      (abs)        007E
ttemp1                      (abs)        0081
ttemp2                      (abs)        0084
ttemp3                      (abs)        0087
ttemp4                      (abs)        007F
updateState@buffer          cstackBANK0  0063
wtemp                       (abs)        007E
wtemp0                      (abs)        007E
wtemp1                      (abs)        0080
wtemp2                      (abs)        0082
wtemp3                      (abs)        0084
wtemp4                      (abs)        0086
wtemp5                      (abs)        0088
wtemp6                      (abs)        007F


FUNCTION INFORMATION:

 *************** function _main *****************
 Defined at:
		line 30 in file "D:\uni_2023-2024\cpe3201\embedded-systems\FinalProject\switching-program\first-version\main.c"
 Parameters:    Size  Location     Type
		None
 Auto vars:     Size  Location     Type
		None
 Return value:  Size  Location     Type
		None               void
 Registers used:
		wreg, fsr0l, fsr0h, status,2, status,0, btemp+1, pclath, cstack
 Tracked objects:
		On entry : 
		On exit  : 
		Unchanged: 
 Data sizes:     COMMON   BANK0   BANK1   BANK3   BANK2
      Params:         0       0       0       0       0
      Locals:         0       0       0       0       0
      Temps:          0       3       0       0       0
      Totals:         0       3       0       0       0
Total ram usage:        3 bytes
 Hardware stack levels required when called:    6
 This function calls:
		_checkMode
		_checkSelect
		_checkTime
		_handlePPM
		_initADC
		_initInterrupt
		_runClock
		_runMQ135
		_setPortDirections
		_startUpLCD
		_updateState
 This function is called by:
		Startup code after reset
 This function uses a non-reentrant model


 *************** function _updateState *****************
 Defined at:
		line 96 in file "D:\uni_2023-2024\cpe3201\embedded-systems\FinalProject\switching-program\first-version\main.c"
 Parameters:    Size  Location     Type
		None
 Auto vars:     Size  Location     Type
  buffer         10   67[BANK0 ] unsigned char [10]
 Return value:  Size  Location     Type
		None               void
 Registers used:
		wreg, fsr0l, fsr0h, status,2, status,0, btemp+1, pclath, cstack
 Tracked objects:
		On entry : 
		On exit  : 
		Unchanged: 
 Data sizes:     COMMON   BANK0   BANK1   BANK3   BANK2
      Params:         0       0       0       0       0
      Locals:         0      10       0       0       0
      Temps:          0       5       0       0       0
      Totals:         0      15       0       0       0
Total ram usage:       15 bytes
 Hardware stack levels used:    1
 Hardware stack levels required when called:    5
 This function calls:
		_displayPPM
		_displayTime
		_instCTRL
		_printStatusPPM
		_printToLCD
		_setHoursEnd
		_setHoursStart
		_setMinutesEnd
		_setMinutesStart
		_sprintf
 This function is called by:
		_main
 This function uses a non-reentrant model


 *************** function _setMinutesStart *****************
 Defined at:
		line 132 in file "D:\uni_2023-2024\cpe3201\embedded-systems\FinalProject\switching-program\first-version\time_scheduler.h"
 Parameters:    Size  Location     Type
		None
 Auto vars:     Size  Location     Type
		None
 Return value:  Size  Location     Type
		None               void
 Registers used:
		wreg, fsr0l, fsr0h, status,2, status,0, btemp+1, pclath, cstack
 Tracked objects:
		On entry : 
		On exit  : 
		Unchanged: 
 Data sizes:     COMMON   BANK0   BANK1   BANK3   BANK2
      Params:         0       0       0       0       0
      Locals:         0       0       0       0       0
      Temps:          0       3       0       0       0
      Totals:         0       3       0       0       0
Total ram usage:        3 bytes
 Hardware stack levels used:    1
 Hardware stack levels required when called:    4
 This function calls:
		___awmod
		_printToLCD
		_sprintf
 This function is called by:
		_updateState
 This function uses a non-reentrant model


 *************** function _setMinutesEnd *****************
 Defined at:
		line 170 in file "D:\uni_2023-2024\cpe3201\embedded-systems\FinalProject\switching-program\first-version\time_scheduler.h"
 Parameters:    Size  Location     Type
		None
 Auto vars:     Size  Location     Type
		None
 Return value:  Size  Location     Type
		None               void
 Registers used:
		wreg, fsr0l, fsr0h, status,2, status,0, btemp+1, pclath, cstack
 Tracked objects:
		On entry : 
		On exit  : 
		Unchanged: 
 Data sizes:     COMMON   BANK0   BANK1   BANK3   BANK2
      Params:         0       0       0       0       0
      Locals:         0       0       0       0       0
      Temps:          0       3       0       0       0
      Totals:         0       3       0       0       0
Total ram usage:        3 bytes
 Hardware stack levels used:    1
 Hardware stack levels required when called:    4
 This function calls:
		___awmod
		_printToLCD
		_sprintf
 This function is called by:
		_updateState
 This function uses a non-reentrant model


 *************** function _setHoursStart *****************
 Defined at:
		line 55 in file "D:\uni_2023-2024\cpe3201\embedded-systems\FinalProject\switching-program\first-version\time_scheduler.h"
 Parameters:    Size  Location     Type
		None
 Auto vars:     Size  Location     Type
		None
 Return value:  Size  Location     Type
		None               void
 Registers used:
		wreg, fsr0l, fsr0h, status,2, status,0, btemp+1, pclath, cstack
 Tracked objects:
		On entry : 
		On exit  : 
		Unchanged: 
 Data sizes:     COMMON   BANK0   BANK1   BANK3   BANK2
      Params:         0       0       0       0       0
      Locals:         0       0       0       0       0
      Temps:          0       3       0       0       0
      Totals:         0       3       0       0       0
Total ram usage:        3 bytes
 Hardware stack levels used:    1
 Hardware stack levels required when called:    4
 This function calls:
		___awmod
		_printToLCD
		_sprintf
 This function is called by:
		_updateState
 This function uses a non-reentrant model


 *************** function _setHoursEnd *****************
 Defined at:
		line 94 in file "D:\uni_2023-2024\cpe3201\embedded-systems\FinalProject\switching-program\first-version\time_scheduler.h"
 Parameters:    Size  Location     Type
		None
 Auto vars:     Size  Location     Type
		None
 Return value:  Size  Location     Type
		None               void
 Registers used:
		wreg, fsr0l, fsr0h, status,2, status,0, btemp+1, pclath, cstack
 Tracked objects:
		On entry : 
		On exit  : 
		Unchanged: 
 Data sizes:     COMMON   BANK0   BANK1   BANK3   BANK2
      Params:         0       0       0       0       0
      Locals:         0       0       0       0       0
      Temps:          0       3       0       0       0
      Totals:         0       3       0       0       0
Total ram usage:        3 bytes
 Hardware stack levels used:    1
 Hardware stack levels required when called:    4
 This function calls:
		___awmod
		_printToLCD
		_sprintf
 This function is called by:
		_updateState
 This function uses a non-reentrant model


 *************** function ___awmod *****************
 Defined at:
		line 6 in file "C:\Program Files (x86)\Microchip\xc8\v1.33\sources\common\awmod.c"
 Parameters:    Size  Location     Type
  divisor         2    0[BANK0 ] int 
  dividend        2    2[BANK0 ] int 
 Auto vars:     Size  Location     Type
  sign            1    6[BANK0 ] unsigned char 
  counter         1    5[BANK0 ] unsigned char 
 Return value:  Size  Location     Type
                  2    0[BANK0 ] int 
 Registers used:
		wreg, status,2, status,0
 Tracked objects:
		On entry : 
		On exit  : 
		Unchanged: 
 Data sizes:     COMMON   BANK0   BANK1   BANK3   BANK2
      Params:         0       4       0       0       0
      Locals:         0       2       0       0       0
      Temps:          0       1       0       0       0
      Totals:         0       7       0       0       0
Total ram usage:        7 bytes
 Hardware stack levels used:    1
 Hardware stack levels required when called:    2
 This function calls:
		Nothing
 This function is called by:
		_setHoursStart
		_setHoursEnd
		_setMinutesStart
		_setMinutesEnd
 This function uses a non-reentrant model


 *************** function _printStatusPPM *****************
 Defined at:
		line 66 in file "D:\uni_2023-2024\cpe3201\embedded-systems\FinalProject\switching-program\first-version\mq135_module.h"
 Parameters:    Size  Location     Type
  handler         1    wreg     unsigned char 
 Auto vars:     Size  Location     Type
  handler         1    4[BANK0 ] unsigned char 
 Return value:  Size  Location     Type
		None               void
 Registers used:
		wreg, fsr0l, fsr0h, status,2, status,0, btemp+1, pclath, cstack
 Tracked objects:
		On entry : 
		On exit  : 
		Unchanged: 
 Data sizes:     COMMON   BANK0   BANK1   BANK3   BANK2
      Params:         0       0       0       0       0
      Locals:         0       1       0       0       0
      Temps:          0       0       0       0       0
      Totals:         0       1       0       0       0
Total ram usage:        1 bytes
 Hardware stack levels used:    1
 Hardware stack levels required when called:    4
 This function calls:
		_printToLCD
 This function is called by:
		_updateState
 This function uses a non-reentrant model


 *************** function _displayTime *****************
 Defined at:
		line 48 in file "D:\uni_2023-2024\cpe3201\embedded-systems\FinalProject\switching-program\first-version\time_scheduler.h"
 Parameters:    Size  Location     Type
		None
 Auto vars:     Size  Location     Type
  timeFormat     10   40[BANK0 ] unsigned char [10]
 Return value:  Size  Location     Type
		None               void
 Registers used:
		wreg, fsr0l, fsr0h, status,2, status,0, btemp+1, pclath, cstack
 Tracked objects:
		On entry : 
		On exit  : 
		Unchanged: 
 Data sizes:     COMMON   BANK0   BANK1   BANK3   BANK2
      Params:         0       0       0       0       0
      Locals:         0      10       0       0       0
      Temps:          0       5       0       0       0
      Totals:         0      15       0       0       0
Total ram usage:       15 bytes
 Hardware stack levels used:    1
 Hardware stack levels required when called:    4
 This function calls:
		_printToLCD
		_sprintf
 This function is called by:
		_updateState
 This function uses a non-reentrant model


 *************** function _displayPPM *****************
 Defined at:
		line 35 in file "D:\uni_2023-2024\cpe3201\embedded-systems\FinalProject\switching-program\first-version\mq135_module.h"
 Parameters:    Size  Location     Type
		None
 Auto vars:     Size  Location     Type
  strBuffer      50    0[BANK1 ] unsigned char [50]
  ppmFraction     2   52[BANK1 ] int 
  ppmWhole        2   50[BANK1 ] int 
  bufPtr          1   54[BANK1 ] PTR unsigned char 
		 -> displayPPM@strBuffer(50), 
 Return value:  Size  Location     Type
		None               void
 Registers used:
		wreg, fsr0l, fsr0h, status,2, status,0, btemp+1, pclath, cstack
 Tracked objects:
		On entry : 
		On exit  : 
		Unchanged: 
 Data sizes:     COMMON   BANK0   BANK1   BANK3   BANK2
      Params:         0       0       0       0       0
      Locals:         0       0      55       0       0
      Temps:          0       2       0       0       0
      Totals:         0       2      55       0       0
Total ram usage:       57 bytes
 Hardware stack levels used:    1
 Hardware stack levels required when called:    4
 This function calls:
		___awtoft
		___ftadd
		___ftmul
		___ftneg
		___fttol
		_printToLCD
		_sprintf
 This function is called by:
		_updateState
 This function uses a non-reentrant model


 *************** function _sprintf *****************
 Defined at:
		line 492 in file "C:\Program Files (x86)\Microchip\xc8\v1.33\sources\common\doprnt.c"
 Parameters:    Size  Location     Type
  sp              1    wreg     PTR unsigned char 
		 -> updateState@buffer(10), debugInfo(10), displayTime@timeFormat(10), displayPPM@strBuffer(50), 
  f               1   14[BANK0 ] PTR const unsigned char 
		 -> STR_23(13), STR_22(14), STR_18(10), STR_17(10), 
		 -> STR_16(10), STR_15(10), STR_14(10), STR_13(10), 
		 -> STR_12(10), STR_11(10), STR_10(10), STR_9(10), 
		 -> STR_8(10), STR_7(10), STR_6(16), STR_3(9), 
		 -> STR_2(3), STR_1(6), 
 Auto vars:     Size  Location     Type
  sp              1   34[BANK0 ] PTR unsigned char 
		 -> updateState@buffer(10), debugInfo(10), displayTime@timeFormat(10), displayPPM@strBuffer(50), 
  _val            4   26[BANK0 ] struct .
  width           2   31[BANK0 ] int 
  ccnt            2   24[BANK0 ] int 
  c               1   33[BANK0 ] char 
  flag            1   30[BANK0 ] unsigned char 
  prec            1   23[BANK0 ] char 
  ap              1   22[BANK0 ] PTR void [1]
		 -> ?_sprintf(2), 
 Return value:  Size  Location     Type
                  2   14[BANK0 ] int 
 Registers used:
		wreg, fsr0l, fsr0h, status,2, status,0, btemp+1, pclath, cstack
 Tracked objects:
		On entry : 
		On exit  : 
		Unchanged: 
 Data sizes:     COMMON   BANK0   BANK1   BANK3   BANK2
      Params:         0       5       0       0       0
      Locals:         0      13       0       0       0
      Temps:          0       3       0       0       0
      Totals:         0      21       0       0       0
Total ram usage:       21 bytes
 Hardware stack levels used:    1
 Hardware stack levels required when called:    3
 This function calls:
		___lwdiv
		___lwmod
		___wmul
		_isdigit
 This function is called by:
		_displayPPM
		_displayTime
		_setHoursStart
		_setHoursEnd
		_setMinutesStart
		_setMinutesEnd
		_updateState
 This function uses a non-reentrant model


 *************** function _isdigit *****************
 Defined at:
		line 8 in file "C:\Program Files (x86)\Microchip\xc8\v1.33\sources\common\isdigit.c"
 Parameters:    Size  Location     Type
  c               1    wreg     unsigned char 
 Auto vars:     Size  Location     Type
  c               1    1[BANK0 ] unsigned char 
 Return value:  Size  Location     Type
		None               void
 Registers used:
		wreg, status,2, status,0
 Tracked objects:
		On entry : 
		On exit  : 
		Unchanged: 
 Data sizes:     COMMON   BANK0   BANK1   BANK3   BANK2
      Params:         0       0       0       0       0
      Locals:         0       2       0       0       0
      Temps:          0       0       0       0       0
      Totals:         0       2       0       0       0
Total ram usage:        2 bytes
 Hardware stack levels used:    1
 Hardware stack levels required when called:    2
 This function calls:
		Nothing
 This function is called by:
		_sprintf
 This function uses a non-reentrant model


 *************** function ___wmul *****************
 Defined at:
		line 15 in file "C:\Program Files (x86)\Microchip\xc8\v1.33\sources\common\Umul16.c"
 Parameters:    Size  Location     Type
  multiplier      2    0[BANK0 ] unsigned int 
  multiplicand    2    2[BANK0 ] unsigned int 
 Auto vars:     Size  Location     Type
  product         2    4[BANK0 ] unsigned int 
 Return value:  Size  Location     Type
                  2    0[BANK0 ] unsigned int 
 Registers used:
		wreg, status,2, status,0
 Tracked objects:
		On entry : 
		On exit  : 
		Unchanged: 
 Data sizes:     COMMON   BANK0   BANK1   BANK3   BANK2
      Params:         0       4       0       0       0
      Locals:         0       2       0       0       0
      Temps:          0       0       0       0       0
      Totals:         0       6       0       0       0
Total ram usage:        6 bytes
 Hardware stack levels used:    1
 Hardware stack levels required when called:    2
 This function calls:
		Nothing
 This function is called by:
		_sprintf
 This function uses a non-reentrant model


 *************** function ___lwmod *****************
 Defined at:
		line 6 in file "C:\Program Files (x86)\Microchip\xc8\v1.33\sources\common\lwmod.c"
 Parameters:    Size  Location     Type
  divisor         2    8[BANK0 ] unsigned int 
  dividend        2   10[BANK0 ] unsigned int 
 Auto vars:     Size  Location     Type
  counter         1   13[BANK0 ] unsigned char 
 Return value:  Size  Location     Type
                  2    8[BANK0 ] unsigned int 
 Registers used:
		wreg, status,2, status,0
 Tracked objects:
		On entry : 
		On exit  : 
		Unchanged: 
 Data sizes:     COMMON   BANK0   BANK1   BANK3   BANK2
      Params:         0       4       0       0       0
      Locals:         0       1       0       0       0
      Temps:          0       1       0       0       0
      Totals:         0       6       0       0       0
Total ram usage:        6 bytes
 Hardware stack levels used:    1
 Hardware stack levels required when called:    2
 This function calls:
		Nothing
 This function is called by:
		_sprintf
 This function uses a non-reentrant model


 *************** function ___lwdiv *****************
 Defined at:
		line 6 in file "C:\Program Files (x86)\Microchip\xc8\v1.33\sources\common\lwdiv.c"
 Parameters:    Size  Location     Type
  divisor         2    0[BANK0 ] unsigned int 
  dividend        2    2[BANK0 ] unsigned int 
 Auto vars:     Size  Location     Type
  quotient        2    5[BANK0 ] unsigned int 
  counter         1    7[BANK0 ] unsigned char 
 Return value:  Size  Location     Type
                  2    0[BANK0 ] unsigned int 
 Registers used:
		wreg, status,2, status,0
 Tracked objects:
		On entry : 
		On exit  : 
		Unchanged: 
 Data sizes:     COMMON   BANK0   BANK1   BANK3   BANK2
      Params:         0       4       0       0       0
      Locals:         0       3       0       0       0
      Temps:          0       1       0       0       0
      Totals:         0       8       0       0       0
Total ram usage:        8 bytes
 Hardware stack levels used:    1
 Hardware stack levels required when called:    2
 This function calls:
		Nothing
 This function is called by:
		_sprintf
 This function uses a non-reentrant model


 *************** function ___fttol *****************
 Defined at:
		line 44 in file "C:\Program Files (x86)\Microchip\xc8\v1.33\sources\common\fttol.c"
 Parameters:    Size  Location     Type
  f1              3   46[BANK0 ] float 
 Auto vars:     Size  Location     Type
  lval            4   55[BANK0 ] unsigned long 
  exp1            1   59[BANK0 ] unsigned char 
  sign1           1   54[BANK0 ] unsigned char 
 Return value:  Size  Location     Type
                  4   46[BANK0 ] long 
 Registers used:
		wreg, status,2, status,0
 Tracked objects:
		On entry : 
		On exit  : 
		Unchanged: 
 Data sizes:     COMMON   BANK0   BANK1   BANK3   BANK2
      Params:         0       4       0       0       0
      Locals:         0       6       0       0       0
      Temps:          0       4       0       0       0
      Totals:         0      14       0       0       0
Total ram usage:       14 bytes
 Hardware stack levels used:    1
 Hardware stack levels required when called:    2
 This function calls:
		Nothing
 This function is called by:
		_displayPPM
 This function uses a non-reentrant model


 *************** function ___ftneg *****************
 Defined at:
		line 15 in file "C:\Program Files (x86)\Microchip\xc8\v1.33\sources\common\ftneg.c"
 Parameters:    Size  Location     Type
  f1              3   14[BANK0 ] float 
 Auto vars:     Size  Location     Type
		None
 Return value:  Size  Location     Type
                  3   14[BANK0 ] float 
 Registers used:
		wreg
 Tracked objects:
		On entry : 
		On exit  : 
		Unchanged: 
 Data sizes:     COMMON   BANK0   BANK1   BANK3   BANK2
      Params:         0       3       0       0       0
      Locals:         0       0       0       0       0
      Temps:          0       0       0       0       0
      Totals:         0       3       0       0       0
Total ram usage:        3 bytes
 Hardware stack levels used:    1
 Hardware stack levels required when called:    2
 This function calls:
		Nothing
 This function is called by:
		_displayPPM
 This function uses a non-reentrant model


 *************** function _startUpLCD *****************
 Defined at:
		line 68 in file "D:\uni_2023-2024\cpe3201\embedded-systems\FinalProject\switching-program\first-version\main.c"
 Parameters:    Size  Location     Type
		None
 Auto vars:     Size  Location     Type
		None
 Return value:  Size  Location     Type
		None               void
 Registers used:
		wreg, fsr0l, fsr0h, status,2, status,0, btemp+1, pclath, cstack
 Tracked objects:
		On entry : 
		On exit  : 
		Unchanged: 
 Data sizes:     COMMON   BANK0   BANK1   BANK3   BANK2
      Params:         0       0       0       0       0
      Locals:         0       0       0       0       0
      Temps:          0       0       0       0       0
      Totals:         0       0       0       0       0
Total ram usage:        0 bytes
 Hardware stack levels used:    1
 Hardware stack levels required when called:    4
 This function calls:
		_initLCD
		_instCTRL
		_printToLCD
 This function is called by:
		_main
 This function uses a non-reentrant model


 *************** function _printToLCD *****************
 Defined at:
		line 47 in file "D:\uni_2023-2024\cpe3201\embedded-systems\FinalProject\switching-program\first-version\lcd_functions.h"
 Parameters:    Size  Location     Type
  str             2    2[BANK0 ] PTR const unsigned char 
		 -> STR_31(8), STR_30(12), STR_29(10), STR_28(14), 
		 -> STR_27(12), STR_26(10), STR_25(16), STR_24(15), 
		 -> updateState@buffer(10), STR_21(15), STR_20(7), STR_19(7), 
		 -> debugInfo(10), displayTime@timeFormat(10), STR_5(8), STR_4(8), 
		 -> displayPPM@strBuffer(50), 
 Auto vars:     Size  Location     Type
		None
 Return value:  Size  Location     Type
		None               void
 Registers used:
		wreg, fsr0l, fsr0h, status,2, status,0, btemp+1, pclath, cstack
 Tracked objects:
		On entry : 
		On exit  : 
		Unchanged: 
 Data sizes:     COMMON   BANK0   BANK1   BANK3   BANK2
      Params:         0       2       0       0       0
      Locals:         0       0       0       0       0
      Temps:          0       0       0       0       0
      Totals:         0       2       0       0       0
Total ram usage:        2 bytes
 Hardware stack levels used:    1
 Hardware stack levels required when called:    3
 This function calls:
		_dataCTRL
		_instCTRL
 This function is called by:
		_displayPPM
		_printStatusPPM
		_displayTime
		_setHoursStart
		_setHoursEnd
		_setMinutesStart
		_setMinutesEnd
		_startUpLCD
		_updateState
 This function uses a non-reentrant model


 *************** function _dataCTRL *****************
 Defined at:
		line 27 in file "D:\uni_2023-2024\cpe3201\embedded-systems\FinalProject\switching-program\first-version\lcd_functions.h"
 Parameters:    Size  Location     Type
  DAT             1    wreg     unsigned char 
 Auto vars:     Size  Location     Type
  DAT             1    1[BANK0 ] unsigned char 
 Return value:  Size  Location     Type
		None               void
 Registers used:
		wreg
 Tracked objects:
		On entry : 
		On exit  : 
		Unchanged: 
 Data sizes:     COMMON   BANK0   BANK1   BANK3   BANK2
      Params:         0       0       0       0       0
      Locals:         0       1       0       0       0
      Temps:          0       1       0       0       0
      Totals:         0       2       0       0       0
Total ram usage:        2 bytes
 Hardware stack levels used:    1
 Hardware stack levels required when called:    2
 This function calls:
		Nothing
 This function is called by:
		_printToLCD
 This function uses a non-reentrant model


 *************** function _initLCD *****************
 Defined at:
		line 37 in file "D:\uni_2023-2024\cpe3201\embedded-systems\FinalProject\switching-program\first-version\lcd_functions.h"
 Parameters:    Size  Location     Type
		None
 Auto vars:     Size  Location     Type
		None
 Return value:  Size  Location     Type
		None               void
 Registers used:
		wreg, status,2, status,0, pclath, cstack
 Tracked objects:
		On entry : 
		On exit  : 
		Unchanged: 
 Data sizes:     COMMON   BANK0   BANK1   BANK3   BANK2
      Params:         0       0       0       0       0
      Locals:         0       0       0       0       0
      Temps:          0       1       0       0       0
      Totals:         0       1       0       0       0
Total ram usage:        1 bytes
 Hardware stack levels used:    1
 Hardware stack levels required when called:    3
 This function calls:
		_instCTRL
 This function is called by:
		_startUpLCD
 This function uses a non-reentrant model


 *************** function _setPortDirections *****************
 Defined at:
		line 50 in file "D:\uni_2023-2024\cpe3201\embedded-systems\FinalProject\switching-program\first-version\main.c"
 Parameters:    Size  Location     Type
		None
 Auto vars:     Size  Location     Type
		None
 Return value:  Size  Location     Type
		None               void
 Registers used:
		wreg, status,2
 Tracked objects:
		On entry : 
		On exit  : 
		Unchanged: 
 Data sizes:     COMMON   BANK0   BANK1   BANK3   BANK2
      Params:         0       0       0       0       0
      Locals:         0       0       0       0       0
      Temps:          0       0       0       0       0
      Totals:         0       0       0       0       0
Total ram usage:        0 bytes
 Hardware stack levels used:    1
 Hardware stack levels required when called:    2
 This function calls:
		Nothing
 This function is called by:
		_main
 This function uses a non-reentrant model


 *************** function _runMQ135 *****************
 Defined at:
		line 30 in file "D:\uni_2023-2024\cpe3201\embedded-systems\FinalProject\switching-program\first-version\mq135_module.h"
 Parameters:    Size  Location     Type
		None
 Auto vars:     Size  Location     Type
		None
 Return value:  Size  Location     Type
		None               void
 Registers used:
		wreg, status,2, status,0, pclath, cstack
 Tracked objects:
		On entry : 
		On exit  : 
		Unchanged: 
 Data sizes:     COMMON   BANK0   BANK1   BANK3   BANK2
      Params:         0       0       0       0       0
      Locals:         0       0       0       0       0
      Temps:          0       0       0       0       0
      Totals:         0       0       0       0       0
Total ram usage:        0 bytes
 Hardware stack levels used:    1
 Hardware stack levels required when called:    5
 This function calls:
		_CalcMQ135
		_Read_ADC_MQ135
 This function is called by:
		_main
 This function uses a non-reentrant model


 *************** function _Read_ADC_MQ135 *****************
 Defined at:
		line 78 in file "D:\uni_2023-2024\cpe3201\embedded-systems\FinalProject\switching-program\first-version\mq135_module.h"
 Parameters:    Size  Location     Type
		None
 Auto vars:     Size  Location     Type
		None
 Return value:  Size  Location     Type
                  2    0[BANK0 ] int 
 Registers used:
		wreg, status,2, status,0
 Tracked objects:
		On entry : 
		On exit  : 
		Unchanged: 
 Data sizes:     COMMON   BANK0   BANK1   BANK3   BANK2
      Params:         0       2       0       0       0
      Locals:         0       0       0       0       0
      Temps:          0       2       0       0       0
      Totals:         0       4       0       0       0
Total ram usage:        4 bytes
 Hardware stack levels used:    1
 Hardware stack levels required when called:    2
 This function calls:
		Nothing
 This function is called by:
		_runMQ135
 This function uses a non-reentrant model


 *************** function _CalcMQ135 *****************
 Defined at:
		line 87 in file "D:\uni_2023-2024\cpe3201\embedded-systems\FinalProject\switching-program\first-version\mq135_module.h"
 Parameters:    Size  Location     Type
  RAW_ADC         2   62[BANK0 ] int 
 Auto vars:     Size  Location     Type
  ratio           3   36[BANK1 ] float 
  co2             3   33[BANK1 ] float 
  ratio5          3   30[BANK1 ] float 
  ratio4          3   27[BANK1 ] float 
  ratio3          3   24[BANK1 ] float 
  ratio2          3   21[BANK1 ] float 
  ratio6          3    3[BANK1 ] float 
  voltage         3    0[BANK1 ] float 
 Return value:  Size  Location     Type
                  3   62[BANK0 ] float 
 Registers used:
		wreg, status,2, status,0, pclath, cstack
 Tracked objects:
		On entry : 
		On exit  : 
		Unchanged: 
 Data sizes:     COMMON   BANK0   BANK1   BANK3   BANK2
      Params:         0       3       0       0       0
      Locals:         0       0      39       0       0
      Temps:          0       0       0       0       0
      Totals:         0       3      39       0       0
Total ram usage:       42 bytes
 Hardware stack levels used:    1
 Hardware stack levels required when called:    4
 This function calls:
		___awtoft
		___ftadd
		___ftdiv
		___ftmul
 This function is called by:
		_runMQ135
 This function uses a non-reentrant model


 *************** function ___ftmul *****************
 Defined at:
		line 62 in file "C:\Program Files (x86)\Microchip\xc8\v1.33\sources\common\ftmul.c"
 Parameters:    Size  Location     Type
  f1              3   30[BANK0 ] float 
  f2              3   33[BANK0 ] float 
 Auto vars:     Size  Location     Type
  f3_as_produc    3   41[BANK0 ] unsigned um
  sign            1   45[BANK0 ] unsigned char 
  cntr            1   44[BANK0 ] unsigned char 
  exp             1   40[BANK0 ] unsigned char 
 Return value:  Size  Location     Type
                  3   30[BANK0 ] float 
 Registers used:
		wreg, status,2, status,0, pclath, cstack
 Tracked objects:
		On entry : 
		On exit  : 
		Unchanged: 
 Data sizes:     COMMON   BANK0   BANK1   BANK3   BANK2
      Params:         0       6       0       0       0
      Locals:         0       6       0       0       0
      Temps:          0       4       0       0       0
      Totals:         0      16       0       0       0
Total ram usage:       16 bytes
 Hardware stack levels used:    1
 Hardware stack levels required when called:    3
 This function calls:
		___ftpack
 This function is called by:
		_displayPPM
		_CalcMQ135
 This function uses a non-reentrant model


 *************** function ___ftdiv *****************
 Defined at:
		line 49 in file "C:\Program Files (x86)\Microchip\xc8\v1.33\sources\pic\ftdiv.c"
 Parameters:    Size  Location     Type
  f2              3   46[BANK0 ] float 
  f1              3   49[BANK0 ] float 
 Auto vars:     Size  Location     Type
  f3              3   57[BANK0 ] float 
  sign            1   61[BANK0 ] unsigned char 
  exp             1   60[BANK0 ] unsigned char 
  cntr            1   56[BANK0 ] unsigned char 
 Return value:  Size  Location     Type
                  3   46[BANK0 ] float 
 Registers used:
		wreg, status,2, status,0, pclath, cstack
 Tracked objects:
		On entry : 
		On exit  : 
		Unchanged: 
 Data sizes:     COMMON   BANK0   BANK1   BANK3   BANK2
      Params:         0       6       0       0       0
      Locals:         0       6       0       0       0
      Temps:          0       4       0       0       0
      Totals:         0      16       0       0       0
Total ram usage:       16 bytes
 Hardware stack levels used:    1
 Hardware stack levels required when called:    3
 This function calls:
		___ftpack
 This function is called by:
		_CalcMQ135
 This function uses a non-reentrant model


 *************** function ___ftadd *****************
 Defined at:
		line 86 in file "C:\Program Files (x86)\Microchip\xc8\v1.33\sources\common\ftadd.c"
 Parameters:    Size  Location     Type
  f1              3   17[BANK0 ] float 
  f2              3   20[BANK0 ] float 
 Auto vars:     Size  Location     Type
  exp1            1   29[BANK0 ] unsigned char 
  exp2            1   28[BANK0 ] unsigned char 
  sign            1   27[BANK0 ] unsigned char 
 Return value:  Size  Location     Type
                  3   17[BANK0 ] float 
 Registers used:
		wreg, status,2, status,0, pclath, cstack
 Tracked objects:
		On entry : 
		On exit  : 
		Unchanged: 
 Data sizes:     COMMON   BANK0   BANK1   BANK3   BANK2
      Params:         0       6       0       0       0
      Locals:         0       3       0       0       0
      Temps:          0       4       0       0       0
      Totals:         0      13       0       0       0
Total ram usage:       13 bytes
 Hardware stack levels used:    1
 Hardware stack levels required when called:    3
 This function calls:
		___ftpack
 This function is called by:
		_displayPPM
		_CalcMQ135
 This function uses a non-reentrant model


 *************** function ___awtoft *****************
 Defined at:
		line 32 in file "C:\Program Files (x86)\Microchip\xc8\v1.33\sources\common\awtoft.c"
 Parameters:    Size  Location     Type
  c               2    8[BANK0 ] int 
 Auto vars:     Size  Location     Type
  sign            1   13[BANK0 ] unsigned char 
 Return value:  Size  Location     Type
                  3    8[BANK0 ] float 
 Registers used:
		wreg, status,2, status,0, pclath, cstack
 Tracked objects:
		On entry : 
		On exit  : 
		Unchanged: 
 Data sizes:     COMMON   BANK0   BANK1   BANK3   BANK2
      Params:         0       3       0       0       0
      Locals:         0       1       0       0       0
      Temps:          0       2       0       0       0
      Totals:         0       6       0       0       0
Total ram usage:        6 bytes
 Hardware stack levels used:    1
 Hardware stack levels required when called:    3
 This function calls:
		___ftpack
 This function is called by:
		_displayPPM
		_CalcMQ135
 This function uses a non-reentrant model


 *************** function ___ftpack *****************
 Defined at:
		line 62 in file "C:\Program Files (x86)\Microchip\xc8\v1.33\sources\common\float.c"
 Parameters:    Size  Location     Type
  arg             3    0[BANK0 ] unsigned um
  exp             1    3[BANK0 ] unsigned char 
  sign            1    4[BANK0 ] unsigned char 
 Auto vars:     Size  Location     Type
		None
 Return value:  Size  Location     Type
                  3    0[BANK0 ] float 
 Registers used:
		wreg, status,2, status,0
 Tracked objects:
		On entry : 
		On exit  : 
		Unchanged: 
 Data sizes:     COMMON   BANK0   BANK1   BANK3   BANK2
      Params:         0       5       0       0       0
      Locals:         0       0       0       0       0
      Temps:          0       3       0       0       0
      Totals:         0       8       0       0       0
Total ram usage:        8 bytes
 Hardware stack levels used:    1
 Hardware stack levels required when called:    2
 This function calls:
		Nothing
 This function is called by:
		___awtoft
		___ftadd
		___ftdiv
		___ftmul
 This function uses a non-reentrant model


 *************** function _runClock *****************
 Defined at:
		line 33 in file "D:\uni_2023-2024\cpe3201\embedded-systems\FinalProject\switching-program\first-version\time_scheduler.h"
 Parameters:    Size  Location     Type
		None
 Auto vars:     Size  Location     Type
		None
 Return value:  Size  Location     Type
		None               void
 Registers used:
		wreg, status,2, status,0
 Tracked objects:
		On entry : 
		On exit  : 
		Unchanged: 
 Data sizes:     COMMON   BANK0   BANK1   BANK3   BANK2
      Params:         0       0       0       0       0
      Locals:         0       0       0       0       0
      Temps:          0       2       0       0       0
      Totals:         0       2       0       0       0
Total ram usage:        2 bytes
 Hardware stack levels used:    1
 Hardware stack levels required when called:    2
 This function calls:
		Nothing
 This function is called by:
		_main
 This function uses a non-reentrant model


 *************** function _initInterrupt *****************
 Defined at:
		line 75 in file "D:\uni_2023-2024\cpe3201\embedded-systems\FinalProject\switching-program\first-version\main.c"
 Parameters:    Size  Location     Type
		None
 Auto vars:     Size  Location     Type
		None
 Return value:  Size  Location     Type
		None               void
 Registers used:
		None
 Tracked objects:
		On entry : 
		On exit  : 
		Unchanged: 
 Data sizes:     COMMON   BANK0   BANK1   BANK3   BANK2
      Params:         0       0       0       0       0
      Locals:         0       0       0       0       0
      Temps:          0       0       0       0       0
      Totals:         0       0       0       0       0
Total ram usage:        0 bytes
 Hardware stack levels used:    1
 Hardware stack levels required when called:    2
 This function calls:
		Nothing
 This function is called by:
		_main
 This function uses a non-reentrant model


 *************** function _initADC *****************
 Defined at:
		line 62 in file "D:\uni_2023-2024\cpe3201\embedded-systems\FinalProject\switching-program\first-version\main.c"
 Parameters:    Size  Location     Type
		None
 Auto vars:     Size  Location     Type
		None
 Return value:  Size  Location     Type
		None               void
 Registers used:
		wreg
 Tracked objects:
		On entry : 
		On exit  : 
		Unchanged: 
 Data sizes:     COMMON   BANK0   BANK1   BANK3   BANK2
      Params:         0       0       0       0       0
      Locals:         0       0       0       0       0
      Temps:          0       0       0       0       0
      Totals:         0       0       0       0       0
Total ram usage:        0 bytes
 Hardware stack levels used:    1
 Hardware stack levels required when called:    2
 This function calls:
		Nothing
 This function is called by:
		_main
 This function uses a non-reentrant model


 *************** function _handlePPM *****************
 Defined at:
		line 52 in file "D:\uni_2023-2024\cpe3201\embedded-systems\FinalProject\switching-program\first-version\mq135_module.h"
 Parameters:    Size  Location     Type
		None
 Auto vars:     Size  Location     Type
		None
 Return value:  Size  Location     Type
                  1    wreg      unsigned char 
 Registers used:
		wreg, status,2, status,0, pclath, cstack
 Tracked objects:
		On entry : 
		On exit  : 
		Unchanged: 
 Data sizes:     COMMON   BANK0   BANK1   BANK3   BANK2
      Params:         0       0       0       0       0
      Locals:         0       0       0       0       0
      Temps:          0       0       0       0       0
      Totals:         0       0       0       0       0
Total ram usage:        0 bytes
 Hardware stack levels used:    1
 Hardware stack levels required when called:    3
 This function calls:
		___ftge
 This function is called by:
		_main
 This function uses a non-reentrant model


 *************** function ___ftge *****************
 Defined at:
		line 4 in file "C:\Program Files (x86)\Microchip\xc8\v1.33\sources\common\ftge.c"
 Parameters:    Size  Location     Type
  ff1             3    0[BANK0 ] float 
  ff2             3    3[BANK0 ] float 
 Auto vars:     Size  Location     Type
		None
 Return value:  Size  Location     Type
		None               void
 Registers used:
		wreg, status,2, status,0
 Tracked objects:
		On entry : 
		On exit  : 
		Unchanged: 
 Data sizes:     COMMON   BANK0   BANK1   BANK3   BANK2
      Params:         0       6       0       0       0
      Locals:         0       0       0       0       0
      Temps:          0       6       0       0       0
      Totals:         0      12       0       0       0
Total ram usage:       12 bytes
 Hardware stack levels used:    1
 Hardware stack levels required when called:    2
 This function calls:
		Nothing
 This function is called by:
		_handlePPM
 This function uses a non-reentrant model


 *************** function _checkTime *****************
 Defined at:
		line 208 in file "D:\uni_2023-2024\cpe3201\embedded-systems\FinalProject\switching-program\first-version\time_scheduler.h"
 Parameters:    Size  Location     Type
		None
 Auto vars:     Size  Location     Type
		None
 Return value:  Size  Location     Type
		None               void
 Registers used:
		wreg
 Tracked objects:
		On entry : 
		On exit  : 
		Unchanged: 
 Data sizes:     COMMON   BANK0   BANK1   BANK3   BANK2
      Params:         0       0       0       0       0
      Locals:         0       0       0       0       0
      Temps:          0       0       0       0       0
      Totals:         0       0       0       0       0
Total ram usage:        0 bytes
 Hardware stack levels used:    1
 Hardware stack levels required when called:    2
 This function calls:
		Nothing
 This function is called by:
		_main
 This function uses a non-reentrant model


 *************** function _checkSelect *****************
 Defined at:
		line 184 in file "D:\uni_2023-2024\cpe3201\embedded-systems\FinalProject\switching-program\first-version\main.c"
 Parameters:    Size  Location     Type
		None
 Auto vars:     Size  Location     Type
  currentRB1St    2    4[BANK0 ] int 
 Return value:  Size  Location     Type
		None               void
 Registers used:
		wreg, status,2, status,0, pclath, cstack
 Tracked objects:
		On entry : 
		On exit  : 
		Unchanged: 
 Data sizes:     COMMON   BANK0   BANK1   BANK3   BANK2
      Params:         0       0       0       0       0
      Locals:         0       2       0       0       0
      Temps:          0       2       0       0       0
      Totals:         0       4       0       0       0
Total ram usage:        4 bytes
 Hardware stack levels used:    1
 Hardware stack levels required when called:    3
 This function calls:
		_instCTRL
 This function is called by:
		_main
 This function uses a non-reentrant model


 *************** function _checkMode *****************
 Defined at:
		line 173 in file "D:\uni_2023-2024\cpe3201\embedded-systems\FinalProject\switching-program\first-version\main.c"
 Parameters:    Size  Location     Type
		None
 Auto vars:     Size  Location     Type
		None
 Return value:  Size  Location     Type
		None               void
 Registers used:
		wreg, status,2, status,0, pclath, cstack
 Tracked objects:
		On entry : 
		On exit  : 
		Unchanged: 
 Data sizes:     COMMON   BANK0   BANK1   BANK3   BANK2
      Params:         0       0       0       0       0
      Locals:         0       0       0       0       0
      Temps:          0       2       0       0       0
      Totals:         0       2       0       0       0
Total ram usage:        2 bytes
 Hardware stack levels used:    1
 Hardware stack levels required when called:    3
 This function calls:
		_instCTRL
 This function is called by:
		_main
 This function uses a non-reentrant model


 *************** function _instCTRL *****************
 Defined at:
		line 17 in file "D:\uni_2023-2024\cpe3201\embedded-systems\FinalProject\switching-program\first-version\lcd_functions.h"
 Parameters:    Size  Location     Type
  CMD             1    wreg     unsigned char 
 Auto vars:     Size  Location     Type
  CMD             1    1[BANK0 ] unsigned char 
 Return value:  Size  Location     Type
		None               void
 Registers used:
		wreg
 Tracked objects:
		On entry : 
		On exit  : 
		Unchanged: 
 Data sizes:     COMMON   BANK0   BANK1   BANK3   BANK2
      Params:         0       0       0       0       0
      Locals:         0       1       0       0       0
      Temps:          0       1       0       0       0
      Totals:         0       2       0       0       0
Total ram usage:        2 bytes
 Hardware stack levels used:    1
 Hardware stack levels required when called:    2
 This function calls:
		Nothing
 This function is called by:
		_initLCD
		_printToLCD
		_startUpLCD
		_updateState
		_checkMode
		_checkSelect
 This function uses a non-reentrant model


 *************** function _ISR *****************
 Defined at:
		line 83 in file "D:\uni_2023-2024\cpe3201\embedded-systems\FinalProject\switching-program\first-version\main.c"
 Parameters:    Size  Location     Type
		None
 Auto vars:     Size  Location     Type
		None
 Return value:  Size  Location     Type
		None               void
 Registers used:
		wreg, status,2, status,0, pclath, cstack
 Tracked objects:
		On entry : 
		On exit  : 
		Unchanged: 
 Data sizes:     COMMON   BANK0   BANK1   BANK3   BANK2
      Params:         0       0       0       0       0
      Locals:         0       0       0       0       0
      Temps:          5       0       0       0       0
      Totals:         5       0       0       0       0
Total ram usage:        5 bytes
 Hardware stack levels used:    1
 Hardware stack levels required when called:    1
 This function calls:
		i1_instCTRL
 This function is called by:
		Interrupt level 1
 This function uses a non-reentrant model


 *************** function i1_instCTRL *****************
 Defined at:
		line 17 in file "D:\uni_2023-2024\cpe3201\embedded-systems\FinalProject\switching-program\first-version\lcd_functions.h"
 Parameters:    Size  Location     Type
  CMD             1    wreg     unsigned char 
 Auto vars:     Size  Location     Type
  CMD             1    1[COMMON] unsigned char 
 Return value:  Size  Location     Type
		None               void
 Registers used:
		wreg
 Tracked objects:
		On entry : 
		On exit  : 
		Unchanged: 
 Data sizes:     COMMON   BANK0   BANK1   BANK3   BANK2
      Params:         0       0       0       0       0
      Locals:         1       0       0       0       0
      Temps:          1       0       0       0       0
      Totals:         2       0       0       0       0
Total ram usage:        2 bytes
 Hardware stack levels used:    1
 This function calls:
		Nothing
 This function is called by:
		_ISR
 This function uses a non-reentrant model



MODULE INFORMATION

Module		Function		Class		Link	Load	Size
C:\Program Files (x86)\Microchip\xc8\v1.33\sources\common\ftneg.c
		___ftneg       		CODE           	08ED	0000	10

C:\Program Files (x86)\Microchip\xc8\v1.33\sources\common\ftneg.c estimated size: 10

C:\Program Files (x86)\Microchip\xc8\v1.33\sources\common\ftge.c
		___ftge        		CODE           	1737	0000	95

C:\Program Files (x86)\Microchip\xc8\v1.33\sources\common\ftge.c estimated size: 95

D:\uni_2023-2024\cpe3201\embedded-systems\FinalProject\switching-program\first-version\lcd_functions.h
		_instCTRL      		CODE           	142B	0000	19
		_dataCTRL      		CODE           	143E	0000	19
		_printToLCD    		CODE           	15C5	0000	43
		_initLCD       		CODE           	1508	0000	36

D:\uni_2023-2024\cpe3201\embedded-systems\FinalProject\switching-program\first-version\lcd_functions.h estimated size: 117

C:\Program Files (x86)\Microchip\xc8\v1.33\sources\common\doprnt.c
		_sprintf       		CODE           	03F6	0000	483

C:\Program Files (x86)\Microchip\xc8\v1.33\sources\common\doprnt.c estimated size: 483

C:\Program Files (x86)\Microchip\xc8\v1.33\sources\common\float.c
		___ftpack      		CODE           	1796	0000	106

C:\Program Files (x86)\Microchip\xc8\v1.33\sources\common\float.c estimated size: 106

C:\Program Files (x86)\Microchip\xc8\v1.33\sources\common\lwmod.c
		___lwmod       		CODE           	1624	0000	54

C:\Program Files (x86)\Microchip\xc8\v1.33\sources\common\lwmod.c estimated size: 54

C:\Program Files (x86)\Microchip\xc8\v1.33\sources\common\awmod.c
		___awmod       		CODE           	16E8	0000	79

C:\Program Files (x86)\Microchip\xc8\v1.33\sources\common\awmod.c estimated size: 79

C:\Program Files (x86)\Microchip\xc8\v1.33\sources\common\Umul16.c
		___wmul        		CODE           	1575	0000	37

C:\Program Files (x86)\Microchip\xc8\v1.33\sources\common\Umul16.c estimated size: 37

C:\Program Files (x86)\Microchip\xc8\v1.33\sources\common\ftmul.c
		___ftmul       		CODE           	0CFB	0000	211

C:\Program Files (x86)\Microchip\xc8\v1.33\sources\common\ftmul.c estimated size: 211

D:\uni_2023-2024\cpe3201\embedded-systems\FinalProject\switching-program\first-version\mq135_module.h
		_runMQ135      		CODE           	14E5	0000	35
		_displayPPM    		CODE           	0ED7	0000	297
		_printStatusPPM		CODE           	146C	0000	28
		_Read_ADC_MQ135		CODE           	1451	0000	27
		_CalcMQ135     		CODE           	004F	0000	935
		_handlePPM     		CODE           	159A	0000	43

D:\uni_2023-2024\cpe3201\embedded-systems\FinalProject\switching-program\first-version\mq135_module.h estimated size: 1365

D:\uni_2023-2024\cpe3201\embedded-systems\FinalProject\switching-program\first-version\time_scheduler.h
		_setMinutesStar		CODE           	0C43	0000	184
		_runClock      		CODE           	1488	0000	29
		_displayTime   		CODE           	152C	0000	36
		_setHoursEnd   		CODE           	0A1B	0000	184
		_setHoursStart 		CODE           	0AD3	0000	184
		_setMinutesEnd 		CODE           	0B8B	0000	184
		_checkTime     		CODE           	08F7	0000	108

D:\uni_2023-2024\cpe3201\embedded-systems\FinalProject\switching-program\first-version\time_scheduler.h estimated size: 909

C:\Program Files (x86)\Microchip\xc8\v1.33\sources\common\lwdiv.c
		___lwdiv       		CODE           	165A	0000	64

C:\Program Files (x86)\Microchip\xc8\v1.33\sources\common\lwdiv.c estimated size: 64

shared
		__stringtab    		STRING         	0800	0000	16
		__stringdata   		STRING         	081A	0000	211
		_dpowers       		STRING         	0810	0000	10
		i1_instCTRL    		CODE           	1418	0000	19
		__initializatio		CODE           	0015	0000	54

shared estimated size: 310

C:\Program Files (x86)\Microchip\xc8\v1.33\sources\common\fttol.c
		___fttol       		CODE           	075C	0000	142

C:\Program Files (x86)\Microchip\xc8\v1.33\sources\common\fttol.c estimated size: 142

C:\Program Files (x86)\Microchip\xc8\v1.33\sources\common\awtoft.c
		___awtoft      		CODE           	1550	0000	37

C:\Program Files (x86)\Microchip\xc8\v1.33\sources\common\awtoft.c estimated size: 37

C:\Program Files (x86)\Microchip\xc8\v1.33\sources\common\ftadd.c
		___ftadd       		CODE           	0DCE	0000	265

C:\Program Files (x86)\Microchip\xc8\v1.33\sources\common\ftadd.c estimated size: 265

C:\Program Files (x86)\Microchip\xc8\v1.33\sources\pic\ftdiv.c
		___ftdiv       		CODE           	0963	0000	184

C:\Program Files (x86)\Microchip\xc8\v1.33\sources\pic\ftdiv.c estimated size: 184

D:\uni_2023-2024\cpe3201\embedded-systems\FinalProject\switching-program\first-version\main.c
		_startUpLCD    		CODE           	07EA	0000	21
		_ISR           		CODE           	14A5	0000	32
		_updateState   		CODE           	05D9	0000	387
		_main          		CODE           	169A	0000	78
		_initInterrupt 		CODE           	13E1	0000	7
		_checkMode     		CODE           	14C5	0000	32
		_checkSelect   		CODE           	15F0	0000	52
		_initADC       		CODE           	13F0	0000	9
		_setPortDirecti		CODE           	13F9	0000	15

D:\uni_2023-2024\cpe3201\embedded-systems\FinalProject\switching-program\first-version\main.c estimated size: 633

C:\Program Files (x86)\Microchip\xc8\v1.33\sources\common\isdigit.c
		_isdigit       		CODE           	1408	0000	16

C:\Program Files (x86)\Microchip\xc8\v1.33\sources\common\isdigit.c estimated size: 16

